Archive member included to satisfy reference by file (symbol)

C:/Users/erica/.pico-sdk/toolchain/14_2_Rel1/bin/../lib/gcc/arm-none-eabi/14.2.1/thumb/v6-m/nofp\libgcc.a(_dvmd_tls.o)
                              CMakeFiles/simple_pwm.dir/C_/Users/erica/.pico-sdk/sdk/2.1.1/src/rp2_common/pico_divider/divider_hardware.S.obj (__aeabi_idiv0)
C:/Users/erica/.pico-sdk/toolchain/14_2_Rel1/bin/../lib/gcc/arm-none-eabi/14.2.1/thumb/v6-m/nofp\libg.a(libc_a-calloc.o)
                              CMakeFiles/simple_pwm.dir/C_/Users/erica/.pico-sdk/sdk/2.1.1/src/rp2_common/pico_malloc/malloc.c.obj (calloc)
C:/Users/erica/.pico-sdk/toolchain/14_2_Rel1/bin/../lib/gcc/arm-none-eabi/14.2.1/thumb/v6-m/nofp\libg.a(libc_a-callocr.o)
                              C:/Users/erica/.pico-sdk/toolchain/14_2_Rel1/bin/../lib/gcc/arm-none-eabi/14.2.1/thumb/v6-m/nofp\libg.a(libc_a-calloc.o) (_calloc_r)
C:/Users/erica/.pico-sdk/toolchain/14_2_Rel1/bin/../lib/gcc/arm-none-eabi/14.2.1/thumb/v6-m/nofp\libg.a(libc_a-malloc.o)
                              CMakeFiles/simple_pwm.dir/C_/Users/erica/.pico-sdk/sdk/2.1.1/src/rp2_common/pico_malloc/malloc.c.obj (malloc)
C:/Users/erica/.pico-sdk/toolchain/14_2_Rel1/bin/../lib/gcc/arm-none-eabi/14.2.1/thumb/v6-m/nofp\libg.a(libc_a-mallocr.o)
                              C:/Users/erica/.pico-sdk/toolchain/14_2_Rel1/bin/../lib/gcc/arm-none-eabi/14.2.1/thumb/v6-m/nofp\libg.a(libc_a-callocr.o) (_malloc_r)
C:/Users/erica/.pico-sdk/toolchain/14_2_Rel1/bin/../lib/gcc/arm-none-eabi/14.2.1/thumb/v6-m/nofp\libg.a(libc_a-mlock.o)
                              C:/Users/erica/.pico-sdk/toolchain/14_2_Rel1/bin/../lib/gcc/arm-none-eabi/14.2.1/thumb/v6-m/nofp\libg.a(libc_a-mallocr.o) (__malloc_lock)
C:/Users/erica/.pico-sdk/toolchain/14_2_Rel1/bin/../lib/gcc/arm-none-eabi/14.2.1/thumb/v6-m/nofp\libg.a(libc_a-realloc.o)
                              CMakeFiles/simple_pwm.dir/C_/Users/erica/.pico-sdk/sdk/2.1.1/src/rp2_common/pico_malloc/malloc.c.obj (realloc)
C:/Users/erica/.pico-sdk/toolchain/14_2_Rel1/bin/../lib/gcc/arm-none-eabi/14.2.1/thumb/v6-m/nofp\libg.a(libc_a-reallocr.o)
                              C:/Users/erica/.pico-sdk/toolchain/14_2_Rel1/bin/../lib/gcc/arm-none-eabi/14.2.1/thumb/v6-m/nofp\libg.a(libc_a-realloc.o) (_realloc_r)
C:/Users/erica/.pico-sdk/toolchain/14_2_Rel1/bin/../lib/gcc/arm-none-eabi/14.2.1/thumb/v6-m/nofp\libg.a(libc_a-sscanf.o)
                              CMakeFiles/simple_pwm.dir/simple_pwm.c.obj (sscanf)
C:/Users/erica/.pico-sdk/toolchain/14_2_Rel1/bin/../lib/gcc/arm-none-eabi/14.2.1/thumb/v6-m/nofp\libg.a(libc_a-stdio.o)
                              C:/Users/erica/.pico-sdk/toolchain/14_2_Rel1/bin/../lib/gcc/arm-none-eabi/14.2.1/thumb/v6-m/nofp\libg.a(libc_a-sscanf.o) (__seofread)
C:/Users/erica/.pico-sdk/toolchain/14_2_Rel1/bin/../lib/gcc/arm-none-eabi/14.2.1/thumb/v6-m/nofp\libg.a(libc_a-memcmp.o)
                              CMakeFiles/simple_pwm.dir/C_/Users/erica/.pico-sdk/sdk/2.1.1/src/rp2_common/pico_atomic/atomic.c.obj (memcmp)
C:/Users/erica/.pico-sdk/toolchain/14_2_Rel1/bin/../lib/gcc/arm-none-eabi/14.2.1/thumb/v6-m/nofp\libg.a(libc_a-memmove.o)
                              C:/Users/erica/.pico-sdk/toolchain/14_2_Rel1/bin/../lib/gcc/arm-none-eabi/14.2.1/thumb/v6-m/nofp\libg.a(libc_a-reallocr.o) (memmove)
C:/Users/erica/.pico-sdk/toolchain/14_2_Rel1/bin/../lib/gcc/arm-none-eabi/14.2.1/thumb/v6-m/nofp\libg.a(libc_a-lcltime_r.o)
                              CMakeFiles/simple_pwm.dir/C_/Users/erica/.pico-sdk/sdk/2.1.1/src/common/pico_util/datetime.c.obj (localtime_r)
C:/Users/erica/.pico-sdk/toolchain/14_2_Rel1/bin/../lib/gcc/arm-none-eabi/14.2.1/thumb/v6-m/nofp\libg.a(libc_a-mktime.o)
                              CMakeFiles/simple_pwm.dir/C_/Users/erica/.pico-sdk/sdk/2.1.1/src/common/pico_util/datetime.c.obj (mktime)
C:/Users/erica/.pico-sdk/toolchain/14_2_Rel1/bin/../lib/gcc/arm-none-eabi/14.2.1/thumb/v6-m/nofp\libg.a(libc_a-month_lengths.o)
                              C:/Users/erica/.pico-sdk/toolchain/14_2_Rel1/bin/../lib/gcc/arm-none-eabi/14.2.1/thumb/v6-m/nofp\libg.a(libc_a-lcltime_r.o) (__month_lengths)
C:/Users/erica/.pico-sdk/toolchain/14_2_Rel1/bin/../lib/gcc/arm-none-eabi/14.2.1/thumb/v6-m/nofp\libg.a(libc_a-tzcalc_limits.o)
                              C:/Users/erica/.pico-sdk/toolchain/14_2_Rel1/bin/../lib/gcc/arm-none-eabi/14.2.1/thumb/v6-m/nofp\libg.a(libc_a-lcltime_r.o) (__tzcalc_limits)
C:/Users/erica/.pico-sdk/toolchain/14_2_Rel1/bin/../lib/gcc/arm-none-eabi/14.2.1/thumb/v6-m/nofp\libg.a(libc_a-tzlock.o)
                              C:/Users/erica/.pico-sdk/toolchain/14_2_Rel1/bin/../lib/gcc/arm-none-eabi/14.2.1/thumb/v6-m/nofp\libg.a(libc_a-lcltime_r.o) (__tz_lock)
C:/Users/erica/.pico-sdk/toolchain/14_2_Rel1/bin/../lib/gcc/arm-none-eabi/14.2.1/thumb/v6-m/nofp\libg.a(libc_a-tzset.o)
[...]
Memory Configuration

Name             Origin             Length             Attributes
FLASH            0x10000000         0x00200000         xr
RAM              0x20000000         0x00040000         xrw
SCRATCH_X        0x20040000         0x00001000         xrw
SCRATCH_Y        0x20041000         0x00001000         xrw
*default*        0x00000000         0xffffffff

Linker script and memory map

LOAD C:/Users/erica/.pico-sdk/toolchain/14_2_Rel1/bin/../lib/gcc/arm-none-eabi/14.2.1/thumb/v6-m/nofp/crti.o
LOAD C:/Users/erica/.pico-sdk/toolchain/14_2_Rel1/bin/../lib/gcc/arm-none-eabi/14.2.1/thumb/v6-m/nofp/crtbegin.o
LOAD C:/Users/erica/.pico-sdk/toolchain/14_2_Rel1/bin/../lib/gcc/arm-none-eabi/14.2.1/thumb/v6-m/nofp/crt0.o

.flash_begin    0x10000000        0x0
                0x10000000                        __flash_binary_start = .

.boot2          0x10000000      0x100
                0x10000000                        __boot2_start__ = .
 *(.boot2)
 .boot2         0x10000000      0x100 pico-sdk/src/rp2040/boot_stage2/CMakeFiles/bs2_default_library.dir/./bs2_default_padded_checksummed.S.obj
                0x10000100                        __boot2_end__ = .
                0x00000001                        ASSERT (((__boot2_end__ - __boot2_start__) == 0x100), ERROR: Pico second stage bootloader must be 256 bytes in size)

.text           0x10000100     0xd690
                0x10000100                        __logical_binary_start = .
 *(.vectors)
 .vectors       0x10000100       0xd4 CMakeFiles/simple_pwm.dir/C_/Users/erica/.pico-sdk/sdk/2.1.1/src/rp2_common/pico_crt0/crt0.S.obj
                0x10000100                __VECTOR_TABLE
                0x10000100                __vectors
                0x100001c0                isr_invalid
                0x100001c0                __default_isrs_start
                0x100001c2                isr_nmi
                0x100001c4                isr_hardfault
                0x100001c6                isr_svcall
                0x100001c8                isr_pendsv
                0x100001ca                isr_systick
                0x100001cc                isr_irq23
                0x100001cc                isr_irq18
                0x100001cc                isr_irq11
                0x100001cc                isr_irq28
                0x100001cc                isr_irq19
                0x100001cc                isr_irq0
                0x100001cc                isr_irq6
                0x100001cc                isr_irq5
                0x100001cc                isr_irq12
                0x100001cc                isr_irq22
                0x100001cc                isr_irq31
                0x100001cc                isr_irq17
                0x100001cc                isr_irq27
                0x100001cc                isr_irq30
                0x100001cc                isr_irq2
                0x100001cc                isr_irq10
                0x100001cc                isr_irq8
                0x100001cc                isr_irq24
                0x100001cc                isr_irq1
                0x100001cc                isr_irq7
                0x100001cc                isr_irq21
                0x100001cc                isr_irq20
                0x100001cc                isr_irq15
                0x100001cc                isr_irq25
                0x100001cc                isr_irq13
                0x100001cc                __unhandled_user_irq
                0x100001cc                isr_irq4
                0x100001cc                isr_irq16
                0x100001cc                isr_irq29
                0x100001cc                isr_irq26
                0x100001cc                __default_isrs_end
                0x100001cc                isr_irq3
                0x100001cc                isr_irq14
                0x100001cc                isr_irq9
                0x100001d2                unhandled_user_irq_num_in_r0
 *(.binary_info_header)
 .binary_info_header
                0x100001d4       0x14 CMakeFiles/simple_pwm.dir/C_/Users/erica/.pico-sdk/sdk/2.1.1/src/rp2_common/pico_crt0/crt0.S.obj
                0x100001e8                        __binary_info_header_end = .
 *(.embedded_block)
                0x100001e8                        __embedded_block_end = .
 *(.reset)
 .reset         0x100001e8       0x9c CMakeFiles/simple_pwm.dir/C_/Users/erica/.pico-sdk/sdk/2.1.1/src/rp2_common/pico_crt0/crt0.S.obj
                0x100001e8                _entry_point
 *(.init)
 .init          0x10000284        0x4 C:/Users/erica/.pico-sdk/toolchain/14_2_Rel1/bin/../lib/gcc/arm-none-eabi/14.2.1/thumb/v6-m/nofp/crti.o
                0x10000284                _init
 *(EXCLUDE_FILE(*libm.a: *libc.a:*lib_a-mem*.o *libgcc.a:) .text*)
 .text.register_tm_clones
                0x10000288       0x28 C:/Users/erica/.pico-sdk/toolchain/14_2_Rel1/bin/../lib/gcc/arm-none-eabi/14.2.1/thumb/v6-m/nofp/crtbegin.o
 .text.frame_dummy
                0x100002b0       0x24 C:/Users/erica/.pico-sdk/toolchain/14_2_Rel1/bin/../lib/gcc/arm-none-eabi/14.2.1/thumb/v6-m/nofp/crtbegin.o
 .text.on_pwm_wrap
                0x100002d4       0x7c CMakeFiles/simple_pwm.dir/simple_pwm.c.obj
                0x100002d4                on_pwm_wrap
 .text.core1_entry
                0x10000350       0xb8 CMakeFiles/simple_pwm.dir/simple_pwm.c.obj
                0x10000350                core1_entry
 .text.initialize
                0x10000408      0x1bc CMakeFiles/simple_pwm.dir/simple_pwm.c.obj
                0x10000408                initialize
 .text.writePercentSteer
                0x100005c4      0x120 CMakeFiles/simple_pwm.dir/simple_pwm.c.obj
                0x100005c4                writePercentSteer
 .text.writePercentBrake
                0x100006e4       0xdc CMakeFiles/simple_pwm.dir/simple_pwm.c.obj
                0x100006e4                writePercentBrake
 .text.read     0x100007c0       0x98 CMakeFiles/simple_pwm.dir/simple_pwm.c.obj
                0x100007c0                read
 .text.startup.main
                0x10000858      0x2cc CMakeFiles/simple_pwm.dir/simple_pwm.c.obj
                0x10000858                main
 .text.gpio_set_function
                0x10000b24       0x34 CMakeFiles/simple_pwm.dir/C_/Users/erica/.pico-sdk/sdk/2.1.1/src/rp2_common/hardware_gpio/gpio.c.obj
                0x10000b24                gpio_set_function
 .text.gpio_set_pulls
                0x10000b58       0x28 CMakeFiles/simple_pwm.dir/C_/Users/erica/.pico-sdk/sdk/2.1.1/src/rp2_common/hardware_gpio/gpio.c.obj
                0x10000b58                gpio_set_pulls
 .text.gpio_set_input_enabled
                0x10000b80       0x28 CMakeFiles/simple_pwm.dir/C_/Users/erica/.pico-sdk/sdk/2.1.1/src/rp2_common/hardware_gpio/gpio.c.obj
                0x10000b80                gpio_set_input_enabled
 .text.gpio_init
                0x10000ba8       0x40 CMakeFiles/simple_pwm.dir/C_/Users/erica/.pico-sdk/sdk/2.1.1/src/rp2_common/hardware_gpio/gpio.c.obj
                0x10000ba8                gpio_init
 .text.rp2040_chip_version
                0x10000be8        0xc CMakeFiles/simple_pwm.dir/C_/Users/erica/.pico-sdk/sdk/2.1.1/src/rp2040/pico_platform/platform.c.obj
                0x10000be8                rp2040_chip_version
 .text.panic    0x10000bf4       0x30 CMakeFiles/simple_pwm.dir/C_/Users/erica/.pico-sdk/sdk/2.1.1/src/rp2_common/pico_platform_panic/panic.c.obj
                0x10000bf4                panic
 .text.hw_claim_or_assert
                0x10000c24       0x44 CMakeFiles/simple_pwm.dir/C_/Users/erica/.pico-sdk/sdk/2.1.1/src/common/hardware_claim/claim.c.obj
                0x10000c24                hw_claim_or_assert
 .text.hw_claim_unused_from_range
                0x10000c68       0x88 CMakeFiles/simple_pwm.dir/C_/Users/erica/.pico-sdk/sdk/2.1.1/src/common/hardware_claim/claim.c.obj
                0x10000c68                hw_claim_unused_from_range
 .text.next_striped_spin_lock_num
                0x10000cf0       0x18 CMakeFiles/simple_pwm.dir/C_/Users/erica/.pico-sdk/sdk/2.1.1/src/rp2_common/hardware_sync/sync.c.obj
                0x10000cf0                next_striped_spin_lock_num
 .text.spin_lock_claim_unused
                0x10000d08       0x24 CMakeFiles/simple_pwm.dir/C_/Users/erica/.pico-sdk/sdk/2.1.1/src/rp2_common/hardware_sync/sync.c.obj
                0x10000d08                spin_lock_claim_unused
 .text.spin_locks_reset
                0x10000d2c       0x1c CMakeFiles/simple_pwm.dir/C_/Users/erica/.pico-sdk/sdk/2.1.1/src/rp2_common/hardware_sync_spin_lock/sync_spin_lock.c.obj
                0x10000d2c                spin_locks_reset
 .text.runtime_init_per_core_irq_priorities
                0x10000d48       0x24 CMakeFiles/simple_pwm.dir/C_/Users/erica/.pico-sdk/sdk/2.1.1/src/rp2_common/hardware_irq/irq.c.obj
                0x10000d48                runtime_init_per_core_irq_priorities
 .text.irq_set_enabled
                0x10000d6c       0x24 CMakeFiles/simple_pwm.dir/C_/Users/erica/.pico-sdk/sdk/2.1.1/src/rp2_common/hardware_irq/irq.c.obj
                0x10000d6c                irq_set_enabled
 .text.irq_is_enabled
                0x10000d90       0x18 CMakeFiles/simple_pwm.dir/C_/Users/erica/.pico-sdk/sdk/2.1.1/src/rp2_common/hardware_irq/irq.c.obj
                0x10000d90                irq_is_enabled
 .text.irq_set_pending
                0x10000da8       0x10 CMakeFiles/simple_pwm.dir/C_/Users/erica/.pico-sdk/sdk/2.1.1/src/rp2_common/hardware_irq/irq.c.obj
                0x10000da8                irq_set_pending
 .text.irq_has_shared_handler
                0x10000db8       0x24 CMakeFiles/simple_pwm.dir/C_/Users/erica/.pico-sdk/sdk/2.1.1/src/rp2_common/hardware_irq/irq.c.obj
                0x10000db8                irq_has_shared_handler
 .text.irq_set_exclusive_handler
                0x10000ddc       0x54 CMakeFiles/simple_pwm.dir/C_/Users/erica/.pico-sdk/sdk/2.1.1/src/rp2_common/hardware_irq/irq.c.obj
                0x10000ddc                irq_set_exclusive_handler
 .text.irq_add_shared_handler
                0x10000e30      0x1f4 CMakeFiles/simple_pwm.dir/C_/Users/erica/.pico-sdk/sdk/2.1.1/src/rp2_common/hardware_irq/irq.c.obj
                0x10000e30                irq_add_shared_handler
 .text.irq_remove_handler
                0x10001024      0x1d4 CMakeFiles/simple_pwm.dir/C_/Users/erica/.pico-sdk/sdk/2.1.1/src/rp2_common/hardware_irq/irq.c.obj
                0x10001024                irq_remove_handler
 .text.irq_add_tail_to_free_list
                0x100011f8       0xb4 CMakeFiles/simple_pwm.dir/C_/Users/erica/.pico-sdk/sdk/2.1.1/src/rp2_common/hardware_irq/irq.c.obj
                0x100011f8                irq_add_tail_to_free_list
 .text.user_irq_claim_unused
                0x100012ac       0x2c CMakeFiles/simple_pwm.dir/C_/Users/erica/.pico-sdk/sdk/2.1.1/src/rp2_common/hardware_irq/irq.c.obj
                0x100012ac                user_irq_claim_unused
 .text.lock_init
                0x100012d8       0x10 CMakeFiles/simple_pwm.dir/C_/Users/erica/.pico-sdk/sdk/2.1.1/src/common/pico_sync/lock_core.c.obj
                0x100012d8                lock_init
 .text.runtime_init_mutex
                0x100012e8       0x50 CMakeFiles/simple_pwm.dir/C_/Users/erica/.pico-sdk/sdk/2.1.1/src/common/pico_sync/mutex.c.obj
                0x100012e8                runtime_init_mutex
 .text.mutex_init
                0x10001338       0x1c CMakeFiles/simple_pwm.dir/C_/Users/erica/.pico-sdk/sdk/2.1.1/src/common/pico_sync/mutex.c.obj
                0x10001338                mutex_init
 .text.critical_section_init
                0x10001354       0x1c CMakeFiles/simple_pwm.dir/C_/Users/erica/.pico-sdk/sdk/2.1.1/src/common/pico_sync/critical_section.c.obj
                0x10001354                critical_section_init
 .text.critical_section_init_with_lock_num
                0x10001370       0x14 CMakeFiles/simple_pwm.dir/C_/Users/erica/.pico-sdk/sdk/2.1.1/src/common/pico_sync/critical_section.c.obj
                0x10001370                critical_section_init_with_lock_num
 .text.sleep_until_callback
                0x10001384       0x30 CMakeFiles/simple_pwm.dir/C_/Users/erica/.pico-sdk/sdk/2.1.1/src/common/pico_time/time.c.obj
 .text.alarm_pool_irq_handler
                0x100013b4      0x300 CMakeFiles/simple_pwm.dir/C_/Users/erica/.pico-sdk/sdk/2.1.1/src/common/pico_time/time.c.obj
 .text.runtime_init_default_alarm_pool
                0x100016b4       0xdc CMakeFiles/simple_pwm.dir/C_/Users/erica/.pico-sdk/sdk/2.1.1/src/common/pico_time/time.c.obj
                0x100016b4                runtime_init_default_alarm_pool
 .text.alarm_pool_get_default
                0x10001790        0x8 CMakeFiles/simple_pwm.dir/C_/Users/erica/.pico-sdk/sdk/2.1.1/src/common/pico_time/time.c.obj
                0x10001790                alarm_pool_get_default
 .text.alarm_pool_add_alarm_at
                0x10001798       0xd0 CMakeFiles/simple_pwm.dir/C_/Users/erica/.pico-sdk/sdk/2.1.1/src/common/pico_time/time.c.obj
                0x10001798                alarm_pool_add_alarm_at
 .text.alarm_pool_add_alarm_at_force_in_context
                0x10001868       0xb0 CMakeFiles/simple_pwm.dir/C_/Users/erica/.pico-sdk/sdk/2.1.1/src/common/pico_time/time.c.obj
                0x10001868                alarm_pool_add_alarm_at_force_in_context
 .text.alarm_pool_cancel_alarm
                0x10001918       0x74 CMakeFiles/simple_pwm.dir/C_/Users/erica/.pico-sdk/sdk/2.1.1/src/common/pico_time/time.c.obj
                0x10001918                alarm_pool_cancel_alarm
 .text.alarm_pool_core_num
                0x1000198c        0x4 CMakeFiles/simple_pwm.dir/C_/Users/erica/.pico-sdk/sdk/2.1.1/src/common/pico_time/time.c.obj
                0x1000198c                alarm_pool_core_num
 .text.best_effort_wfe_or_timeout
                0x10001990      0x10c CMakeFiles/simple_pwm.dir/C_/Users/erica/.pico-sdk/sdk/2.1.1/src/common/pico_time/time.c.obj
                0x10001990                best_effort_wfe_or_timeout
 .text.timer_hardware_alarm_claim
                0x10001a9c       0x14 CMakeFiles/simple_pwm.dir/C_/Users/erica/.pico-sdk/sdk/2.1.1/src/rp2_common/hardware_timer/timer.c.obj
                0x10001a9c                timer_hardware_alarm_claim
 .text.timer_time_us_64
                0x10001ab0       0x10 CMakeFiles/simple_pwm.dir/C_/Users/erica/.pico-sdk/sdk/2.1.1/src/rp2_common/hardware_timer/timer.c.obj
                0x10001ab0                timer_time_us_64
 .text.time_us_64
                0x10001ac0       0x14 CMakeFiles/simple_pwm.dir/C_/Users/erica/.pico-sdk/sdk/2.1.1/src/rp2_common/hardware_timer/timer.c.obj
                0x10001ac0                time_us_64
 .text.busy_wait_us
                0x10001ad4       0x68 CMakeFiles/simple_pwm.dir/C_/Users/erica/.pico-sdk/sdk/2.1.1/src/rp2_common/hardware_timer/timer.c.obj
                0x10001ad4                busy_wait_us
 .text.uart_init
                0x10001b3c      0x120 CMakeFiles/simple_pwm.dir/C_/Users/erica/.pico-sdk/sdk/2.1.1/src/rp2_common/hardware_uart/uart.c.obj
                0x10001b3c                uart_init
 .text.clock_configure_int_divider
                0x10001c5c       0xf4 CMakeFiles/simple_pwm.dir/C_/Users/erica/.pico-sdk/sdk/2.1.1/src/rp2_common/hardware_clocks/clocks.c.obj
                0x10001c5c                clock_configure_int_divider
 .text.clock_configure_undivided
                0x10001d50       0xe8 CMakeFiles/simple_pwm.dir/C_/Users/erica/.pico-sdk/sdk/2.1.1/src/rp2_common/hardware_clocks/clocks.c.obj
                0x10001d50                clock_configure_undivided
 .text.clock_get_hz
                0x10001e38        0xc CMakeFiles/simple_pwm.dir/C_/Users/erica/.pico-sdk/sdk/2.1.1/src/rp2_common/hardware_clocks/clocks.c.obj
                0x10001e38                clock_get_hz
 .text.pll_init
                0x10001e44       0xa4 CMakeFiles/simple_pwm.dir/C_/Users/erica/.pico-sdk/sdk/2.1.1/src/rp2_common/hardware_pll/pll.c.obj
                0x10001e44                pll_init
 .text.watchdog_reboot
                0x10001ee8       0x9c CMakeFiles/simple_pwm.dir/C_/Users/erica/.pico-sdk/sdk/2.1.1/src/rp2_common/hardware_watchdog/watchdog.c.obj
                0x10001ee8                watchdog_reboot
 .text.tick_start
                0x10001f84       0x10 CMakeFiles/simple_pwm.dir/C_/Users/erica/.pico-sdk/sdk/2.1.1/src/rp2_common/hardware_ticks/ticks.c.obj
                0x10001f84                tick_start
 .text.rom_func_lookup
                0x10001f94       0x10 CMakeFiles/simple_pwm.dir/C_/Users/erica/.pico-sdk/sdk/2.1.1/src/rp2_common/pico_bootrom/bootrom.c.obj
                0x10001f94                rom_func_lookup
 .text.rom_data_lookup
                0x10001fa4       0x10 CMakeFiles/simple_pwm.dir/C_/Users/erica/.pico-sdk/sdk/2.1.1/src/rp2_common/pico_bootrom/bootrom.c.obj
                0x10001fa4                rom_data_lookup
 .text.rom_funcs_lookup
                0x10001fb4       0x44 CMakeFiles/simple_pwm.dir/C_/Users/erica/.pico-sdk/sdk/2.1.1/src/rp2_common/pico_bootrom/bootrom.c.obj
                0x10001fb4                rom_funcs_lookup
 .text.rom_reset_usb_boot_extra
                0x10001ff8       0x24 CMakeFiles/simple_pwm.dir/C_/Users/erica/.pico-sdk/sdk/2.1.1/src/rp2_common/pico_bootrom/bootrom.c.obj
                0x10001ff8                rom_reset_usb_boot_extra
 .text.xosc_init
                0x1000201c       0x28 CMakeFiles/simple_pwm.dir/C_/Users/erica/.pico-sdk/sdk/2.1.1/src/rp2_common/hardware_xosc/xosc.c.obj
                0x1000201c                xosc_init
 .text.first_per_core_initializer
                0x10002044        0x4 CMakeFiles/simple_pwm.dir/C_/Users/erica/.pico-sdk/sdk/2.1.1/src/rp2_common/pico_runtime/runtime.c.obj
 .text.hard_assertion_failure
                0x10002048        0xc CMakeFiles/simple_pwm.dir/C_/Users/erica/.pico-sdk/sdk/2.1.1/src/rp2_common/pico_runtime/runtime.c.obj
                0x10002048                hard_assertion_failure
 .text.runtime_run_initializers
                0x10002054       0x28 CMakeFiles/simple_pwm.dir/C_/Users/erica/.pico-sdk/sdk/2.1.1/src/rp2_common/pico_runtime/runtime.c.obj
                0x10002054                runtime_run_initializers
 .text.runtime_run_per_core_initializers
                0x1000207c       0x28 CMakeFiles/simple_pwm.dir/C_/Users/erica/.pico-sdk/sdk/2.1.1/src/rp2_common/pico_runtime/runtime.c.obj
                0x1000207c                runtime_run_per_core_initializers
 .text.runtime_init_early_resets
                0x100020a4       0x2c CMakeFiles/simple_pwm.dir/C_/Users/erica/.pico-sdk/sdk/2.1.1/src/rp2_common/pico_runtime_init/runtime_init.c.obj
                0x100020a4                runtime_init_early_resets
 .text.runtime_init_usb_power_down
                0x100020d0       0x1c CMakeFiles/simple_pwm.dir/C_/Users/erica/.pico-sdk/sdk/2.1.1/src/rp2_common/pico_runtime_init/runtime_init.c.obj
                0x100020d0                runtime_init_usb_power_down
 .text.runtime_init_post_clock_resets
                0x100020ec       0x20 CMakeFiles/simple_pwm.dir/C_/Users/erica/.pico-sdk/sdk/2.1.1/src/rp2_common/pico_runtime_init/runtime_init.c.obj
                0x100020ec                runtime_init_post_clock_resets
 .text.runtime_init_rp2040_gpio_ie_disable
                0x1000210c       0x14 CMakeFiles/simple_pwm.dir/C_/Users/erica/.pico-sdk/sdk/2.1.1/src/rp2_common/pico_runtime_init/runtime_init.c.obj
                0x1000210c                runtime_init_rp2040_gpio_ie_disable
 .text.runtime_init_spin_locks_reset
                0x10002120        0x8 CMakeFiles/simple_pwm.dir/C_/Users/erica/.pico-sdk/sdk/2.1.1/src/rp2_common/pico_runtime_init/runtime_init.c.obj
                0x10002120                runtime_init_spin_locks_reset
 .text.runtime_init_install_ram_vector_table
                0x10002128       0x1c CMakeFiles/simple_pwm.dir/C_/Users/erica/.pico-sdk/sdk/2.1.1/src/rp2_common/pico_runtime_init/runtime_init.c.obj
                0x10002128                runtime_init_install_ram_vector_table
 .text.runtime_init_clocks
                0x10002144       0xd8 CMakeFiles/simple_pwm.dir/C_/Users/erica/.pico-sdk/sdk/2.1.1/src/rp2_common/pico_runtime_init/runtime_init_clocks.c.obj
                0x10002144                runtime_init_clocks
 .text          0x1000221c       0x10 CMakeFiles/simple_pwm.dir/C_/Users/erica/.pico-sdk/sdk/2.1.1/src/rp2_common/pico_bit_ops/bit_ops_aeabi.S.obj
 .text.__wrap___aeabi_idiv
                0x1000222c       0x50 CMakeFiles/simple_pwm.dir/C_/Users/erica/.pico-sdk/sdk/2.1.1/src/rp2_common/pico_divider/divider_hardware.S.obj
                0x1000222c                __wrap___aeabi_idivmod
                0x1000222c                divmod_s32s32
                0x1000222c                div_s32s32
                0x1000222c                __wrap___aeabi_idiv
                0x10002234                divmod_s32s32_unsafe
                0x10002260                divmod_s32s32_savestate
 .text.__wrap___aeabi_uidiv
                0x1000227c       0x4c CMakeFiles/simple_pwm.dir/C_/Users/erica/.pico-sdk/sdk/2.1.1/src/rp2_common/pico_divider/divider_hardware.S.obj
                0x1000227c                __wrap___aeabi_uidiv
                0x1000227c                __wrap___aeabi_uidivmod
                0x1000227c                div_u32u32
                0x1000227c                divmod_u32u32
                0x10002284                divmod_u32u32_unsafe
                0x100022ac                divmod_u32u32_savestate
 .text.__wrap___aeabi_ldiv
                0x100022c8      0x424 CMakeFiles/simple_pwm.dir/C_/Users/erica/.pico-sdk/sdk/2.1.1/src/rp2_common/pico_divider/divider_hardware.S.obj
                0x100022c8                div_s64s64
                0x100022c8                divmod_s64s64
                0x100022c8                __wrap___aeabi_ldivmod
                0x100022f8                divmod_u64u64
                0x100022f8                div_u64u64
                0x100022f8                __wrap___aeabi_uldivmod
                0x10002308                divmod_u64u64_savestate
                0x10002328                divmod_s64s64_unsafe
                0x100023b0                divmod_u64u64_unsafe
 .text.__wrap___aeabi_darithmetic
                0x100026ec       0x80 CMakeFiles/simple_pwm.dir/C_/Users/erica/.pico-sdk/sdk/2.1.1/src/rp2_common/pico_double/double_aeabi_rp2040.S.obj
                0x100026ec                __wrap___aeabi_drsub
                0x100026f2                __wrap___aeabi_dsub
                0x10002704                __wrap___aeabi_dadd
                0x10002716                __wrap___aeabi_ddiv
                0x10002752                __wrap___aeabi_dmul
 .text.__wrap___aeabi_cdcmple
                0x1000276c       0x6c CMakeFiles/simple_pwm.dir/C_/Users/erica/.pico-sdk/sdk/2.1.1/src/rp2_common/pico_double/double_aeabi_rp2040.S.obj
                0x1000276c                __wrap___aeabi_cdrcmple
                0x1000277c                __wrap___aeabi_cdcmpeq
                0x1000277c                __wrap___aeabi_cdcmple
 .text.__wrap___aeabi_dcmpeq
                0x100027d8       0x10 CMakeFiles/simple_pwm.dir/C_/Users/erica/.pico-sdk/sdk/2.1.1/src/rp2_common/pico_double/double_aeabi_rp2040.S.obj
                0x100027d8                __wrap___aeabi_dcmpeq
 .text.__wrap___aeabi_dcmplt
                0x100027e8        0xc CMakeFiles/simple_pwm.dir/C_/Users/erica/.pico-sdk/sdk/2.1.1/src/rp2_common/pico_double/double_aeabi_rp2040.S.obj
                0x100027e8                __wrap___aeabi_dcmplt
 .text.__wrap___aeabi_dcmple
                0x100027f4       0x10 CMakeFiles/simple_pwm.dir/C_/Users/erica/.pico-sdk/sdk/2.1.1/src/rp2_common/pico_double/double_aeabi_rp2040.S.obj
                0x100027f4                __wrap___aeabi_dcmple
 .text.__wrap___aeabi_dcmpge
                0x10002804       0x10 CMakeFiles/simple_pwm.dir/C_/Users/erica/.pico-sdk/sdk/2.1.1/src/rp2_common/pico_double/double_aeabi_rp2040.S.obj
                0x10002804                __wrap___aeabi_dcmpge
 .text.__wrap___aeabi_dcmpgt
                0x10002814        0xa CMakeFiles/simple_pwm.dir/C_/Users/erica/.pico-sdk/sdk/2.1.1/src/rp2_common/pico_double/double_aeabi_rp2040.S.obj
                0x10002814                __wrap___aeabi_dcmpgt
 .text.__wrap___aeabi_dcmpun
                0x1000281e       0x18 CMakeFiles/simple_pwm.dir/C_/Users/erica/.pico-sdk/sdk/2.1.1/src/rp2_common/pico_double/double_aeabi_rp2040.S.obj
                0x1000281e                __wrap___aeabi_dcmpun
 *fill*         0x10002836        0x2 
 .text.__wrap___aeabi_i2d
                0x10002838       0x38 CMakeFiles/simple_pwm.dir/C_/Users/erica/.pico-sdk/sdk/2.1.1/src/rp2_common/pico_double/double_aeabi_rp2040.S.obj
                0x10002838                uint2double
                0x10002838                __wrap___aeabi_ui2d
                0x10002840                int2double
                0x10002840                __wrap___aeabi_i2d
 .text.__wrap___aeabi_d2iz
                0x10002870       0x48 CMakeFiles/simple_pwm.dir/C_/Users/erica/.pico-sdk/sdk/2.1.1/src/rp2_common/pico_double/double_aeabi_rp2040.S.obj
                0x10002870                double2int_z
                0x10002870                __wrap___aeabi_d2iz
 .text.__wrap___aeabi_d2uiz
                0x100028b8       0x18 CMakeFiles/simple_pwm.dir/C_/Users/erica/.pico-sdk/sdk/2.1.1/src/rp2_common/pico_double/double_aeabi_rp2040.S.obj
                0x100028b8                double2uint
                0x100028b8                __wrap___aeabi_d2uiz
                0x100028b8                double2uint_z
 .text.__wrap___aeabi_l2d
                0x100028d0       0x18 CMakeFiles/simple_pwm.dir/C_/Users/erica/.pico-sdk/sdk/2.1.1/src/rp2_common/pico_double/double_aeabi_rp2040.S.obj
                0x100028d0                int642double
                0x100028d0                __wrap___aeabi_l2d
 .text.__wrap___aeabi_d2lz
                0x100028e8       0x26 CMakeFiles/simple_pwm.dir/C_/Users/erica/.pico-sdk/sdk/2.1.1/src/rp2_common/pico_double/double_aeabi_rp2040.S.obj
                0x100028e8                double2int64_z
                0x100028e8                __wrap___aeabi_d2lz
 *fill*         0x1000290e        0x2 
 .text.double2int64
                0x10002910       0x18 CMakeFiles/simple_pwm.dir/C_/Users/erica/.pico-sdk/sdk/2.1.1/src/rp2_common/pico_double/double_aeabi_rp2040.S.obj
                0x10002910                double2int64
 .text.double2ufix64
                0x10002928       0x18 CMakeFiles/simple_pwm.dir/C_/Users/erica/.pico-sdk/sdk/2.1.1/src/rp2_common/pico_double/double_aeabi_rp2040.S.obj
                0x10002928                double2ufix64_z
                0x10002928                double2ufix64
 .text.__wrap___aeabi_d2f
                0x10002940       0x18 CMakeFiles/simple_pwm.dir/C_/Users/erica/.pico-sdk/sdk/2.1.1/src/rp2_common/pico_double/double_aeabi_rp2040.S.obj
                0x10002940                __wrap___aeabi_d2f
 .text.__aeabi_double_init
                0x10002958       0xa4 CMakeFiles/simple_pwm.dir/C_/Users/erica/.pico-sdk/sdk/2.1.1/src/rp2_common/pico_double/double_init_rom_rp2040.c.obj
                0x10002958                __aeabi_double_init
 .text.double_table_shim_on_use_helper
                0x100029fc       0x2c CMakeFiles/simple_pwm.dir/C_/Users/erica/.pico-sdk/sdk/2.1.1/src/rp2_common/pico_double/double_v1_rom_shim_rp2040.S.obj
                0x100029fc                double_table_shim_on_use_helper
 .text.__wrap___aeabi_dsub
                0x10002a28       0x10 CMakeFiles/simple_pwm.dir/C_/Users/erica/.pico-sdk/sdk/2.1.1/src/rp2_common/pico_double/double_v1_rom_shim_rp2040.S.obj
                0x10002a28                drsub_shim
                0x10002a2e                dsub_shim
 .text.dadd_shim
                0x10002a38      0x15c CMakeFiles/simple_pwm.dir/C_/Users/erica/.pico-sdk/sdk/2.1.1/src/rp2_common/pico_double/double_v1_rom_shim_rp2040.S.obj
                0x10002a38                dadd_shim
 .text.dmul_shim
                0x10002b94      0x15c CMakeFiles/simple_pwm.dir/C_/Users/erica/.pico-sdk/sdk/2.1.1/src/rp2_common/pico_double/double_v1_rom_shim_rp2040.S.obj
                0x10002b94                dmul_shim
 .text.ddiv_shim
                0x10002cf0      0x1b0 CMakeFiles/simple_pwm.dir/C_/Users/erica/.pico-sdk/sdk/2.1.1/src/rp2_common/pico_double/double_v1_rom_shim_rp2040.S.obj
                0x10002cf0                ddiv_shim
 .text.double2uint_shim
                0x10002ea0        0xe CMakeFiles/simple_pwm.dir/C_/Users/erica/.pico-sdk/sdk/2.1.1/src/rp2_common/pico_double/double_v1_rom_shim_rp2040.S.obj
                0x10002ea0                double2uint_shim
                0x10002ea2                double2ufix_shim
 .text.double2int64_shim
                0x10002eae       0x1a CMakeFiles/simple_pwm.dir/C_/Users/erica/.pico-sdk/sdk/2.1.1/src/rp2_common/pico_double/double_v1_rom_shim_rp2040.S.obj
                0x10002eae                double2int64_shim
                0x10002eb0                double2fix64_shim
 .text.double2uint64_shim
                0x10002ec8       0x70 CMakeFiles/simple_pwm.dir/C_/Users/erica/.pico-sdk/sdk/2.1.1/src/rp2_common/pico_double/double_v1_rom_shim_rp2040.S.obj
                0x10002ec8                double2uint64_shim
                0x10002eca                double2ufix64_shim
                0x10002eea                d2fix_a
 .text.double2float_shim
                0x10002f38       0x5c CMakeFiles/simple_pwm.dir/C_/Users/erica/.pico-sdk/sdk/2.1.1/src/rp2_common/pico_double/double_v1_rom_shim_rp2040.S.obj
                0x10002f38                double2float_shim
 .text.x2double_shims
                0x10002f94       0x90 CMakeFiles/simple_pwm.dir/C_/Users/erica/.pico-sdk/sdk/2.1.1/src/rp2_common/pico_double/double_v1_rom_shim_rp2040.S.obj
                0x10002f94                uint2double_shim
                0x10002f96                ufix2double_shim
                0x10002f9c                int2double_shim
                0x10002f9e                fix2double_shim
                0x10002fa4                uint642double_shim
                0x10002fa6                ufix642double_shim
                0x10002fac                int642double_shim
                0x10002fae                fix642double_shim
 .text.dunpacks
                0x10003024       0x3c CMakeFiles/simple_pwm.dir/C_/Users/erica/.pico-sdk/sdk/2.1.1/src/rp2_common/pico_double/double_v1_rom_shim_rp2040.S.obj
                0x10003024                dunpacks
 .text.__aeabi_lmul
                0x10003060       0x32 CMakeFiles/simple_pwm.dir/C_/Users/erica/.pico-sdk/sdk/2.1.1/src/rp2_common/pico_int64_ops/pico_int64_ops_aeabi.S.obj
                0x10003060                __wrap___aeabi_lmul
 *fill*         0x10003092        0x2 
 .text.__wrap___aeabi_farithmetic
                0x10003094       0x48 CMakeFiles/simple_pwm.dir/C_/Users/erica/.pico-sdk/sdk/2.1.1/src/rp2_common/pico_float/float_aeabi_rp2040.S.obj
                0x10003094                __wrap___aeabi_frsub
                0x1000309a                __wrap___aeabi_fsub
                0x100030a0                __wrap___aeabi_fadd
                0x100030a6                __wrap___aeabi_fdiv
                0x100030ce                __wrap___aeabi_fmul
 .text.__wrap___aeabi_cfcmple
                0x100030dc       0x50 CMakeFiles/simple_pwm.dir/C_/Users/erica/.pico-sdk/sdk/2.1.1/src/rp2_common/pico_float/float_aeabi_rp2040.S.obj
                0x100030dc                __wrap___aeabi_cfrcmple
                0x100030e8                __wrap___aeabi_cfcmple
                0x100030e8                __wrap___aeabi_cfcmpeq
 .text.__wrap___aeabi_fcmpeq
                0x1000312c       0x10 CMakeFiles/simple_pwm.dir/C_/Users/erica/.pico-sdk/sdk/2.1.1/src/rp2_common/pico_float/float_aeabi_rp2040.S.obj
                0x1000312c                __wrap___aeabi_fcmpeq
 .text.__wrap___aeabi_fcmplt
                0x1000313c        0xc CMakeFiles/simple_pwm.dir/C_/Users/erica/.pico-sdk/sdk/2.1.1/src/rp2_common/pico_float/float_aeabi_rp2040.S.obj
                0x1000313c                __wrap___aeabi_fcmplt
 .text.__wrap___aeabi_fcmpgt
                0x10003148        0xa CMakeFiles/simple_pwm.dir/C_/Users/erica/.pico-sdk/sdk/2.1.1/src/rp2_common/pico_float/float_aeabi_rp2040.S.obj
                0x10003148                __wrap___aeabi_fcmpgt
 .text.__wrap___aeabi_ui2f
                0x10003152        0xa CMakeFiles/simple_pwm.dir/C_/Users/erica/.pico-sdk/sdk/2.1.1/src/rp2_common/pico_float/float_aeabi_rp2040.S.obj
                0x10003152                __wrap___aeabi_ui2f
                0x10003152                uint2float
 .text.__wrap___aeabi_i2f
                0x1000315c       0x44 CMakeFiles/simple_pwm.dir/C_/Users/erica/.pico-sdk/sdk/2.1.1/src/rp2_common/pico_float/float_aeabi_rp2040.S.obj
                0x1000315c                __wrap___aeabi_i2f
                0x1000315c                int2float
 .text.__wrap___aeabi_f2iz
                0x100031a0       0x4e CMakeFiles/simple_pwm.dir/C_/Users/erica/.pico-sdk/sdk/2.1.1/src/rp2_common/pico_float/float_aeabi_rp2040.S.obj
                0x100031a0                float2int_z
                0x100031a0                __wrap___aeabi_f2iz
 *fill*         0x100031ee        0x2 
 .text.float2int
                0x100031f0       0x14 CMakeFiles/simple_pwm.dir/C_/Users/erica/.pico-sdk/sdk/2.1.1/src/rp2_common/pico_float/float_aeabi_rp2040.S.obj
                0x100031f0                float2int
 .text.__wrap___aeabi_f2uiz
                0x10003204        0xc CMakeFiles/simple_pwm.dir/C_/Users/erica/.pico-sdk/sdk/2.1.1/src/rp2_common/pico_float/float_aeabi_rp2040.S.obj
                0x10003204                float2uint_z
                0x10003204                __wrap___aeabi_f2uiz
                0x10003204                float2uint
 .text.__wrap___aeabi_f2d
                0x10003210       0x14 CMakeFiles/simple_pwm.dir/C_/Users/erica/.pico-sdk/sdk/2.1.1/src/rp2_common/pico_float/float_aeabi_rp2040.S.obj
                0x10003210                __wrap___aeabi_f2d
 .text.__aeabi_float_init
                0x10003224       0x64 CMakeFiles/simple_pwm.dir/C_/Users/erica/.pico-sdk/sdk/2.1.1/src/rp2_common/pico_float/float_init_rom_rp2040.c.obj
                0x10003224                __aeabi_float_init
 .text.float_table_shim_on_use_helper
                0x10003288       0x2c CMakeFiles/simple_pwm.dir/C_/Users/erica/.pico-sdk/sdk/2.1.1/src/rp2_common/pico_float/float_v1_rom_shim_rp2040.S.obj
                0x10003288                float_table_shim_on_use_helper
 .text.float232_shims
                0x100032b4       0x18 CMakeFiles/simple_pwm.dir/C_/Users/erica/.pico-sdk/sdk/2.1.1/src/rp2_common/pico_float/float_v1_rom_shim_rp2040.S.obj
                0x100032b4                float2int_shim
                0x100032b6                float2fix_shim
 .text.float2double_shim
                0x100032cc       0x30 CMakeFiles/simple_pwm.dir/C_/Users/erica/.pico-sdk/sdk/2.1.1/src/rp2_common/pico_float/float_v1_rom_shim_rp2040.S.obj
                0x100032cc                float2double_shim
 .text.__wrap_malloc
                0x100032fc       0x3c CMakeFiles/simple_pwm.dir/C_/Users/erica/.pico-sdk/sdk/2.1.1/src/rp2_common/pico_malloc/malloc.c.obj
                0x100032fc                __wrap_malloc
 .text.__wrap_realloc
                0x10003338       0x40 CMakeFiles/simple_pwm.dir/C_/Users/erica/.pico-sdk/sdk/2.1.1/src/rp2_common/pico_malloc/malloc.c.obj
                0x10003338                __wrap_realloc
 .text.__wrap_free
                0x10003378       0x20 CMakeFiles/simple_pwm.dir/C_/Users/erica/.pico-sdk/sdk/2.1.1/src/rp2_common/pico_malloc/malloc.c.obj
                0x10003378                __wrap_free
 .text          0x10003398       0x10 CMakeFiles/simple_pwm.dir/C_/Users/erica/.pico-sdk/sdk/2.1.1/src/rp2_common/pico_mem_ops/mem_ops_aeabi.S.obj
                0x10003398                __aeabi_mem_init
 .text.memset   0x100033a8        0xc CMakeFiles/simple_pwm.dir/C_/Users/erica/.pico-sdk/sdk/2.1.1/src/rp2_common/pico_mem_ops/mem_ops_aeabi.S.obj
                0x100033a8                __wrap_memset
 .text.memcpy   0x100033b4        0xc CMakeFiles/simple_pwm.dir/C_/Users/erica/.pico-sdk/sdk/2.1.1/src/rp2_common/pico_mem_ops/mem_ops_aeabi.S.obj
                0x100033b4                __wrap_memcpy
                0x100033b4                __wrap___aeabi_memcpy
 .text._out_buffer
                0x100033c0        0x8 CMakeFiles/simple_pwm.dir/C_/Users/erica/.pico-sdk/sdk/2.1.1/src/rp2_common/pico_printf/printf.c.obj
 .text._out_null
                0x100033c8        0x4 CMakeFiles/simple_pwm.dir/C_/Users/erica/.pico-sdk/sdk/2.1.1/src/rp2_common/pico_printf/printf.c.obj
 .text._out_rev
                0x100033cc       0xac CMakeFiles/simple_pwm.dir/C_/Users/erica/.pico-sdk/sdk/2.1.1/src/rp2_common/pico_printf/printf.c.obj
 .text._ntoa_format
                0x10003478      0x1cc CMakeFiles/simple_pwm.dir/C_/Users/erica/.pico-sdk/sdk/2.1.1/src/rp2_common/pico_printf/printf.c.obj
 .text._out_char
                0x10003644       0x10 CMakeFiles/simple_pwm.dir/C_/Users/erica/.pico-sdk/sdk/2.1.1/src/rp2_common/pico_printf/printf.c.obj
 .text._out_fct
                0x10003654       0x10 CMakeFiles/simple_pwm.dir/C_/Users/erica/.pico-sdk/sdk/2.1.1/src/rp2_common/pico_printf/printf.c.obj
 .text._ftoa    0x10003664      0x4a8 CMakeFiles/simple_pwm.dir/C_/Users/erica/.pico-sdk/sdk/2.1.1/src/rp2_common/pico_printf/printf.c.obj
 .text._etoa    0x10003b0c      0x57c CMakeFiles/simple_pwm.dir/C_/Users/erica/.pico-sdk/sdk/2.1.1/src/rp2_common/pico_printf/printf.c.obj
 .text._vsnprintf
                0x10004088      0xbe0 CMakeFiles/simple_pwm.dir/C_/Users/erica/.pico-sdk/sdk/2.1.1/src/rp2_common/pico_printf/printf.c.obj
 .text.__wrap_sprintf
                0x10004c68       0x2c CMakeFiles/simple_pwm.dir/C_/Users/erica/.pico-sdk/sdk/2.1.1/src/rp2_common/pico_printf/printf.c.obj
                0x10004c68                __wrap_sprintf
 .text.vfctprintf
                0x10004c94       0x24 CMakeFiles/simple_pwm.dir/C_/Users/erica/.pico-sdk/sdk/2.1.1/src/rp2_common/pico_printf/printf.c.obj
                0x10004c94                vfctprintf
 .text.weak_raw_printf
                0x10004cb8       0x40 CMakeFiles/simple_pwm.dir/C_/Users/erica/.pico-sdk/sdk/2.1.1/src/rp2_common/pico_printf/printf.c.obj
                0x10004cb8                weak_raw_printf
 .text.weak_raw_vprintf
                0x10004cf8       0x30 CMakeFiles/simple_pwm.dir/C_/Users/erica/.pico-sdk/sdk/2.1.1/src/rp2_common/pico_printf/printf.c.obj
                0x10004cf8                weak_raw_vprintf
 .text._exit    0x10004d28        0x4 CMakeFiles/simple_pwm.dir/C_/Users/erica/.pico-sdk/sdk/2.1.1/src/rp2_common/pico_clib_interface/newlib_interface.c.obj
                0x10004d28                _exit
 .text._sbrk    0x10004d2c       0x34 CMakeFiles/simple_pwm.dir/C_/Users/erica/.pico-sdk/sdk/2.1.1/src/rp2_common/pico_clib_interface/newlib_interface.c.obj
                0x10004d2c                _sbrk
 .text.exit     0x10004d60        0x8 CMakeFiles/simple_pwm.dir/C_/Users/erica/.pico-sdk/sdk/2.1.1/src/rp2_common/pico_clib_interface/newlib_interface.c.obj
                0x10004d60                exit
 .text.__assert_func
                0x10004d68       0x38 CMakeFiles/simple_pwm.dir/C_/Users/erica/.pico-sdk/sdk/2.1.1/src/rp2_common/pico_clib_interface/newlib_interface.c.obj
                0x10004d68                __assert_func
 .text.runtime_init
                0x10004da0       0x2c CMakeFiles/simple_pwm.dir/C_/Users/erica/.pico-sdk/sdk/2.1.1/src/rp2_common/pico_clib_interface/newlib_interface.c.obj
                0x10004da0                runtime_init
 .text.stdio_out_chars_no_crlf
                0x10004dcc       0x10 CMakeFiles/simple_pwm.dir/C_/Users/erica/.pico-sdk/sdk/2.1.1/src/rp2_common/pico_stdio/stdio.c.obj
 .text.stdio_out_chars_crlf
                0x10004ddc       0xb0 CMakeFiles/simple_pwm.dir/C_/Users/erica/.pico-sdk/sdk/2.1.1/src/rp2_common/pico_stdio/stdio.c.obj
 .text.stdio_buffered_printer
                0x10004e8c       0x64 CMakeFiles/simple_pwm.dir/C_/Users/erica/.pico-sdk/sdk/2.1.1/src/rp2_common/pico_stdio/stdio.c.obj
 .text.stdio_put_string
                0x10004ef0       0xfc CMakeFiles/simple_pwm.dir/C_/Users/erica/.pico-sdk/sdk/2.1.1/src/rp2_common/pico_stdio/stdio.c.obj
                0x10004ef0                stdio_put_string
 .text.stdio_set_driver_enabled
                0x10004fec       0x30 CMakeFiles/simple_pwm.dir/C_/Users/erica/.pico-sdk/sdk/2.1.1/src/rp2_common/pico_stdio/stdio.c.obj
                0x10004fec                stdio_set_driver_enabled
 .text.stdio_init_all
                0x1000501c       0x10 CMakeFiles/simple_pwm.dir/C_/Users/erica/.pico-sdk/sdk/2.1.1/src/rp2_common/pico_stdio/stdio.c.obj
                0x1000501c                stdio_init_all
 .text.__wrap_putchar
                0x1000502c       0x94 CMakeFiles/simple_pwm.dir/C_/Users/erica/.pico-sdk/sdk/2.1.1/src/rp2_common/pico_stdio/stdio.c.obj
                0x1000502c                __wrap_putchar
                0x1000502c                stdio_putchar
 .text.__wrap_puts
                0x100050c0       0x3c CMakeFiles/simple_pwm.dir/C_/Users/erica/.pico-sdk/sdk/2.1.1/src/rp2_common/pico_stdio/stdio.c.obj
                0x100050c0                stdio_puts
                0x100050c0                __wrap_puts
 .text.__wrap_vprintf
                0x100050fc       0xcc CMakeFiles/simple_pwm.dir/C_/Users/erica/.pico-sdk/sdk/2.1.1/src/rp2_common/pico_stdio/stdio.c.obj
                0x100050fc                stdio_vprintf
                0x100050fc                __wrap_vprintf
 .text.__wrap_printf
                0x100051c8       0x18 CMakeFiles/simple_pwm.dir/C_/Users/erica/.pico-sdk/sdk/2.1.1/src/rp2_common/pico_stdio/stdio.c.obj
                0x100051c8                __wrap_printf
                0x100051c8                stdio_printf
 .text.stdio_uart_out_chars
                0x100051e0       0x4c CMakeFiles/simple_pwm.dir/C_/Users/erica/.pico-sdk/sdk/2.1.1/src/rp2_common/pico_stdio_uart/stdio_uart.c.obj
 .text.stdio_uart_in_chars
                0x1000522c       0x90 CMakeFiles/simple_pwm.dir/C_/Users/erica/.pico-sdk/sdk/2.1.1/src/rp2_common/pico_stdio_uart/stdio_uart.c.obj
                0x1000522c                stdio_uart_in_chars
 .text.on_uart_rx
                0x100052bc       0x28 CMakeFiles/simple_pwm.dir/C_/Users/erica/.pico-sdk/sdk/2.1.1/src/rp2_common/pico_stdio_uart/stdio_uart.c.obj
 .text.stdio_uart_out_flush
                0x100052e4       0x14 CMakeFiles/simple_pwm.dir/C_/Users/erica/.pico-sdk/sdk/2.1.1/src/rp2_common/pico_stdio_uart/stdio_uart.c.obj
 .text.stdio_uart_set_chars_available_callback
                0x100052f8       0x84 CMakeFiles/simple_pwm.dir/C_/Users/erica/.pico-sdk/sdk/2.1.1/src/rp2_common/pico_stdio_uart/stdio_uart.c.obj
 .text.stdio_uart_init
                0x1000537c       0x50 CMakeFiles/simple_pwm.dir/C_/Users/erica/.pico-sdk/sdk/2.1.1/src/rp2_common/pico_stdio_uart/stdio_uart.c.obj
                0x1000537c                stdio_uart_init
 .text.resetd_init
                0x100053cc        0x4 CMakeFiles/simple_pwm.dir/C_/Users/erica/.pico-sdk/sdk/2.1.1/src/rp2_common/pico_stdio_usb/reset_interface.c.obj
 .text.resetd_reset
                0x100053d0        0xc CMakeFiles/simple_pwm.dir/C_/Users/erica/.pico-sdk/sdk/2.1.1/src/rp2_common/pico_stdio_usb/reset_interface.c.obj
 .text.resetd_open
                0x100053dc       0x28 CMakeFiles/simple_pwm.dir/C_/Users/erica/.pico-sdk/sdk/2.1.1/src/rp2_common/pico_stdio_usb/reset_interface.c.obj
 .text.resetd_xfer_cb
                0x10005404        0x4 CMakeFiles/simple_pwm.dir/C_/Users/erica/.pico-sdk/sdk/2.1.1/src/rp2_common/pico_stdio_usb/reset_interface.c.obj
 .text.resetd_control_xfer_cb
                0x10005408       0x54 CMakeFiles/simple_pwm.dir/C_/Users/erica/.pico-sdk/sdk/2.1.1/src/rp2_common/pico_stdio_usb/reset_interface.c.obj
 .text.tud_descriptor_bos_cb
                0x1000545c        0x8 CMakeFiles/simple_pwm.dir/C_/Users/erica/.pico-sdk/sdk/2.1.1/src/rp2_common/pico_stdio_usb/reset_interface.c.obj
                0x1000545c                tud_descriptor_bos_cb
 .text.tud_vendor_control_xfer_cb
                0x10005464       0x34 CMakeFiles/simple_pwm.dir/C_/Users/erica/.pico-sdk/sdk/2.1.1/src/rp2_common/pico_stdio_usb/reset_interface.c.obj
                0x10005464                tud_vendor_control_xfer_cb
 .text.usbd_app_driver_get_cb
                0x10005498        0xc CMakeFiles/simple_pwm.dir/C_/Users/erica/.pico-sdk/sdk/2.1.1/src/rp2_common/pico_stdio_usb/reset_interface.c.obj
                0x10005498                usbd_app_driver_get_cb
 .text.tud_cdc_line_coding_cb
                0x100054a4       0x2c CMakeFiles/simple_pwm.dir/C_/Users/erica/.pico-sdk/sdk/2.1.1/src/rp2_common/pico_stdio_usb/reset_interface.c.obj
                0x100054a4                tud_cdc_line_coding_cb
 .text.stdio_usb_set_chars_available_callback
                0x100054d0       0x14 CMakeFiles/simple_pwm.dir/C_/Users/erica/.pico-sdk/sdk/2.1.1/src/rp2_common/pico_stdio_usb/stdio_usb.c.obj
                0x100054d0                stdio_usb_set_chars_available_callback
 .text.usb_irq  0x100054e4       0x10 CMakeFiles/simple_pwm.dir/C_/Users/erica/.pico-sdk/sdk/2.1.1/src/rp2_common/pico_stdio_usb/stdio_usb.c.obj
 .text.timer_task
                0x100054f4       0x64 CMakeFiles/simple_pwm.dir/C_/Users/erica/.pico-sdk/sdk/2.1.1/src/rp2_common/pico_stdio_usb/stdio_usb.c.obj
 .text.stdio_usb_in_chars
                0x10005558       0x8c CMakeFiles/simple_pwm.dir/C_/Users/erica/.pico-sdk/sdk/2.1.1/src/rp2_common/pico_stdio_usb/stdio_usb.c.obj
                0x10005558                stdio_usb_in_chars
 .text.stdio_usb_out_flush
                0x100055e4       0x4c CMakeFiles/simple_pwm.dir/C_/Users/erica/.pico-sdk/sdk/2.1.1/src/rp2_common/pico_stdio_usb/stdio_usb.c.obj
 .text.stdio_usb_out_chars
                0x10005630      0x100 CMakeFiles/simple_pwm.dir/C_/Users/erica/.pico-sdk/sdk/2.1.1/src/rp2_common/pico_stdio_usb/stdio_usb.c.obj
 .text.low_priority_worker_irq
                0x10005730       0xc8 CMakeFiles/simple_pwm.dir/C_/Users/erica/.pico-sdk/sdk/2.1.1/src/rp2_common/pico_stdio_usb/stdio_usb.c.obj
 .text.stdio_usb_init
                0x100057f8       0xe8 CMakeFiles/simple_pwm.dir/C_/Users/erica/.pico-sdk/sdk/2.1.1/src/rp2_common/pico_stdio_usb/stdio_usb.c.obj
                0x100057f8                stdio_usb_init
 .text.tud_descriptor_device_cb
                0x100058e0        0x8 CMakeFiles/simple_pwm.dir/C_/Users/erica/.pico-sdk/sdk/2.1.1/src/rp2_common/pico_stdio_usb/stdio_usb_descriptors.c.obj
                0x100058e0                tud_descriptor_device_cb
 .text.tud_descriptor_configuration_cb
                0x100058e8        0x8 CMakeFiles/simple_pwm.dir/C_/Users/erica/.pico-sdk/sdk/2.1.1/src/rp2_common/pico_stdio_usb/stdio_usb_descriptors.c.obj
                0x100058e8                tud_descriptor_configuration_cb
 .text.tud_descriptor_string_cb
                0x100058f0       0x78 CMakeFiles/simple_pwm.dir/C_/Users/erica/.pico-sdk/sdk/2.1.1/src/rp2_common/pico_stdio_usb/stdio_usb_descriptors.c.obj
                0x100058f0                tud_descriptor_string_cb
 .text.startup._retrieve_unique_id_on_boot
                0x10005968       0x10 CMakeFiles/simple_pwm.dir/C_/Users/erica/.pico-sdk/sdk/2.1.1/src/rp2_common/pico_unique_id/unique_id.c.obj
 .text.pico_get_unique_board_id_string
                0x10005978      0x1a8 CMakeFiles/simple_pwm.dir/C_/Users/erica/.pico-sdk/sdk/2.1.1/src/rp2_common/pico_unique_id/unique_id.c.obj
                0x10005978                pico_get_unique_board_id_string
 .text.flash_get_unique_id
                0x10005b20       0x3c CMakeFiles/simple_pwm.dir/C_/Users/erica/.pico-sdk/sdk/2.1.1/src/rp2_common/hardware_flash/flash.c.obj
                0x10005b20                flash_get_unique_id
 .text.dcd_init
                0x10005b5c       0x90 CMakeFiles/simple_pwm.dir/C_/Users/erica/.pico-sdk/sdk/2.1.1/lib/tinyusb/src/portable/raspberrypi/rp2040/dcd_rp2040.c.obj
                0x10005b5c                dcd_init
 .text.dcd_int_enable
                0x10005bec        0xc CMakeFiles/simple_pwm.dir/C_/Users/erica/.pico-sdk/sdk/2.1.1/lib/tinyusb/src/portable/raspberrypi/rp2040/dcd_rp2040.c.obj
                0x10005bec                dcd_int_enable
 .text.dcd_set_address
                0x10005bf8       0x14 CMakeFiles/simple_pwm.dir/C_/Users/erica/.pico-sdk/sdk/2.1.1/lib/tinyusb/src/portable/raspberrypi/rp2040/dcd_rp2040.c.obj
                0x10005bf8                dcd_set_address
 .text.dcd_sof_enable
                0x10005c0c       0x1c CMakeFiles/simple_pwm.dir/C_/Users/erica/.pico-sdk/sdk/2.1.1/lib/tinyusb/src/portable/raspberrypi/rp2040/dcd_rp2040.c.obj
                0x10005c0c                dcd_sof_enable
 .text.dcd_edpt0_status_complete
                0x10005c28       0x1c CMakeFiles/simple_pwm.dir/C_/Users/erica/.pico-sdk/sdk/2.1.1/lib/tinyusb/src/portable/raspberrypi/rp2040/dcd_rp2040.c.obj
                0x10005c28                dcd_edpt0_status_complete
 .text.dcd_edpt_open
                0x10005c44      0x114 CMakeFiles/simple_pwm.dir/C_/Users/erica/.pico-sdk/sdk/2.1.1/lib/tinyusb/src/portable/raspberrypi/rp2040/dcd_rp2040.c.obj
                0x10005c44                dcd_edpt_open
 .text.dcd_edpt_close_all
                0x10005d58        0x8 CMakeFiles/simple_pwm.dir/C_/Users/erica/.pico-sdk/sdk/2.1.1/lib/tinyusb/src/portable/raspberrypi/rp2040/dcd_rp2040.c.obj
                0x10005d58                dcd_edpt_close_all
 .text.dcd_edpt_xfer
                0x10005d60       0x24 CMakeFiles/simple_pwm.dir/C_/Users/erica/.pico-sdk/sdk/2.1.1/lib/tinyusb/src/portable/raspberrypi/rp2040/dcd_rp2040.c.obj
                0x10005d60                dcd_edpt_xfer
 .text.dcd_edpt_stall
                0x10005d84       0x3c CMakeFiles/simple_pwm.dir/C_/Users/erica/.pico-sdk/sdk/2.1.1/lib/tinyusb/src/portable/raspberrypi/rp2040/dcd_rp2040.c.obj
                0x10005d84                dcd_edpt_stall
 .text.dcd_edpt_clear_stall
                0x10005dc0       0x30 CMakeFiles/simple_pwm.dir/C_/Users/erica/.pico-sdk/sdk/2.1.1/lib/tinyusb/src/portable/raspberrypi/rp2040/dcd_rp2040.c.obj
                0x10005dc0                dcd_edpt_clear_stall
 .text.rp2040_usb_init
                0x10005df0       0x40 CMakeFiles/simple_pwm.dir/C_/Users/erica/.pico-sdk/sdk/2.1.1/lib/tinyusb/src/portable/raspberrypi/rp2040/rp2040_usb.c.obj
                0x10005df0                rp2040_usb_init
 .text.hw_endpoint_xfer_start
                0x10005e30       0x40 CMakeFiles/simple_pwm.dir/C_/Users/erica/.pico-sdk/sdk/2.1.1/lib/tinyusb/src/portable/raspberrypi/rp2040/rp2040_usb.c.obj
                0x10005e30                hw_endpoint_xfer_start
 .text.tud_event_hook_cb
                0x10005e70        0x4 CMakeFiles/simple_pwm.dir/C_/Users/erica/.pico-sdk/sdk/2.1.1/lib/tinyusb/src/device/usbd.c.obj
                0x10005e70                tud_event_hook_cb
 .text.tud_sof_cb
                0x10005e74        0x4 CMakeFiles/simple_pwm.dir/C_/Users/erica/.pico-sdk/sdk/2.1.1/lib/tinyusb/src/device/usbd.c.obj
                0x10005e74                tud_sof_cb
 .text.tud_descriptor_device_qualifier_cb
                0x10005e78        0x4 CMakeFiles/simple_pwm.dir/C_/Users/erica/.pico-sdk/sdk/2.1.1/lib/tinyusb/src/device/usbd.c.obj
                0x10005e78                tud_descriptor_device_qualifier_cb
 .text.tud_descriptor_other_speed_configuration_cb
                0x10005e7c        0x4 CMakeFiles/simple_pwm.dir/C_/Users/erica/.pico-sdk/sdk/2.1.1/lib/tinyusb/src/device/usbd.c.obj
                0x10005e7c                tud_descriptor_other_speed_configuration_cb
 .text.tud_mount_cb
                0x10005e80        0x4 CMakeFiles/simple_pwm.dir/C_/Users/erica/.pico-sdk/sdk/2.1.1/lib/tinyusb/src/device/usbd.c.obj
                0x10005e80                tud_mount_cb
 .text.tud_umount_cb
                0x10005e84        0x4 CMakeFiles/simple_pwm.dir/C_/Users/erica/.pico-sdk/sdk/2.1.1/lib/tinyusb/src/device/usbd.c.obj
                0x10005e84                tud_umount_cb
 .text.tud_suspend_cb
                0x10005e88        0x4 CMakeFiles/simple_pwm.dir/C_/Users/erica/.pico-sdk/sdk/2.1.1/lib/tinyusb/src/device/usbd.c.obj
                0x10005e88                tud_suspend_cb
 .text.tud_resume_cb
                0x10005e8c        0x4 CMakeFiles/simple_pwm.dir/C_/Users/erica/.pico-sdk/sdk/2.1.1/lib/tinyusb/src/device/usbd.c.obj
                0x10005e8c                tud_resume_cb
 .text.tud_mounted
                0x10005e90       0x10 CMakeFiles/simple_pwm.dir/C_/Users/erica/.pico-sdk/sdk/2.1.1/lib/tinyusb/src/device/usbd.c.obj
                0x10005e90                tud_mounted
 .text.tud_suspended
                0x10005ea0       0x10 CMakeFiles/simple_pwm.dir/C_/Users/erica/.pico-sdk/sdk/2.1.1/lib/tinyusb/src/device/usbd.c.obj
                0x10005ea0                tud_suspended
 .text.tud_rhport_init
                0x10005eb0       0xf4 CMakeFiles/simple_pwm.dir/C_/Users/erica/.pico-sdk/sdk/2.1.1/lib/tinyusb/src/device/usbd.c.obj
                0x10005eb0                tud_rhport_init
 .text.tud_task_ext
                0x10005fa4      0x800 CMakeFiles/simple_pwm.dir/C_/Users/erica/.pico-sdk/sdk/2.1.1/lib/tinyusb/src/device/usbd.c.obj
                0x10005fa4                tud_task_ext
 .text.usbd_open_edpt_pair
                0x100067a4       0x9c CMakeFiles/simple_pwm.dir/C_/Users/erica/.pico-sdk/sdk/2.1.1/lib/tinyusb/src/device/usbd.c.obj
                0x100067a4                usbd_open_edpt_pair
 .text.usbd_edpt_open
                0x10006840       0x34 CMakeFiles/simple_pwm.dir/C_/Users/erica/.pico-sdk/sdk/2.1.1/lib/tinyusb/src/device/usbd.c.obj
                0x10006840                usbd_edpt_open
 .text.usbd_edpt_claim
                0x10006874       0x28 CMakeFiles/simple_pwm.dir/C_/Users/erica/.pico-sdk/sdk/2.1.1/lib/tinyusb/src/device/usbd.c.obj
                0x10006874                usbd_edpt_claim
 .text.usbd_edpt_release
                0x1000689c       0x28 CMakeFiles/simple_pwm.dir/C_/Users/erica/.pico-sdk/sdk/2.1.1/lib/tinyusb/src/device/usbd.c.obj
                0x1000689c                usbd_edpt_release
 .text.usbd_edpt_xfer
                0x100068c4       0x4c CMakeFiles/simple_pwm.dir/C_/Users/erica/.pico-sdk/sdk/2.1.1/lib/tinyusb/src/device/usbd.c.obj
                0x100068c4                usbd_edpt_xfer
 .text.tud_control_status
                0x10006910       0x2c CMakeFiles/simple_pwm.dir/C_/Users/erica/.pico-sdk/sdk/2.1.1/lib/tinyusb/src/device/usbd_control.c.obj
                0x10006910                tud_control_status
 .text.tud_control_xfer
                0x1000693c       0xa8 CMakeFiles/simple_pwm.dir/C_/Users/erica/.pico-sdk/sdk/2.1.1/lib/tinyusb/src/device/usbd_control.c.obj
                0x1000693c                tud_control_xfer
 .text.usbd_control_reset
                0x100069e4       0x14 CMakeFiles/simple_pwm.dir/C_/Users/erica/.pico-sdk/sdk/2.1.1/lib/tinyusb/src/device/usbd_control.c.obj
                0x100069e4                usbd_control_reset
 .text.usbd_control_set_complete_callback
                0x100069f8        0xc CMakeFiles/simple_pwm.dir/C_/Users/erica/.pico-sdk/sdk/2.1.1/lib/tinyusb/src/device/usbd_control.c.obj
                0x100069f8                usbd_control_set_complete_callback
 .text.usbd_control_set_request
                0x10006a04       0x1c CMakeFiles/simple_pwm.dir/C_/Users/erica/.pico-sdk/sdk/2.1.1/lib/tinyusb/src/device/usbd_control.c.obj
                0x10006a04                usbd_control_set_request
 .text.usbd_control_xfer_cb
                0x10006a20       0xec CMakeFiles/simple_pwm.dir/C_/Users/erica/.pico-sdk/sdk/2.1.1/lib/tinyusb/src/device/usbd_control.c.obj
                0x10006a20                usbd_control_xfer_cb
 .text._prep_out_transaction.isra.0
                0x10006b0c       0x6c CMakeFiles/simple_pwm.dir/C_/Users/erica/.pico-sdk/sdk/2.1.1/lib/tinyusb/src/class/cdc/cdc_device.c.obj
 .text.tud_cdc_n_connected
                0x10006b78       0x2c CMakeFiles/simple_pwm.dir/C_/Users/erica/.pico-sdk/sdk/2.1.1/lib/tinyusb/src/class/cdc/cdc_device.c.obj
                0x10006b78                tud_cdc_n_connected
 .text.tud_cdc_n_available
                0x10006ba4       0x14 CMakeFiles/simple_pwm.dir/C_/Users/erica/.pico-sdk/sdk/2.1.1/lib/tinyusb/src/class/cdc/cdc_device.c.obj
                0x10006ba4                tud_cdc_n_available
 .text.tud_cdc_n_read
                0x10006bb8       0x88 CMakeFiles/simple_pwm.dir/C_/Users/erica/.pico-sdk/sdk/2.1.1/lib/tinyusb/src/class/cdc/cdc_device.c.obj
                0x10006bb8                tud_cdc_n_read
 .text.tud_cdc_n_write_flush
                0x10006c40       0x74 CMakeFiles/simple_pwm.dir/C_/Users/erica/.pico-sdk/sdk/2.1.1/lib/tinyusb/src/class/cdc/cdc_device.c.obj
                0x10006c40                tud_cdc_n_write_flush
 .text.tud_cdc_n_write
                0x10006cb4       0x40 CMakeFiles/simple_pwm.dir/C_/Users/erica/.pico-sdk/sdk/2.1.1/lib/tinyusb/src/class/cdc/cdc_device.c.obj
                0x10006cb4                tud_cdc_n_write
 .text.tud_cdc_n_write_available
                0x10006cf4       0x14 CMakeFiles/simple_pwm.dir/C_/Users/erica/.pico-sdk/sdk/2.1.1/lib/tinyusb/src/class/cdc/cdc_device.c.obj
                0x10006cf4                tud_cdc_n_write_available
 .text.cdcd_init
                0x10006d08       0x70 CMakeFiles/simple_pwm.dir/C_/Users/erica/.pico-sdk/sdk/2.1.1/lib/tinyusb/src/class/cdc/cdc_device.c.obj
                0x10006d08                cdcd_init
 .text.cdcd_deinit
                0x10006d78       0x30 CMakeFiles/simple_pwm.dir/C_/Users/erica/.pico-sdk/sdk/2.1.1/lib/tinyusb/src/class/cdc/cdc_device.c.obj
                0x10006d78                cdcd_deinit
 .text.cdcd_reset
                0x10006da8       0x4c CMakeFiles/simple_pwm.dir/C_/Users/erica/.pico-sdk/sdk/2.1.1/lib/tinyusb/src/class/cdc/cdc_device.c.obj
                0x10006da8                cdcd_reset
 .text.cdcd_open
                0x10006df4       0xa4 CMakeFiles/simple_pwm.dir/C_/Users/erica/.pico-sdk/sdk/2.1.1/lib/tinyusb/src/class/cdc/cdc_device.c.obj
                0x10006df4                cdcd_open
 .text.cdcd_control_xfer_cb
                0x10006e98       0xe8 CMakeFiles/simple_pwm.dir/C_/Users/erica/.pico-sdk/sdk/2.1.1/lib/tinyusb/src/class/cdc/cdc_device.c.obj
                0x10006e98                cdcd_control_xfer_cb
 .text.cdcd_xfer_cb
                0x10006f80      0x100 CMakeFiles/simple_pwm.dir/C_/Users/erica/.pico-sdk/sdk/2.1.1/lib/tinyusb/src/class/cdc/cdc_device.c.obj
                0x10006f80                cdcd_xfer_cb
 .text.vendord_init
                0x10007080       0x5c CMakeFiles/simple_pwm.dir/C_/Users/erica/.pico-sdk/sdk/2.1.1/lib/tinyusb/src/class/vendor/vendor_device.c.obj
                0x10007080                vendord_init
 .text.vendord_deinit
                0x100070dc       0x1c CMakeFiles/simple_pwm.dir/C_/Users/erica/.pico-sdk/sdk/2.1.1/lib/tinyusb/src/class/vendor/vendor_device.c.obj
                0x100070dc                vendord_deinit
 .text.vendord_reset
                0x100070f8       0x28 CMakeFiles/simple_pwm.dir/C_/Users/erica/.pico-sdk/sdk/2.1.1/lib/tinyusb/src/class/vendor/vendor_device.c.obj
                0x100070f8                vendord_reset
 .text.vendord_open
                0x10007120      0x120 CMakeFiles/simple_pwm.dir/C_/Users/erica/.pico-sdk/sdk/2.1.1/lib/tinyusb/src/class/vendor/vendor_device.c.obj
                0x10007120                vendord_open
 .text.vendord_xfer_cb
                0x10007240       0x9c CMakeFiles/simple_pwm.dir/C_/Users/erica/.pico-sdk/sdk/2.1.1/lib/tinyusb/src/class/vendor/vendor_device.c.obj
                0x10007240                vendord_xfer_cb
 .text.tusb_rhport_init
                0x100072dc       0x4c CMakeFiles/simple_pwm.dir/C_/Users/erica/.pico-sdk/sdk/2.1.1/lib/tinyusb/src/tusb.c.obj
                0x100072dc                tusb_rhport_init
 .text.tu_edpt_claim
                0x10007328       0x50 CMakeFiles/simple_pwm.dir/C_/Users/erica/.pico-sdk/sdk/2.1.1/lib/tinyusb/src/tusb.c.obj
                0x10007328                tu_edpt_claim
 .text.tu_edpt_release
                0x10007378       0x38 CMakeFiles/simple_pwm.dir/C_/Users/erica/.pico-sdk/sdk/2.1.1/lib/tinyusb/src/tusb.c.obj
                0x10007378                tu_edpt_release
 .text.tu_edpt_validate
                0x100073b0       0x7c CMakeFiles/simple_pwm.dir/C_/Users/erica/.pico-sdk/sdk/2.1.1/lib/tinyusb/src/tusb.c.obj
                0x100073b0                tu_edpt_validate
 .text.tu_edpt_bind_driver
                0x1000742c       0x34 CMakeFiles/simple_pwm.dir/C_/Users/erica/.pico-sdk/sdk/2.1.1/lib/tinyusb/src/tusb.c.obj
                0x1000742c                tu_edpt_bind_driver
 .text.tu_edpt_stream_init
                0x10007460       0x6c CMakeFiles/simple_pwm.dir/C_/Users/erica/.pico-sdk/sdk/2.1.1/lib/tinyusb/src/tusb.c.obj
                0x10007460                tu_edpt_stream_init
 .text.tu_edpt_stream_deinit
                0x100074cc        0x4 CMakeFiles/simple_pwm.dir/C_/Users/erica/.pico-sdk/sdk/2.1.1/lib/tinyusb/src/tusb.c.obj
                0x100074cc                tu_edpt_stream_deinit
 .text.tu_edpt_stream_write_zlp_if_needed
                0x100074d0       0x68 CMakeFiles/simple_pwm.dir/C_/Users/erica/.pico-sdk/sdk/2.1.1/lib/tinyusb/src/tusb.c.obj
                0x100074d0                tu_edpt_stream_write_zlp_if_needed
 .text.tu_edpt_stream_write_xfer
                0x10007538       0x68 CMakeFiles/simple_pwm.dir/C_/Users/erica/.pico-sdk/sdk/2.1.1/lib/tinyusb/src/tusb.c.obj
                0x10007538                tu_edpt_stream_write_xfer
 .text.tu_edpt_stream_read_xfer
                0x100075a0       0xd8 CMakeFiles/simple_pwm.dir/C_/Users/erica/.pico-sdk/sdk/2.1.1/lib/tinyusb/src/tusb.c.obj
                0x100075a0                tu_edpt_stream_read_xfer
 .text.tu_fifo_config
                0x10007678       0x6c CMakeFiles/simple_pwm.dir/C_/Users/erica/.pico-sdk/sdk/2.1.1/lib/tinyusb/src/common/tusb_fifo.c.obj
                0x10007678                tu_fifo_config
 .text.tu_fifo_count
                0x100076e4       0x2c CMakeFiles/simple_pwm.dir/C_/Users/erica/.pico-sdk/sdk/2.1.1/lib/tinyusb/src/common/tusb_fifo.c.obj
                0x100076e4                tu_fifo_count
 .text.tu_fifo_empty
                0x10007710       0x10 CMakeFiles/simple_pwm.dir/C_/Users/erica/.pico-sdk/sdk/2.1.1/lib/tinyusb/src/common/tusb_fifo.c.obj
                0x10007710                tu_fifo_empty
 .text.tu_fifo_remaining
                0x10007720       0x2c CMakeFiles/simple_pwm.dir/C_/Users/erica/.pico-sdk/sdk/2.1.1/lib/tinyusb/src/common/tusb_fifo.c.obj
                0x10007720                tu_fifo_remaining
 .text.tu_fifo_read
                0x1000774c       0x9c CMakeFiles/simple_pwm.dir/C_/Users/erica/.pico-sdk/sdk/2.1.1/lib/tinyusb/src/common/tusb_fifo.c.obj
                0x1000774c                tu_fifo_read
 .text.tu_fifo_read_n
                0x100077e8       0xe8 CMakeFiles/simple_pwm.dir/C_/Users/erica/.pico-sdk/sdk/2.1.1/lib/tinyusb/src/common/tusb_fifo.c.obj
                0x100077e8                tu_fifo_read_n
 .text.tu_fifo_write
                0x100078d0       0xa4 CMakeFiles/simple_pwm.dir/C_/Users/erica/.pico-sdk/sdk/2.1.1/lib/tinyusb/src/common/tusb_fifo.c.obj
                0x100078d0                tu_fifo_write
 .text.tu_fifo_write_n
                0x10007974      0x178 CMakeFiles/simple_pwm.dir/C_/Users/erica/.pico-sdk/sdk/2.1.1/lib/tinyusb/src/common/tusb_fifo.c.obj
                0x10007974                tu_fifo_write_n
 .text.tu_fifo_clear
                0x10007aec       0x40 CMakeFiles/simple_pwm.dir/C_/Users/erica/.pico-sdk/sdk/2.1.1/lib/tinyusb/src/common/tusb_fifo.c.obj
                0x10007aec                tu_fifo_clear
 .text.tu_fifo_set_overwritable
                0x10007b2c       0x48 CMakeFiles/simple_pwm.dir/C_/Users/erica/.pico-sdk/sdk/2.1.1/lib/tinyusb/src/common/tusb_fifo.c.obj
                0x10007b2c                tu_fifo_set_overwritable
 .text.core1_trampoline
                0x10007b74        0x4 CMakeFiles/simple_pwm.dir/C_/Users/erica/.pico-sdk/sdk/2.1.1/src/rp2_common/pico_multicore/multicore.c.obj
 .text.core1_wrapper
                0x10007b78        0xc CMakeFiles/simple_pwm.dir/C_/Users/erica/.pico-sdk/sdk/2.1.1/src/rp2_common/pico_multicore/multicore.c.obj
                0x10007b78                core1_wrapper
 .text.multicore_launch_core1_raw
                0x10007b84       0x8c CMakeFiles/simple_pwm.dir/C_/Users/erica/.pico-sdk/sdk/2.1.1/src/rp2_common/pico_multicore/multicore.c.obj
                0x10007b84                multicore_launch_core1_raw
 .text.multicore_launch_core1
                0x10007c10       0x58 CMakeFiles/simple_pwm.dir/C_/Users/erica/.pico-sdk/sdk/2.1.1/src/rp2_common/pico_multicore/multicore.c.obj
                0x10007c10                multicore_launch_core1
 .text.startup.boot_double_tap_check
                0x10007c68       0x5c CMakeFiles/simple_pwm.dir/C_/Users/erica/.pico-sdk/sdk/2.1.1/src/rp2_common/pico_bootsel_via_double_reset/pico_bootsel_via_double_reset.c.obj
 .text.adc_init
                0x10007cc4       0x38 CMakeFiles/simple_pwm.dir/C_/Users/erica/.pico-sdk/sdk/2.1.1/src/rp2_common/hardware_adc/adc.c.obj
                0x10007cc4                adc_init
 .text._calloc_r
                0x10007cfc       0xa8 C:/Users/erica/.pico-sdk/toolchain/14_2_Rel1/bin/../lib/gcc/arm-none-eabi/14.2.1/thumb/v6-m/nofp\libg.a(libc_a-callocr.o)
                0x10007cfc                _calloc_r
 .text.malloc   0x10007da4       0x14 C:/Users/erica/.pico-sdk/toolchain/14_2_Rel1/bin/../lib/gcc/arm-none-eabi/14.2.1/thumb/v6-m/nofp\libg.a(libc_a-malloc.o)
                0x10007da4                malloc
 .text.free     0x10007db8       0x14 C:/Users/erica/.pico-sdk/toolchain/14_2_Rel1/bin/../lib/gcc/arm-none-eabi/14.2.1/thumb/v6-m/nofp\libg.a(libc_a-malloc.o)
                0x10007db8                free
 .text._malloc_r
                0x10007dcc      0x5cc C:/Users/erica/.pico-sdk/toolchain/14_2_Rel1/bin/../lib/gcc/arm-none-eabi/14.2.1/thumb/v6-m/nofp\libg.a(libc_a-mallocr.o)
                0x10007dcc                _malloc_r
 .text.__malloc_lock
                0x10008398       0x10 C:/Users/erica/.pico-sdk/toolchain/14_2_Rel1/bin/../lib/gcc/arm-none-eabi/14.2.1/thumb/v6-m/nofp\libg.a(libc_a-mlock.o)
                0x10008398                __malloc_lock
 .text.__malloc_unlock
                0x100083a8       0x10 C:/Users/erica/.pico-sdk/toolchain/14_2_Rel1/bin/../lib/gcc/arm-none-eabi/14.2.1/thumb/v6-m/nofp\libg.a(libc_a-mlock.o)
                0x100083a8                __malloc_unlock
 .text.realloc  0x100083b8       0x18 C:/Users/erica/.pico-sdk/toolchain/14_2_Rel1/bin/../lib/gcc/arm-none-eabi/14.2.1/thumb/v6-m/nofp\libg.a(libc_a-realloc.o)
                0x100083b8                realloc
 .text._realloc_r
                0x100083d0      0x350 C:/Users/erica/.pico-sdk/toolchain/14_2_Rel1/bin/../lib/gcc/arm-none-eabi/14.2.1/thumb/v6-m/nofp\libg.a(libc_a-reallocr.o)
                0x100083d0                _realloc_r
 .text.sscanf   0x10008720       0x54 C:/Users/erica/.pico-sdk/toolchain/14_2_Rel1/bin/../lib/gcc/arm-none-eabi/14.2.1/thumb/v6-m/nofp\libg.a(libc_a-sscanf.o)
                0x10008720                sscanf
 .text.__seofread
                0x10008774        0x4 C:/Users/erica/.pico-sdk/toolchain/14_2_Rel1/bin/../lib/gcc/arm-none-eabi/14.2.1/thumb/v6-m/nofp\libg.a(libc_a-stdio.o)
                0x10008774                __seofread
 .text.memmove  0x10008778       0xc4 C:/Users/erica/.pico-sdk/toolchain/14_2_Rel1/bin/../lib/gcc/arm-none-eabi/14.2.1/thumb/v6-m/nofp\libg.a(libc_a-memmove.o)
                0x10008778                memmove
 .text._sbrk_r  0x1000883c       0x24 C:/Users/erica/.pico-sdk/toolchain/14_2_Rel1/bin/../lib/gcc/arm-none-eabi/14.2.1/thumb/v6-m/nofp\libg.a(libc_a-sbrkr.o)
                0x1000883c                _sbrk_r
 .text.__errno  0x10008860        0xc C:/Users/erica/.pico-sdk/toolchain/14_2_Rel1/bin/../lib/gcc/arm-none-eabi/14.2.1/thumb/v6-m/nofp\libg.a(libc_a-errno.o)
                0x10008860                __errno
 .text.__retarget_lock_acquire_recursive
                0x1000886c        0x4 C:/Users/erica/.pico-sdk/toolchain/14_2_Rel1/bin/../lib/gcc/arm-none-eabi/14.2.1/thumb/v6-m/nofp\libg.a(libc_a-lock.o)
                0x1000886c                __retarget_lock_acquire_recursive
 .text.__retarget_lock_release_recursive
                0x10008870        0x4 C:/Users/erica/.pico-sdk/toolchain/14_2_Rel1/bin/../lib/gcc/arm-none-eabi/14.2.1/thumb/v6-m/nofp\libg.a(libc_a-lock.o)
                0x10008870                __retarget_lock_release_recursive
 .text.sysconf  0x10008874       0x1c C:/Users/erica/.pico-sdk/toolchain/14_2_Rel1/bin/../lib/gcc/arm-none-eabi/14.2.1/thumb/v6-m/nofp\libg.a(libc_a-sysconf.o)
                0x10008874                sysconf
 .text          0x10008890       0x88 C:/Users/erica/.pico-sdk/toolchain/14_2_Rel1/bin/../lib/gcc/arm-none-eabi/14.2.1/thumb/v6-m/nofp\libg.a(libc_a-strcmp.o)
                0x10008890                strcmp
 .text.strlen   0x10008918       0x5c C:/Users/erica/.pico-sdk/toolchain/14_2_Rel1/bin/../lib/gcc/arm-none-eabi/14.2.1/thumb/v6-m/nofp\libg.a(libc_a-strlen-stub.o)
                0x10008918                strlen
 .text._malloc_trim_r
                0x10008974       0xb4 C:/Users/erica/.pico-sdk/toolchain/14_2_Rel1/bin/../lib/gcc/arm-none-eabi/14.2.1/thumb/v6-m/nofp\libg.a(libc_a-freer.o)
                0x10008974                _malloc_trim_r
 .text._free_r  0x10008a28      0x1f0 C:/Users/erica/.pico-sdk/toolchain/14_2_Rel1/bin/../lib/gcc/arm-none-eabi/14.2.1/thumb/v6-m/nofp\libg.a(libc_a-freer.o)
                0x10008a28                _free_r
 .text._strtoul_l.isra.0
                0x10008c18      0x144 C:/Users/erica/.pico-sdk/toolchain/14_2_Rel1/bin/../lib/gcc/arm-none-eabi/14.2.1/thumb/v6-m/nofp\libg.a(libc_a-strtoul.o)
 .text._strtoul_r
                0x10008d5c        0x8 C:/Users/erica/.pico-sdk/toolchain/14_2_Rel1/bin/../lib/gcc/arm-none-eabi/14.2.1/thumb/v6-m/nofp\libg.a(libc_a-strtoul.o)
                0x10008d5c                _strtoul_r
 .text._sungetc_r
                0x10008d64       0x80 C:/Users/erica/.pico-sdk/toolchain/14_2_Rel1/bin/../lib/gcc/arm-none-eabi/14.2.1/thumb/v6-m/nofp\libg.a(libc_a-svfiscanf.o)
                0x10008d64                _sungetc_r
 .text.__ssrefill_r
                0x10008de4       0x40 C:/Users/erica/.pico-sdk/toolchain/14_2_Rel1/bin/../lib/gcc/arm-none-eabi/14.2.1/thumb/v6-m/nofp\libg.a(libc_a-svfiscanf.o)
                0x10008de4                __ssrefill_r
 .text._sfread_r
                0x10008e24       0xbc C:/Users/erica/.pico-sdk/toolchain/14_2_Rel1/bin/../lib/gcc/arm-none-eabi/14.2.1/thumb/v6-m/nofp\libg.a(libc_a-svfiscanf.o)
                0x10008e24                _sfread_r
 .text.__ssvfscanf_r
                0x10008ee0     0x19c0 C:/Users/erica/.pico-sdk/toolchain/14_2_Rel1/bin/../lib/gcc/arm-none-eabi/14.2.1/thumb/v6-m/nofp\libg.a(libc_a-svfscanf.o)
                0x10008ee0                __ssvfscanf_r
 .text.__sccl   0x1000a8a0       0x80 C:/Users/erica/.pico-sdk/toolchain/14_2_Rel1/bin/../lib/gcc/arm-none-eabi/14.2.1/thumb/v6-m/nofp\libg.a(libc_a-sccl.o)
                0x1000a8a0                __sccl
 .text.__submore
                0x1000a920       0x84 C:/Users/erica/.pico-sdk/toolchain/14_2_Rel1/bin/../lib/gcc/arm-none-eabi/14.2.1/thumb/v6-m/nofp\libg.a(libc_a-ungetc.o)
                0x1000a920                __submore
 .text.strncmp  0x1000a9a4       0x68 C:/Users/erica/.pico-sdk/toolchain/14_2_Rel1/bin/../lib/gcc/arm-none-eabi/14.2.1/thumb/v6-m/nofp\libg.a(libc_a-strncmp.o)
                0x1000a9a4                strncmp
 .text.stpncpy  0x1000aa0c       0x74 C:/Users/erica/.pico-sdk/toolchain/14_2_Rel1/bin/../lib/gcc/arm-none-eabi/14.2.1/thumb/v6-m/nofp\libg.a(libc_a-stpncpy.o)
                0x1000aa0c                stpncpy
 .text.__locale_mb_cur_max
                0x1000aa80       0x10 C:/Users/erica/.pico-sdk/toolchain/14_2_Rel1/bin/../lib/gcc/arm-none-eabi/14.2.1/thumb/v6-m/nofp\libg.a(libc_a-locale.o)
                0x1000aa80                __locale_mb_cur_max
 .text._localeconv_r
                0x1000aa90        0x8 C:/Users/erica/.pico-sdk/toolchain/14_2_Rel1/bin/../lib/gcc/arm-none-eabi/14.2.1/thumb/v6-m/nofp\libg.a(libc_a-localeconv.o)
                0x1000aa90                _localeconv_r
 .text.nanf     0x1000aa98        0x8 C:/Users/erica/.pico-sdk/toolchain/14_2_Rel1/bin/../lib/gcc/arm-none-eabi/14.2.1/thumb/v6-m/nofp\libg.a(libm_a-sf_nan.o)
                0x1000aa98                nanf
 .text.__ascii_mbtowc
                0x1000aaa0       0x2c C:/Users/erica/.pico-sdk/toolchain/14_2_Rel1/bin/../lib/gcc/arm-none-eabi/14.2.1/thumb/v6-m/nofp\libg.a(libc_a-mbtowc_r.o)
                0x1000aaa0                __ascii_mbtowc
 .text.sulp     0x1000aacc       0x30 C:/Users/erica/.pico-sdk/toolchain/14_2_Rel1/bin/../lib/gcc/arm-none-eabi/14.2.1/thumb/v6-m/nofp\libg.a(libc_a-strtod.o)
 .text._strtod_l
                0x1000aafc      0xfdc C:/Users/erica/.pico-sdk/toolchain/14_2_Rel1/bin/../lib/gcc/arm-none-eabi/14.2.1/thumb/v6-m/nofp\libg.a(libc_a-strtod.o)
                0x1000aafc                _strtod_l
 .text._strtod_r
                0x1000bad8       0x10 C:/Users/erica/.pico-sdk/toolchain/14_2_Rel1/bin/../lib/gcc/arm-none-eabi/14.2.1/thumb/v6-m/nofp\libg.a(libc_a-strtod.o)
                0x1000bad8                _strtod_r
 .text._strtol_l.isra.0
                0x1000bae8      0x158 C:/Users/erica/.pico-sdk/toolchain/14_2_Rel1/bin/../lib/gcc/arm-none-eabi/14.2.1/thumb/v6-m/nofp\libg.a(libc_a-strtol.o)
 .text._strtol_r
                0x1000bc40        0x8 C:/Users/erica/.pico-sdk/toolchain/14_2_Rel1/bin/../lib/gcc/arm-none-eabi/14.2.1/thumb/v6-m/nofp\libg.a(libc_a-strtol.o)
                0x1000bc40                _strtol_r
 .text.__ascii_wctomb
                0x1000bc48       0x1c C:/Users/erica/.pico-sdk/toolchain/14_2_Rel1/bin/../lib/gcc/arm-none-eabi/14.2.1/thumb/v6-m/nofp\libg.a(libc_a-wctomb_r.o)
                0x1000bc48                __ascii_wctomb
 .text._strtoll_l.isra.0
                0x1000bc64      0x1a0 C:/Users/erica/.pico-sdk/toolchain/14_2_Rel1/bin/../lib/gcc/arm-none-eabi/14.2.1/thumb/v6-m/nofp\libg.a(libc_a-strtoll.o)
 .text._strtoll_r
                0x1000be04        0x8 C:/Users/erica/.pico-sdk/toolchain/14_2_Rel1/bin/../lib/gcc/arm-none-eabi/14.2.1/thumb/v6-m/nofp\libg.a(libc_a-strtoll.o)
                0x1000be04                _strtoll_r
 .text._strtoull_l.isra.0
                0x1000be0c      0x1c4 C:/Users/erica/.pico-sdk/toolchain/14_2_Rel1/bin/../lib/gcc/arm-none-eabi/14.2.1/thumb/v6-m/nofp\libg.a(libc_a-strtoull.o)
 .text._strtoull_r
                0x1000bfd0        0x8 C:/Users/erica/.pico-sdk/toolchain/14_2_Rel1/bin/../lib/gcc/arm-none-eabi/14.2.1/thumb/v6-m/nofp\libg.a(libc_a-strtoull.o)
                0x1000bfd0                _strtoull_r
 .text._mbrtowc_r
                0x1000bfd8       0x54 C:/Users/erica/.pico-sdk/toolchain/14_2_Rel1/bin/../lib/gcc/arm-none-eabi/14.2.1/thumb/v6-m/nofp\libg.a(libc_a-mbrtowc.o)
                0x1000bfd8                _mbrtowc_r
 .text.iswspace
                0x1000c02c        0xc C:/Users/erica/.pico-sdk/toolchain/14_2_Rel1/bin/../lib/gcc/arm-none-eabi/14.2.1/thumb/v6-m/nofp\libg.a(libc_a-iswspace.o)
                0x1000c02c                iswspace
 .text.iswspace_l
                0x1000c038       0x24 C:/Users/erica/.pico-sdk/toolchain/14_2_Rel1/bin/../lib/gcc/arm-none-eabi/14.2.1/thumb/v6-m/nofp\libg.a(libc_a-iswspace_l.o)
                0x1000c038                iswspace_l
 .text.__jp2uc  0x1000c05c      0x154 C:/Users/erica/.pico-sdk/toolchain/14_2_Rel1/bin/../lib/gcc/arm-none-eabi/14.2.1/thumb/v6-m/nofp\libg.a(libc_a-jp2uc.o)
 .text._jp2uc_l
                0x1000c1b0       0x68 C:/Users/erica/.pico-sdk/toolchain/14_2_Rel1/bin/../lib/gcc/arm-none-eabi/14.2.1/thumb/v6-m/nofp\libg.a(libc_a-jp2uc.o)
                0x1000c1b0                _jp2uc_l
 .text.nan      0x1000c218        0xc C:/Users/erica/.pico-sdk/toolchain/14_2_Rel1/bin/../lib/gcc/arm-none-eabi/14.2.1/thumb/v6-m/nofp\libg.a(libm_a-s_nan.o)
                0x1000c218                nan
 .text.rshift   0x1000c224       0xb0 C:/Users/erica/.pico-sdk/toolchain/14_2_Rel1/bin/../lib/gcc/arm-none-eabi/14.2.1/thumb/v6-m/nofp\libg.a(libc_a-gdtoa-gethex.o)
 .text.__gethex
                0x1000c2d4      0x5f4 C:/Users/erica/.pico-sdk/toolchain/14_2_Rel1/bin/../lib/gcc/arm-none-eabi/14.2.1/thumb/v6-m/nofp\libg.a(libc_a-gdtoa-gethex.o)
                0x1000c2d4                __gethex
 .text.__match  0x1000c8c8       0x2c C:/Users/erica/.pico-sdk/toolchain/14_2_Rel1/bin/../lib/gcc/arm-none-eabi/14.2.1/thumb/v6-m/nofp\libg.a(libc_a-gdtoa-hexnan.o)
                0x1000c8c8                __match
 .text.__hexnan
                0x1000c8f4      0x208 C:/Users/erica/.pico-sdk/toolchain/14_2_Rel1/bin/../lib/gcc/arm-none-eabi/14.2.1/thumb/v6-m/nofp\libg.a(libc_a-gdtoa-hexnan.o)
                0x1000c8f4                __hexnan
 .text._Balloc  0x1000cafc       0x50 C:/Users/erica/.pico-sdk/toolchain/14_2_Rel1/bin/../lib/gcc/arm-none-eabi/14.2.1/thumb/v6-m/nofp\libg.a(libc_a-mprec.o)
                0x1000cafc                _Balloc
 .text._Bfree   0x1000cb4c       0x14 C:/Users/erica/.pico-sdk/toolchain/14_2_Rel1/bin/../lib/gcc/arm-none-eabi/14.2.1/thumb/v6-m/nofp\libg.a(libc_a-mprec.o)
                0x1000cb4c                _Bfree
 .text.__multadd
                0x1000cb60       0xa4 C:/Users/erica/.pico-sdk/toolchain/14_2_Rel1/bin/../lib/gcc/arm-none-eabi/14.2.1/thumb/v6-m/nofp\libg.a(libc_a-mprec.o)
                0x1000cb60                __multadd
 .text.__s2b    0x1000cc04       0xb0 C:/Users/erica/.pico-sdk/toolchain/14_2_Rel1/bin/../lib/gcc/arm-none-eabi/14.2.1/thumb/v6-m/nofp\libg.a(libc_a-mprec.o)
                0x1000cc04                __s2b
 .text.__hi0bits
                0x1000ccb4       0x60 C:/Users/erica/.pico-sdk/toolchain/14_2_Rel1/bin/../lib/gcc/arm-none-eabi/14.2.1/thumb/v6-m/nofp\libg.a(libc_a-mprec.o)
                0x1000ccb4                __hi0bits
 .text.__lo0bits
                0x1000cd14       0x90 C:/Users/erica/.pico-sdk/toolchain/14_2_Rel1/bin/../lib/gcc/arm-none-eabi/14.2.1/thumb/v6-m/nofp\libg.a(libc_a-mprec.o)
                0x1000cd14                __lo0bits
 .text.__i2b    0x1000cda4       0x60 C:/Users/erica/.pico-sdk/toolchain/14_2_Rel1/bin/../lib/gcc/arm-none-eabi/14.2.1/thumb/v6-m/nofp\libg.a(libc_a-mprec.o)
                0x1000cda4                __i2b
 .text.__multiply
                0x1000ce04      0x1b0 C:/Users/erica/.pico-sdk/toolchain/14_2_Rel1/bin/../lib/gcc/arm-none-eabi/14.2.1/thumb/v6-m/nofp\libg.a(libc_a-mprec.o)
                0x1000ce04                __multiply
 .text.__pow5mult
                0x1000cfb4       0xd8 C:/Users/erica/.pico-sdk/toolchain/14_2_Rel1/bin/../lib/gcc/arm-none-eabi/14.2.1/thumb/v6-m/nofp\libg.a(libc_a-mprec.o)
                0x1000cfb4                __pow5mult
 .text.__lshift
                0x1000d08c       0xfc C:/Users/erica/.pico-sdk/toolchain/14_2_Rel1/bin/../lib/gcc/arm-none-eabi/14.2.1/thumb/v6-m/nofp\libg.a(libc_a-mprec.o)
                0x1000d08c                __lshift
 .text.__mcmp   0x1000d188       0x3c C:/Users/erica/.pico-sdk/toolchain/14_2_Rel1/bin/../lib/gcc/arm-none-eabi/14.2.1/thumb/v6-m/nofp\libg.a(libc_a-mprec.o)
                0x1000d188                __mcmp
 .text.__mdiff  0x1000d1c4      0x1a8 C:/Users/erica/.pico-sdk/toolchain/14_2_Rel1/bin/../lib/gcc/arm-none-eabi/14.2.1/thumb/v6-m/nofp\libg.a(libc_a-mprec.o)
                0x1000d1c4                __mdiff
 .text.__ulp    0x1000d36c       0x40 C:/Users/erica/.pico-sdk/toolchain/14_2_Rel1/bin/../lib/gcc/arm-none-eabi/14.2.1/thumb/v6-m/nofp\libg.a(libc_a-mprec.o)
                0x1000d36c                __ulp
 .text.__b2d    0x1000d3ac       0xb8 C:/Users/erica/.pico-sdk/toolchain/14_2_Rel1/bin/../lib/gcc/arm-none-eabi/14.2.1/thumb/v6-m/nofp\libg.a(libc_a-mprec.o)
                0x1000d3ac                __b2d
 .text.__d2b    0x1000d464       0xc4 C:/Users/erica/.pico-sdk/toolchain/14_2_Rel1/bin/../lib/gcc/arm-none-eabi/14.2.1/thumb/v6-m/nofp\libg.a(libc_a-mprec.o)
                0x1000d464                __d2b
 .text.__ratio  0x1000d528       0x68 C:/Users/erica/.pico-sdk/toolchain/14_2_Rel1/bin/../lib/gcc/arm-none-eabi/14.2.1/thumb/v6-m/nofp\libg.a(libc_a-mprec.o)
                0x1000d528                __ratio
 .text.__copybits
                0x1000d590       0x40 C:/Users/erica/.pico-sdk/toolchain/14_2_Rel1/bin/../lib/gcc/arm-none-eabi/14.2.1/thumb/v6-m/nofp\libg.a(libc_a-mprec.o)
                0x1000d590                __copybits
 .text.__any_on
                0x1000d5d0       0x4c C:/Users/erica/.pico-sdk/toolchain/14_2_Rel1/bin/../lib/gcc/arm-none-eabi/14.2.1/thumb/v6-m/nofp\libg.a(libc_a-mprec.o)
                0x1000d5d0                __any_on
 .text.category
                0x1000d61c       0x54 C:/Users/erica/.pico-sdk/toolchain/14_2_Rel1/bin/../lib/gcc/arm-none-eabi/14.2.1/thumb/v6-m/nofp\libg.a(libc_a-categories.o)
                0x1000d61c                category
 *(.fini)
 .fini          0x1000d670        0x4 C:/Users/erica/.pico-sdk/toolchain/14_2_Rel1/bin/../lib/gcc/arm-none-eabi/14.2.1/thumb/v6-m/nofp/crti.o
                0x1000d670                _fini
 *fill*         0x1000d674        0x4 
 .fini.__stub   0x1000d678       0xd0 linker stubs
 *crtbegin.o(.ctors)
 *crtbegin?.o(.ctors)
 *(EXCLUDE_FILE(*crtend.o *crtend?.o) .ctors)
 *(SORT_BY_NAME(.ctors.*))
 *(.ctors)
 *crtbegin.o(.dtors)
 *crtbegin?.o(.dtors)
 *(EXCLUDE_FILE(*crtend.o *crtend?.o) .dtors)
 *(SORT_BY_NAME(.dtors.*))
 *(.dtors)
                0x1000d748                        . = ALIGN (0x4)
                0x1000d748                        PROVIDE (__preinit_array_start = .)
 *(SORT_BY_NAME(.preinit_array.*))
 .preinit_array.00100
                0x1000d748        0x4 CMakeFiles/simple_pwm.dir/C_/Users/erica/.pico-sdk/sdk/2.1.1/src/rp2_common/pico_runtime_init/runtime_init.c.obj
                0x1000d748                __pre_init_runtime_init_early_resets
 .preinit_array.00101
                0x1000d74c        0x4 CMakeFiles/simple_pwm.dir/C_/Users/erica/.pico-sdk/sdk/2.1.1/src/rp2_common/pico_runtime_init/runtime_init.c.obj
                0x1000d74c                __pre_init_runtime_init_usb_power_down
 .preinit_array.00275
                0x1000d750        0x4 CMakeFiles/simple_pwm.dir/C_/Users/erica/.pico-sdk/sdk/2.1.1/src/rp2_common/pico_bit_ops/bit_ops_aeabi.S.obj
 .preinit_array.00300
                0x1000d754        0x4 CMakeFiles/simple_pwm.dir/C_/Users/erica/.pico-sdk/sdk/2.1.1/src/rp2_common/pico_mem_ops/mem_ops_aeabi.S.obj
 .preinit_array.00350
                0x1000d758        0x4 CMakeFiles/simple_pwm.dir/C_/Users/erica/.pico-sdk/sdk/2.1.1/src/rp2_common/pico_double/double_aeabi_rp2040.S.obj
 .preinit_array.00350
                0x1000d75c        0x4 CMakeFiles/simple_pwm.dir/C_/Users/erica/.pico-sdk/sdk/2.1.1/src/rp2_common/pico_float/float_aeabi_rp2040.S.obj
 .preinit_array.00500
                0x1000d760        0x4 CMakeFiles/simple_pwm.dir/C_/Users/erica/.pico-sdk/sdk/2.1.1/src/rp2_common/pico_runtime_init/runtime_init.c.obj
                0x1000d760                __pre_init_runtime_init_clocks
 .preinit_array.00600
                0x1000d764        0x4 CMakeFiles/simple_pwm.dir/C_/Users/erica/.pico-sdk/sdk/2.1.1/src/rp2_common/pico_runtime_init/runtime_init.c.obj
                0x1000d764                __pre_init_runtime_init_post_clock_resets
 .preinit_array.00700
                0x1000d768        0x4 CMakeFiles/simple_pwm.dir/C_/Users/erica/.pico-sdk/sdk/2.1.1/src/rp2_common/pico_runtime_init/runtime_init.c.obj
                0x1000d768                __pre_init_runtime_init_rp2040_gpio_ie_disable
 .preinit_array.01000
                0x1000d76c        0x4 CMakeFiles/simple_pwm.dir/C_/Users/erica/.pico-sdk/sdk/2.1.1/src/rp2_common/pico_runtime_init/runtime_init.c.obj
                0x1000d76c                __pre_init_runtime_init_spin_locks_reset
 .preinit_array.01100
                0x1000d770        0x4 CMakeFiles/simple_pwm.dir/C_/Users/erica/.pico-sdk/sdk/2.1.1/src/common/pico_sync/mutex.c.obj
                0x1000d770                __pre_init_runtime_init_mutex
 .preinit_array.10080
                0x1000d774        0x4 CMakeFiles/simple_pwm.dir/C_/Users/erica/.pico-sdk/sdk/2.1.1/src/rp2_common/pico_runtime_init/runtime_init.c.obj
                0x1000d774                __pre_init_runtime_init_install_ram_vector_table
 .preinit_array.11000
                0x1000d778        0x4 CMakeFiles/simple_pwm.dir/C_/Users/erica/.pico-sdk/sdk/2.1.1/src/common/pico_time/time.c.obj
                0x1000d778                __pre_init_runtime_init_default_alarm_pool
 .preinit_array.YYYYY
                0x1000d77c        0x4 CMakeFiles/simple_pwm.dir/C_/Users/erica/.pico-sdk/sdk/2.1.1/src/rp2_common/pico_runtime/runtime.c.obj
                0x1000d77c                __pre_init_first_per_core_initializer
 .preinit_array.ZZZZZ.01200
                0x1000d780        0x4 CMakeFiles/simple_pwm.dir/C_/Users/erica/.pico-sdk/sdk/2.1.1/src/rp2_common/hardware_irq/irq.c.obj
                0x1000d780                __pre_init_runtime_init_per_core_irq_priorities
 *(.preinit_array)
                0x1000d784                        PROVIDE (__preinit_array_end = .)
                0x1000d784                        . = ALIGN (0x4)
                0x1000d784                        PROVIDE (__init_array_start = .)
 *(SORT_BY_NAME(.init_array.*))
 *(.init_array)
 .init_array    0x1000d784        0x4 C:/Users/erica/.pico-sdk/toolchain/14_2_Rel1/bin/../lib/gcc/arm-none-eabi/14.2.1/thumb/v6-m/nofp/crtbegin.o
 .init_array    0x1000d788        0x4 CMakeFiles/simple_pwm.dir/C_/Users/erica/.pico-sdk/sdk/2.1.1/src/rp2_common/pico_unique_id/unique_id.c.obj
 .init_array    0x1000d78c        0x4 CMakeFiles/simple_pwm.dir/C_/Users/erica/.pico-sdk/sdk/2.1.1/src/rp2_common/pico_bootsel_via_double_reset/pico_bootsel_via_double_reset.c.obj
                0x1000d790                        PROVIDE (__init_array_end = .)
                0x1000d790                        . = ALIGN (0x4)
                [!provide]                        PROVIDE (__fini_array_start = .)
 *(SORT_BY_NAME(.fini_array.*))
 *(.fini_array)
                [!provide]                        PROVIDE (__fini_array_end = .)
 *(.eh_frame*)
 .eh_frame      0x1000d790        0x0 C:/Users/erica/.pico-sdk/toolchain/14_2_Rel1/bin/../lib/gcc/arm-none-eabi/14.2.1/thumb/v6-m/nofp/crtbegin.o
                0x1000d790                        . = ALIGN (0x4)

.glue_7         0x1000d790        0x0
 .glue_7        0x1000d790        0x0 linker stubs

.glue_7t        0x1000d790        0x0
 .glue_7t       0x1000d790        0x0 linker stubs

.vfp11_veneer   0x1000d790        0x0
 .vfp11_veneer  0x1000d790        0x0 linker stubs

.v4_bx          0x1000d790        0x0
 .v4_bx         0x1000d790        0x0 linker stubs

.iplt           0x1000d790        0x0
 .iplt          0x1000d790        0x0 C:/Users/erica/.pico-sdk/toolchain/14_2_Rel1/bin/../lib/gcc/arm-none-eabi/14.2.1/thumb/v6-m/nofp/crtbegin.o

.rodata         0x1000d790     0x7b3c
 *(EXCLUDE_FILE(*libm.a: *libc.a:*lib_a-mem*.o *libgcc.a:) .rodata*)
 .rodata.core1_entry.str1.4
                0x1000d790      0x382 CMakeFiles/simple_pwm.dir/simple_pwm.c.obj
                                  0x9 (size before relaxing)
 .rodata.main.str1.4
                0x1000db12       0x28 CMakeFiles/simple_pwm.dir/simple_pwm.c.obj
 .rodata.panic.str1.4
                0x1000db12       0x12 CMakeFiles/simple_pwm.dir/C_/Users/erica/.pico-sdk/sdk/2.1.1/src/rp2_common/pico_platform_panic/panic.c.obj
 .rodata.spin_lock_claim_unused.str1.4
                0x1000db12       0x1b CMakeFiles/simple_pwm.dir/C_/Users/erica/.pico-sdk/sdk/2.1.1/src/rp2_common/hardware_sync/sync.c.obj
 .rodata.user_irq_claim_unused.str1.4
                0x1000db12       0x1b CMakeFiles/simple_pwm.dir/C_/Users/erica/.pico-sdk/sdk/2.1.1/src/rp2_common/hardware_irq/irq.c.obj
 .rodata.timer_hardware_alarm_claim.str1.4
                0x1000db12       0x22 CMakeFiles/simple_pwm.dir/C_/Users/erica/.pico-sdk/sdk/2.1.1/src/rp2_common/hardware_timer/timer.c.obj
 .rodata.hard_assertion_failure.str1.4
                0x1000db12        0xc CMakeFiles/simple_pwm.dir/C_/Users/erica/.pico-sdk/sdk/2.1.1/src/rp2_common/pico_runtime/runtime.c.obj
 .rodata.__wrap_malloc.str1.4
                0x1000db12        0xe CMakeFiles/simple_pwm.dir/C_/Users/erica/.pico-sdk/sdk/2.1.1/src/rp2_common/pico_malloc/malloc.c.obj
 .rodata.str1.4
                0x1000db12       0x44 CMakeFiles/simple_pwm.dir/C_/Users/erica/.pico-sdk/sdk/2.1.1/src/rp2_common/pico_standard_binary_info/standard_binary_info.c.obj
 *fill*         0x1000db12        0x2 
 .rodata.__bi_84
                0x1000db14        0xc CMakeFiles/simple_pwm.dir/C_/Users/erica/.pico-sdk/sdk/2.1.1/src/rp2_common/pico_standard_binary_info/standard_binary_info.c.obj
 .rodata.__bi_78
                0x1000db20        0xc CMakeFiles/simple_pwm.dir/C_/Users/erica/.pico-sdk/sdk/2.1.1/src/rp2_common/pico_standard_binary_info/standard_binary_info.c.obj
 .rodata.__bi_60
                0x1000db2c        0xc CMakeFiles/simple_pwm.dir/C_/Users/erica/.pico-sdk/sdk/2.1.1/src/rp2_common/pico_standard_binary_info/standard_binary_info.c.obj
 .rodata.__bi_54
                0x1000db38        0xc CMakeFiles/simple_pwm.dir/C_/Users/erica/.pico-sdk/sdk/2.1.1/src/rp2_common/pico_standard_binary_info/standard_binary_info.c.obj
 .rodata.__bi_48
                0x1000db44        0xc CMakeFiles/simple_pwm.dir/C_/Users/erica/.pico-sdk/sdk/2.1.1/src/rp2_common/pico_standard_binary_info/standard_binary_info.c.obj
 .rodata.__bi_42
                0x1000db50        0xc CMakeFiles/simple_pwm.dir/C_/Users/erica/.pico-sdk/sdk/2.1.1/src/rp2_common/pico_standard_binary_info/standard_binary_info.c.obj
 .rodata.__bi_34
                0x1000db5c        0xc CMakeFiles/simple_pwm.dir/C_/Users/erica/.pico-sdk/sdk/2.1.1/src/rp2_common/pico_standard_binary_info/standard_binary_info.c.obj
 .rodata.__bi_26
                0x1000db68        0xc CMakeFiles/simple_pwm.dir/C_/Users/erica/.pico-sdk/sdk/2.1.1/src/rp2_common/pico_standard_binary_info/standard_binary_info.c.obj
 .rodata._ftoa.str1.4
                0x1000db74       0x15 CMakeFiles/simple_pwm.dir/C_/Users/erica/.pico-sdk/sdk/2.1.1/src/rp2_common/pico_printf/printf.c.obj
 .rodata._vsnprintf
                0x1000db74      0x19c CMakeFiles/simple_pwm.dir/C_/Users/erica/.pico-sdk/sdk/2.1.1/src/rp2_common/pico_printf/printf.c.obj
 .rodata.pow10.0
                0x1000dd10       0x50 CMakeFiles/simple_pwm.dir/C_/Users/erica/.pico-sdk/sdk/2.1.1/src/rp2_common/pico_printf/printf.c.obj
 .rodata.__assert_func.str1.4
                0x1000dd60       0x43 CMakeFiles/simple_pwm.dir/C_/Users/erica/.pico-sdk/sdk/2.1.1/src/rp2_common/pico_clib_interface/newlib_interface.c.obj
 .rodata.crlf_str.0
                0x1000dd60        0x2 CMakeFiles/simple_pwm.dir/C_/Users/erica/.pico-sdk/sdk/2.1.1/src/rp2_common/pico_stdio/stdio.c.obj
 .rodata.str1.4
                0x1000dd62       0x2c CMakeFiles/simple_pwm.dir/C_/Users/erica/.pico-sdk/sdk/2.1.1/src/rp2_common/pico_stdio_uart/stdio_uart.c.obj
 *fill*         0x1000dd62        0x2 
 .rodata.__bi_45.4
                0x1000dd64        0xc CMakeFiles/simple_pwm.dir/C_/Users/erica/.pico-sdk/sdk/2.1.1/src/rp2_common/pico_stdio_uart/stdio_uart.c.obj
 .rodata.__bi_49.5
                0x1000dd70        0x8 CMakeFiles/simple_pwm.dir/C_/Users/erica/.pico-sdk/sdk/2.1.1/src/rp2_common/pico_stdio_uart/stdio_uart.c.obj
 .rodata.__bi_50.6
                0x1000dd78        0x8 CMakeFiles/simple_pwm.dir/C_/Users/erica/.pico-sdk/sdk/2.1.1/src/rp2_common/pico_stdio_uart/stdio_uart.c.obj
 .rodata._resetd_driver
                0x1000dd80       0x20 CMakeFiles/simple_pwm.dir/C_/Users/erica/.pico-sdk/sdk/2.1.1/src/rp2_common/pico_stdio_usb/reset_interface.c.obj
 .rodata.desc_ms_os_20
                0x1000dda0       0xa6 CMakeFiles/simple_pwm.dir/C_/Users/erica/.pico-sdk/sdk/2.1.1/src/rp2_common/pico_stdio_usb/reset_interface.c.obj
 *fill*         0x1000de46        0x2 
 .rodata.desc_bos
                0x1000de48       0x21 CMakeFiles/simple_pwm.dir/C_/Users/erica/.pico-sdk/sdk/2.1.1/src/rp2_common/pico_stdio_usb/reset_interface.c.obj
                0x1000de48                desc_bos
 .rodata.str1.4
                0x1000de69       0x13 CMakeFiles/simple_pwm.dir/C_/Users/erica/.pico-sdk/sdk/2.1.1/src/rp2_common/pico_stdio_usb/stdio_usb.c.obj
 *fill*         0x1000de69        0x3 
 .rodata.__bi_197.0
                0x1000de6c        0xc CMakeFiles/simple_pwm.dir/C_/Users/erica/.pico-sdk/sdk/2.1.1/src/rp2_common/pico_stdio_usb/stdio_usb.c.obj
 .rodata.str1.4
                0x1000de78       0x2a CMakeFiles/simple_pwm.dir/C_/Users/erica/.pico-sdk/sdk/2.1.1/src/rp2_common/pico_stdio_usb/stdio_usb_descriptors.c.obj
 .rodata.usbd_desc_str
                0x1000de78       0x18 CMakeFiles/simple_pwm.dir/C_/Users/erica/.pico-sdk/sdk/2.1.1/src/rp2_common/pico_stdio_usb/stdio_usb_descriptors.c.obj
 .rodata.usbd_desc_cfg
                0x1000de90       0x54 CMakeFiles/simple_pwm.dir/C_/Users/erica/.pico-sdk/sdk/2.1.1/src/rp2_common/pico_stdio_usb/stdio_usb_descriptors.c.obj
 .rodata.usbd_desc_device
                0x1000dee4       0x12 CMakeFiles/simple_pwm.dir/C_/Users/erica/.pico-sdk/sdk/2.1.1/src/rp2_common/pico_stdio_usb/stdio_usb_descriptors.c.obj
 .rodata.str1.4
                0x1000def6       0x14 CMakeFiles/simple_pwm.dir/C_/Users/erica/.pico-sdk/sdk/2.1.1/lib/tinyusb/src/portable/raspberrypi/rp2040/dcd_rp2040.c.obj
 .rodata.str1.4
                0x1000def6       0x48 CMakeFiles/simple_pwm.dir/C_/Users/erica/.pico-sdk/sdk/2.1.1/lib/tinyusb/src/portable/raspberrypi/rp2040/rp2040_usb.c.obj
 *fill*         0x1000def6        0x2 
 .rodata.tud_task_ext
                0x1000def8       0x8c CMakeFiles/simple_pwm.dir/C_/Users/erica/.pico-sdk/sdk/2.1.1/lib/tinyusb/src/device/usbd.c.obj