Archive member included to satisfy reference by file (symbol)

C:/Users/erica/.pico-sdk/toolchain/14_2_Rel1/bin/../lib/gcc/arm-none-eabi/14.2.1/thumb/v6-m/nofp\libgcc.a(_dvmd_tls.o)
                              CMakeFiles/simple_pwm.dir/C_/Users/erica/.pico-sdk/sdk/2.1.1/src/rp2_common/pico_divider/divider_hardware.S.obj (__aeabi_idiv0)
C:/Users/erica/.pico-sdk/toolchain/14_2_Rel1/bin/../lib/gcc/arm-none-eabi/14.2.1/thumb/v6-m/nofp\libg.a(libc_a-calloc.o)
                              CMakeFiles/simple_pwm.dir/C_/Users/erica/.pico-sdk/sdk/2.1.1/src/rp2_common/pico_malloc/malloc.c.obj (calloc)
C:/Users/erica/.pico-sdk/toolchain/14_2_Rel1/bin/../lib/gcc/arm-none-eabi/14.2.1/thumb/v6-m/nofp\libg.a(libc_a-callocr.o)
                              C:/Users/erica/.pico-sdk/toolchain/14_2_Rel1/bin/../lib/gcc/arm-none-eabi/14.2.1/thumb/v6-m/nofp\libg.a(libc_a-calloc.o) (_calloc_r)
C:/Users/erica/.pico-sdk/toolchain/14_2_Rel1/bin/../lib/gcc/arm-none-eabi/14.2.1/thumb/v6-m/nofp\libg.a(libc_a-malloc.o)
                              CMakeFiles/simple_pwm.dir/C_/Users/erica/.pico-sdk/sdk/2.1.1/src/rp2_common/pico_malloc/malloc.c.obj (malloc)
C:/Users/erica/.pico-sdk/toolchain/14_2_Rel1/bin/../lib/gcc/arm-none-eabi/14.2.1/thumb/v6-m/nofp\libg.a(libc_a-mallocr.o)
                              C:/Users/erica/.pico-sdk/toolchain/14_2_Rel1/bin/../lib/gcc/arm-none-eabi/14.2.1/thumb/v6-m/nofp\libg.a(libc_a-callocr.o) (_malloc_r)
C:/Users/erica/.pico-sdk/toolchain/14_2_Rel1/bin/../lib/gcc/arm-none-eabi/14.2.1/thumb/v6-m/nofp\libg.a(libc_a-mlock.o)
                              C:/Users/erica/.pico-sdk/toolchain/14_2_Rel1/bin/../lib/gcc/arm-none-eabi/14.2.1/thumb/v6-m/nofp\libg.a(libc_a-mallocr.o) (__malloc_lock)
C:/Users/erica/.pico-sdk/toolchain/14_2_Rel1/bin/../lib/gcc/arm-none-eabi/14.2.1/thumb/v6-m/nofp\libg.a(libc_a-realloc.o)
                              CMakeFiles/simple_pwm.dir/C_/Users/erica/.pico-sdk/sdk/2.1.1/src/rp2_common/pico_malloc/malloc.c.obj (realloc)
C:/Users/erica/.pico-sdk/toolchain/14_2_Rel1/bin/../lib/gcc/arm-none-eabi/14.2.1/thumb/v6-m/nofp\libg.a(libc_a-reallocr.o)
                              C:/Users/erica/.pico-sdk/toolchain/14_2_Rel1/bin/../lib/gcc/arm-none-eabi/14.2.1/thumb/v6-m/nofp\libg.a(libc_a-realloc.o) (_realloc_r)
C:/Users/erica/.pico-sdk/toolchain/14_2_Rel1/bin/../lib/gcc/arm-none-eabi/14.2.1/thumb/v6-m/nofp\libg.a(libc_a-sscanf.o)
                              CMakeFiles/simple_pwm.dir/simple_pwm.c.obj (sscanf)
C:/Users/erica/.pico-sdk/toolchain/14_2_Rel1/bin/../lib/gcc/arm-none-eabi/14.2.1/thumb/v6-m/nofp\libg.a(libc_a-stdio.o)
                              C:/Users/erica/.pico-sdk/toolchain/14_2_Rel1/bin/../lib/gcc/arm-none-eabi/14.2.1/thumb/v6-m/nofp\libg.a(libc_a-sscanf.o) (__seofread)
C:/Users/erica/.pico-sdk/toolchain/14_2_Rel1/bin/../lib/gcc/arm-none-eabi/14.2.1/thumb/v6-m/nofp\libg.a(libc_a-memcmp.o)
                              CMakeFiles/simple_pwm.dir/C_/Users/erica/.pico-sdk/sdk/2.1.1/src/rp2_common/pico_atomic/atomic.c.obj (memcmp)
C:/Users/erica/.pico-sdk/toolchain/14_2_Rel1/bin/../lib/gcc/arm-none-eabi/14.2.1/thumb/v6-m/nofp\libg.a(libc_a-memmove.o)
                              C:/Users/erica/.pico-sdk/toolchain/14_2_Rel1/bin/../lib/gcc/arm-none-eabi/14.2.1/thumb/v6-m/nofp\libg.a(libc_a-reallocr.o) (memmove)
C:/Users/erica/.pico-sdk/toolchain/14_2_Rel1/bin/../lib/gcc/arm-none-eabi/14.2.1/thumb/v6-m/nofp\libg.a(libc_a-lcltime_r.o)
                              CMakeFiles/simple_pwm.dir/C_/Users/erica/.pico-sdk/sdk/2.1.1/src/common/pico_util/datetime.c.obj (localtime_r)
C:/Users/erica/.pico-sdk/toolchain/14_2_Rel1/bin/../lib/gcc/arm-none-eabi/14.2.1/thumb/v6-m/nofp\libg.a(libc_a-mktime.o)
                              CMakeFiles/simple_pwm.dir/C_/Users/erica/.pico-sdk/sdk/2.1.1/src/common/pico_util/datetime.c.obj (mktime)
C:/Users/erica/.pico-sdk/toolchain/14_2_Rel1/bin/../lib/gcc/arm-none-eabi/14.2.1/thumb/v6-m/nofp\libg.a(libc_a-month_lengths.o)
                              C:/Users/erica/.pico-sdk/toolchain/14_2_Rel1/bin/../lib/gcc/arm-none-eabi/14.2.1/thumb/v6-m/nofp\libg.a(libc_a-lcltime_r.o) (__month_lengths)
C:/Users/erica/.pico-sdk/toolchain/14_2_Rel1/bin/../lib/gcc/arm-none-eabi/14.2.1/thumb/v6-m/nofp\libg.a(libc_a-tzcalc_limits.o)
                              C:/Users/erica/.pico-sdk/toolchain/14_2_Rel1/bin/../lib/gcc/arm-none-eabi/14.2.1/thumb/v6-m/nofp\libg.a(libc_a-lcltime_r.o) (__tzcalc_limits)
C:/Users/erica/.pico-sdk/toolchain/14_2_Rel1/bin/../lib/gcc/arm-none-eabi/14.2.1/thumb/v6-m/nofp\libg.a(libc_a-tzlock.o)
                              C:/Users/erica/.pico-sdk/toolchain/14_2_Rel1/bin/../lib/gcc/arm-none-eabi/14.2.1/thumb/v6-m/nofp\libg.a(libc_a-lcltime_r.o) (__tz_lock)
C:/Users/erica/.pico-sdk/toolchain/14_2_Rel1/bin/../lib/gcc/arm-none-eabi/14.2.1/thumb/v6-m/nofp\libg.a(libc_a-tzset.o)
[...]
Memory Configuration

Name             Origin             Length             Attributes
FLASH            0x10000000         0x00200000         xr
RAM              0x20000000         0x00040000         xrw
SCRATCH_X        0x20040000         0x00001000         xrw
SCRATCH_Y        0x20041000         0x00001000         xrw
*default*        0x00000000         0xffffffff

Linker script and memory map

LOAD C:/Users/erica/.pico-sdk/toolchain/14_2_Rel1/bin/../lib/gcc/arm-none-eabi/14.2.1/thumb/v6-m/nofp/crti.o
LOAD C:/Users/erica/.pico-sdk/toolchain/14_2_Rel1/bin/../lib/gcc/arm-none-eabi/14.2.1/thumb/v6-m/nofp/crtbegin.o
LOAD C:/Users/erica/.pico-sdk/toolchain/14_2_Rel1/bin/../lib/gcc/arm-none-eabi/14.2.1/thumb/v6-m/nofp/crt0.o

.flash_begin    0x10000000        0x0
                0x10000000                        __flash_binary_start = .

.boot2          0x10000000      0x100
                0x10000000                        __boot2_start__ = .
 *(.boot2)
 .boot2         0x10000000      0x100 pico-sdk/src/rp2040/boot_stage2/CMakeFiles/bs2_default_library.dir/./bs2_default_padded_checksummed.S.obj
                0x10000100                        __boot2_end__ = .
                0x00000001                        ASSERT (((__boot2_end__ - __boot2_start__) == 0x100), ERROR: Pico second stage bootloader must be 256 bytes in size)

.text           0x10000100     0xd418
                0x10000100                        __logical_binary_start = .
 *(.vectors)
 .vectors       0x10000100       0xd4 CMakeFiles/simple_pwm.dir/C_/Users/erica/.pico-sdk/sdk/2.1.1/src/rp2_common/pico_crt0/crt0.S.obj
                0x10000100                __VECTOR_TABLE
                0x10000100                __vectors
                0x100001c0                isr_invalid
                0x100001c0                __default_isrs_start
                0x100001c2                isr_nmi
                0x100001c4                isr_hardfault
                0x100001c6                isr_svcall
                0x100001c8                isr_pendsv
                0x100001ca                isr_systick
                0x100001cc                isr_irq23
                0x100001cc                isr_irq18
                0x100001cc                isr_irq11
                0x100001cc                isr_irq28
                0x100001cc                isr_irq19
                0x100001cc                isr_irq0
                0x100001cc                isr_irq6
                0x100001cc                isr_irq5
                0x100001cc                isr_irq12
                0x100001cc                isr_irq22
                0x100001cc                isr_irq31
                0x100001cc                isr_irq17
                0x100001cc                isr_irq27
                0x100001cc                isr_irq30
                0x100001cc                isr_irq2
                0x100001cc                isr_irq10
                0x100001cc                isr_irq8
                0x100001cc                isr_irq24
                0x100001cc                isr_irq1
                0x100001cc                isr_irq7
                0x100001cc                isr_irq21
                0x100001cc                isr_irq20
                0x100001cc                isr_irq15
                0x100001cc                isr_irq25
                0x100001cc                isr_irq13
                0x100001cc                __unhandled_user_irq
                0x100001cc                isr_irq4
                0x100001cc                isr_irq16
                0x100001cc                isr_irq29
                0x100001cc                isr_irq26
                0x100001cc                __default_isrs_end
                0x100001cc                isr_irq3
                0x100001cc                isr_irq14
                0x100001cc                isr_irq9
                0x100001d2                unhandled_user_irq_num_in_r0
 *(.binary_info_header)
 .binary_info_header
                0x100001d4       0x14 CMakeFiles/simple_pwm.dir/C_/Users/erica/.pico-sdk/sdk/2.1.1/src/rp2_common/pico_crt0/crt0.S.obj
                0x100001e8                        __binary_info_header_end = .
 *(.embedded_block)
                0x100001e8                        __embedded_block_end = .
 *(.reset)
 .reset         0x100001e8       0x9c CMakeFiles/simple_pwm.dir/C_/Users/erica/.pico-sdk/sdk/2.1.1/src/rp2_common/pico_crt0/crt0.S.obj
                0x100001e8                _entry_point
 *(.init)
 .init          0x10000284        0x4 C:/Users/erica/.pico-sdk/toolchain/14_2_Rel1/bin/../lib/gcc/arm-none-eabi/14.2.1/thumb/v6-m/nofp/crti.o
                0x10000284                _init
 *(EXCLUDE_FILE(*libm.a: *libc.a:*lib_a-mem*.o *libgcc.a:) .text*)
 .text.register_tm_clones
                0x10000288       0x28 C:/Users/erica/.pico-sdk/toolchain/14_2_Rel1/bin/../lib/gcc/arm-none-eabi/14.2.1/thumb/v6-m/nofp/crtbegin.o
 .text.frame_dummy
                0x100002b0       0x24 C:/Users/erica/.pico-sdk/toolchain/14_2_Rel1/bin/../lib/gcc/arm-none-eabi/14.2.1/thumb/v6-m/nofp/crtbegin.o
 .text.on_pwm_wrap
                0x100002d4       0x18 CMakeFiles/simple_pwm.dir/simple_pwm.c.obj
                0x100002d4                on_pwm_wrap
 .text.core1_entry
                0x100002ec       0xb0 CMakeFiles/simple_pwm.dir/simple_pwm.c.obj
                0x100002ec                core1_entry
 .text.initialize
                0x1000039c      0x198 CMakeFiles/simple_pwm.dir/simple_pwm.c.obj
                0x1000039c                initialize
 .text.writePercentSteer
                0x10000534      0x188 CMakeFiles/simple_pwm.dir/simple_pwm.c.obj
                0x10000534                writePercentSteer
 .text.writePercentBrake
                0x100006bc       0xe4 CMakeFiles/simple_pwm.dir/simple_pwm.c.obj
                0x100006bc                writePercentBrake
 .text.startup.main
                0x100007a0      0x128 CMakeFiles/simple_pwm.dir/simple_pwm.c.obj
                0x100007a0                main
 .text.gpio_set_function
                0x100008c8       0x34 CMakeFiles/simple_pwm.dir/C_/Users/erica/.pico-sdk/sdk/2.1.1/src/rp2_common/hardware_gpio/gpio.c.obj
                0x100008c8                gpio_set_function
 .text.gpio_set_pulls
                0x100008fc       0x28 CMakeFiles/simple_pwm.dir/C_/Users/erica/.pico-sdk/sdk/2.1.1/src/rp2_common/hardware_gpio/gpio.c.obj
                0x100008fc                gpio_set_pulls
 .text.gpio_set_input_enabled
                0x10000924       0x28 CMakeFiles/simple_pwm.dir/C_/Users/erica/.pico-sdk/sdk/2.1.1/src/rp2_common/hardware_gpio/gpio.c.obj
                0x10000924                gpio_set_input_enabled
 .text.gpio_init
                0x1000094c       0x40 CMakeFiles/simple_pwm.dir/C_/Users/erica/.pico-sdk/sdk/2.1.1/src/rp2_common/hardware_gpio/gpio.c.obj
                0x1000094c                gpio_init
 .text.rp2040_chip_version
                0x1000098c        0xc CMakeFiles/simple_pwm.dir/C_/Users/erica/.pico-sdk/sdk/2.1.1/src/rp2040/pico_platform/platform.c.obj
                0x1000098c                rp2040_chip_version
 .text.panic    0x10000998       0x30 CMakeFiles/simple_pwm.dir/C_/Users/erica/.pico-sdk/sdk/2.1.1/src/rp2_common/pico_platform_panic/panic.c.obj
                0x10000998                panic
 .text.hw_claim_or_assert
                0x100009c8       0x44 CMakeFiles/simple_pwm.dir/C_/Users/erica/.pico-sdk/sdk/2.1.1/src/common/hardware_claim/claim.c.obj
                0x100009c8                hw_claim_or_assert
 .text.hw_claim_unused_from_range
                0x10000a0c       0x88 CMakeFiles/simple_pwm.dir/C_/Users/erica/.pico-sdk/sdk/2.1.1/src/common/hardware_claim/claim.c.obj
                0x10000a0c                hw_claim_unused_from_range
 .text.next_striped_spin_lock_num
                0x10000a94       0x18 CMakeFiles/simple_pwm.dir/C_/Users/erica/.pico-sdk/sdk/2.1.1/src/rp2_common/hardware_sync/sync.c.obj
                0x10000a94                next_striped_spin_lock_num
 .text.spin_lock_claim_unused
                0x10000aac       0x24 CMakeFiles/simple_pwm.dir/C_/Users/erica/.pico-sdk/sdk/2.1.1/src/rp2_common/hardware_sync/sync.c.obj
                0x10000aac                spin_lock_claim_unused
 .text.spin_locks_reset
                0x10000ad0       0x1c CMakeFiles/simple_pwm.dir/C_/Users/erica/.pico-sdk/sdk/2.1.1/src/rp2_common/hardware_sync_spin_lock/sync_spin_lock.c.obj
                0x10000ad0                spin_locks_reset
 .text.runtime_init_per_core_irq_priorities
                0x10000aec       0x24 CMakeFiles/simple_pwm.dir/C_/Users/erica/.pico-sdk/sdk/2.1.1/src/rp2_common/hardware_irq/irq.c.obj
                0x10000aec                runtime_init_per_core_irq_priorities
 .text.irq_set_enabled
                0x10000b10       0x24 CMakeFiles/simple_pwm.dir/C_/Users/erica/.pico-sdk/sdk/2.1.1/src/rp2_common/hardware_irq/irq.c.obj
                0x10000b10                irq_set_enabled
 .text.irq_is_enabled
                0x10000b34       0x18 CMakeFiles/simple_pwm.dir/C_/Users/erica/.pico-sdk/sdk/2.1.1/src/rp2_common/hardware_irq/irq.c.obj
                0x10000b34                irq_is_enabled
 .text.irq_set_pending
                0x10000b4c       0x10 CMakeFiles/simple_pwm.dir/C_/Users/erica/.pico-sdk/sdk/2.1.1/src/rp2_common/hardware_irq/irq.c.obj
                0x10000b4c                irq_set_pending
 .text.irq_has_shared_handler
                0x10000b5c       0x24 CMakeFiles/simple_pwm.dir/C_/Users/erica/.pico-sdk/sdk/2.1.1/src/rp2_common/hardware_irq/irq.c.obj
                0x10000b5c                irq_has_shared_handler
 .text.irq_set_exclusive_handler
                0x10000b80       0x54 CMakeFiles/simple_pwm.dir/C_/Users/erica/.pico-sdk/sdk/2.1.1/src/rp2_common/hardware_irq/irq.c.obj
                0x10000b80                irq_set_exclusive_handler
 .text.irq_add_shared_handler
                0x10000bd4      0x1f4 CMakeFiles/simple_pwm.dir/C_/Users/erica/.pico-sdk/sdk/2.1.1/src/rp2_common/hardware_irq/irq.c.obj
                0x10000bd4                irq_add_shared_handler
 .text.irq_remove_handler
                0x10000dc8      0x1d4 CMakeFiles/simple_pwm.dir/C_/Users/erica/.pico-sdk/sdk/2.1.1/src/rp2_common/hardware_irq/irq.c.obj
                0x10000dc8                irq_remove_handler
 .text.irq_add_tail_to_free_list
                0x10000f9c       0xb4 CMakeFiles/simple_pwm.dir/C_/Users/erica/.pico-sdk/sdk/2.1.1/src/rp2_common/hardware_irq/irq.c.obj
                0x10000f9c                irq_add_tail_to_free_list
 .text.user_irq_claim_unused
                0x10001050       0x2c CMakeFiles/simple_pwm.dir/C_/Users/erica/.pico-sdk/sdk/2.1.1/src/rp2_common/hardware_irq/irq.c.obj
                0x10001050                user_irq_claim_unused
 .text.lock_init
                0x1000107c       0x10 CMakeFiles/simple_pwm.dir/C_/Users/erica/.pico-sdk/sdk/2.1.1/src/common/pico_sync/lock_core.c.obj
                0x1000107c                lock_init
 .text.runtime_init_mutex
                0x1000108c       0x50 CMakeFiles/simple_pwm.dir/C_/Users/erica/.pico-sdk/sdk/2.1.1/src/common/pico_sync/mutex.c.obj
                0x1000108c                runtime_init_mutex
 .text.mutex_init
                0x100010dc       0x1c CMakeFiles/simple_pwm.dir/C_/Users/erica/.pico-sdk/sdk/2.1.1/src/common/pico_sync/mutex.c.obj
                0x100010dc                mutex_init
 .text.critical_section_init
                0x100010f8       0x1c CMakeFiles/simple_pwm.dir/C_/Users/erica/.pico-sdk/sdk/2.1.1/src/common/pico_sync/critical_section.c.obj
                0x100010f8                critical_section_init
 .text.critical_section_init_with_lock_num
                0x10001114       0x14 CMakeFiles/simple_pwm.dir/C_/Users/erica/.pico-sdk/sdk/2.1.1/src/common/pico_sync/critical_section.c.obj
                0x10001114                critical_section_init_with_lock_num
 .text.sleep_until_callback
                0x10001128       0x30 CMakeFiles/simple_pwm.dir/C_/Users/erica/.pico-sdk/sdk/2.1.1/src/common/pico_time/time.c.obj
 .text.alarm_pool_irq_handler
                0x10001158      0x300 CMakeFiles/simple_pwm.dir/C_/Users/erica/.pico-sdk/sdk/2.1.1/src/common/pico_time/time.c.obj
 .text.runtime_init_default_alarm_pool
                0x10001458       0xdc CMakeFiles/simple_pwm.dir/C_/Users/erica/.pico-sdk/sdk/2.1.1/src/common/pico_time/time.c.obj
                0x10001458                runtime_init_default_alarm_pool
 .text.alarm_pool_get_default
                0x10001534        0x8 CMakeFiles/simple_pwm.dir/C_/Users/erica/.pico-sdk/sdk/2.1.1/src/common/pico_time/time.c.obj
                0x10001534                alarm_pool_get_default
 .text.alarm_pool_add_alarm_at
                0x1000153c       0xd0 CMakeFiles/simple_pwm.dir/C_/Users/erica/.pico-sdk/sdk/2.1.1/src/common/pico_time/time.c.obj
                0x1000153c                alarm_pool_add_alarm_at
 .text.alarm_pool_add_alarm_at_force_in_context
                0x1000160c       0xb0 CMakeFiles/simple_pwm.dir/C_/Users/erica/.pico-sdk/sdk/2.1.1/src/common/pico_time/time.c.obj
                0x1000160c                alarm_pool_add_alarm_at_force_in_context
 .text.alarm_pool_cancel_alarm
                0x100016bc       0x74 CMakeFiles/simple_pwm.dir/C_/Users/erica/.pico-sdk/sdk/2.1.1/src/common/pico_time/time.c.obj
                0x100016bc                alarm_pool_cancel_alarm
 .text.alarm_pool_core_num
                0x10001730        0x4 CMakeFiles/simple_pwm.dir/C_/Users/erica/.pico-sdk/sdk/2.1.1/src/common/pico_time/time.c.obj
                0x10001730                alarm_pool_core_num
 .text.best_effort_wfe_or_timeout
                0x10001734      0x10c CMakeFiles/simple_pwm.dir/C_/Users/erica/.pico-sdk/sdk/2.1.1/src/common/pico_time/time.c.obj
                0x10001734                best_effort_wfe_or_timeout
 .text.timer_hardware_alarm_claim
                0x10001840       0x14 CMakeFiles/simple_pwm.dir/C_/Users/erica/.pico-sdk/sdk/2.1.1/src/rp2_common/hardware_timer/timer.c.obj
                0x10001840                timer_hardware_alarm_claim
 .text.timer_time_us_64
                0x10001854       0x10 CMakeFiles/simple_pwm.dir/C_/Users/erica/.pico-sdk/sdk/2.1.1/src/rp2_common/hardware_timer/timer.c.obj
                0x10001854                timer_time_us_64
 .text.time_us_64
                0x10001864       0x14 CMakeFiles/simple_pwm.dir/C_/Users/erica/.pico-sdk/sdk/2.1.1/src/rp2_common/hardware_timer/timer.c.obj
                0x10001864                time_us_64
 .text.busy_wait_us
                0x10001878       0x68 CMakeFiles/simple_pwm.dir/C_/Users/erica/.pico-sdk/sdk/2.1.1/src/rp2_common/hardware_timer/timer.c.obj
                0x10001878                busy_wait_us
 .text.uart_init
                0x100018e0      0x120 CMakeFiles/simple_pwm.dir/C_/Users/erica/.pico-sdk/sdk/2.1.1/src/rp2_common/hardware_uart/uart.c.obj
                0x100018e0                uart_init
 .text.clock_configure_int_divider
                0x10001a00       0xf4 CMakeFiles/simple_pwm.dir/C_/Users/erica/.pico-sdk/sdk/2.1.1/src/rp2_common/hardware_clocks/clocks.c.obj
                0x10001a00                clock_configure_int_divider
 .text.clock_configure_undivided
                0x10001af4       0xe8 CMakeFiles/simple_pwm.dir/C_/Users/erica/.pico-sdk/sdk/2.1.1/src/rp2_common/hardware_clocks/clocks.c.obj
                0x10001af4                clock_configure_undivided
 .text.clock_get_hz
                0x10001bdc        0xc CMakeFiles/simple_pwm.dir/C_/Users/erica/.pico-sdk/sdk/2.1.1/src/rp2_common/hardware_clocks/clocks.c.obj
                0x10001bdc                clock_get_hz
 .text.pll_init
                0x10001be8       0xa4 CMakeFiles/simple_pwm.dir/C_/Users/erica/.pico-sdk/sdk/2.1.1/src/rp2_common/hardware_pll/pll.c.obj
                0x10001be8                pll_init
 .text.watchdog_reboot
                0x10001c8c       0x9c CMakeFiles/simple_pwm.dir/C_/Users/erica/.pico-sdk/sdk/2.1.1/src/rp2_common/hardware_watchdog/watchdog.c.obj
                0x10001c8c                watchdog_reboot
 .text.tick_start
                0x10001d28       0x10 CMakeFiles/simple_pwm.dir/C_/Users/erica/.pico-sdk/sdk/2.1.1/src/rp2_common/hardware_ticks/ticks.c.obj
                0x10001d28                tick_start
 .text.rom_func_lookup
                0x10001d38       0x10 CMakeFiles/simple_pwm.dir/C_/Users/erica/.pico-sdk/sdk/2.1.1/src/rp2_common/pico_bootrom/bootrom.c.obj
                0x10001d38                rom_func_lookup
 .text.rom_data_lookup
                0x10001d48       0x10 CMakeFiles/simple_pwm.dir/C_/Users/erica/.pico-sdk/sdk/2.1.1/src/rp2_common/pico_bootrom/bootrom.c.obj
                0x10001d48                rom_data_lookup
 .text.rom_funcs_lookup
                0x10001d58       0x44 CMakeFiles/simple_pwm.dir/C_/Users/erica/.pico-sdk/sdk/2.1.1/src/rp2_common/pico_bootrom/bootrom.c.obj
                0x10001d58                rom_funcs_lookup
 .text.rom_reset_usb_boot_extra
                0x10001d9c       0x24 CMakeFiles/simple_pwm.dir/C_/Users/erica/.pico-sdk/sdk/2.1.1/src/rp2_common/pico_bootrom/bootrom.c.obj
                0x10001d9c                rom_reset_usb_boot_extra
 .text.xosc_init
                0x10001dc0       0x28 CMakeFiles/simple_pwm.dir/C_/Users/erica/.pico-sdk/sdk/2.1.1/src/rp2_common/hardware_xosc/xosc.c.obj
                0x10001dc0                xosc_init
 .text.first_per_core_initializer
                0x10001de8        0x4 CMakeFiles/simple_pwm.dir/C_/Users/erica/.pico-sdk/sdk/2.1.1/src/rp2_common/pico_runtime/runtime.c.obj
 .text.hard_assertion_failure
                0x10001dec        0xc CMakeFiles/simple_pwm.dir/C_/Users/erica/.pico-sdk/sdk/2.1.1/src/rp2_common/pico_runtime/runtime.c.obj
                0x10001dec                hard_assertion_failure
 .text.runtime_run_initializers
                0x10001df8       0x28 CMakeFiles/simple_pwm.dir/C_/Users/erica/.pico-sdk/sdk/2.1.1/src/rp2_common/pico_runtime/runtime.c.obj
                0x10001df8                runtime_run_initializers
 .text.runtime_run_per_core_initializers
                0x10001e20       0x28 CMakeFiles/simple_pwm.dir/C_/Users/erica/.pico-sdk/sdk/2.1.1/src/rp2_common/pico_runtime/runtime.c.obj
                0x10001e20                runtime_run_per_core_initializers
 .text.runtime_init_early_resets
                0x10001e48       0x2c CMakeFiles/simple_pwm.dir/C_/Users/erica/.pico-sdk/sdk/2.1.1/src/rp2_common/pico_runtime_init/runtime_init.c.obj
                0x10001e48                runtime_init_early_resets
 .text.runtime_init_usb_power_down
                0x10001e74       0x1c CMakeFiles/simple_pwm.dir/C_/Users/erica/.pico-sdk/sdk/2.1.1/src/rp2_common/pico_runtime_init/runtime_init.c.obj
                0x10001e74                runtime_init_usb_power_down
 .text.runtime_init_post_clock_resets
                0x10001e90       0x20 CMakeFiles/simple_pwm.dir/C_/Users/erica/.pico-sdk/sdk/2.1.1/src/rp2_common/pico_runtime_init/runtime_init.c.obj
                0x10001e90                runtime_init_post_clock_resets
 .text.runtime_init_rp2040_gpio_ie_disable
                0x10001eb0       0x14 CMakeFiles/simple_pwm.dir/C_/Users/erica/.pico-sdk/sdk/2.1.1/src/rp2_common/pico_runtime_init/runtime_init.c.obj
                0x10001eb0                runtime_init_rp2040_gpio_ie_disable
 .text.runtime_init_spin_locks_reset
                0x10001ec4        0x8 CMakeFiles/simple_pwm.dir/C_/Users/erica/.pico-sdk/sdk/2.1.1/src/rp2_common/pico_runtime_init/runtime_init.c.obj
                0x10001ec4                runtime_init_spin_locks_reset
 .text.runtime_init_install_ram_vector_table
                0x10001ecc       0x1c CMakeFiles/simple_pwm.dir/C_/Users/erica/.pico-sdk/sdk/2.1.1/src/rp2_common/pico_runtime_init/runtime_init.c.obj
                0x10001ecc                runtime_init_install_ram_vector_table
 .text.runtime_init_clocks
                0x10001ee8       0xd8 CMakeFiles/simple_pwm.dir/C_/Users/erica/.pico-sdk/sdk/2.1.1/src/rp2_common/pico_runtime_init/runtime_init_clocks.c.obj
                0x10001ee8                runtime_init_clocks
 .text          0x10001fc0       0x10 CMakeFiles/simple_pwm.dir/C_/Users/erica/.pico-sdk/sdk/2.1.1/src/rp2_common/pico_bit_ops/bit_ops_aeabi.S.obj
 .text.__wrap___aeabi_idiv
                0x10001fd0       0x50 CMakeFiles/simple_pwm.dir/C_/Users/erica/.pico-sdk/sdk/2.1.1/src/rp2_common/pico_divider/divider_hardware.S.obj
                0x10001fd0                __wrap___aeabi_idivmod
                0x10001fd0                divmod_s32s32
                0x10001fd0                div_s32s32
                0x10001fd0                __wrap___aeabi_idiv
                0x10001fd8                divmod_s32s32_unsafe
                0x10002004                divmod_s32s32_savestate
 .text.__wrap___aeabi_uidiv
                0x10002020       0x4c CMakeFiles/simple_pwm.dir/C_/Users/erica/.pico-sdk/sdk/2.1.1/src/rp2_common/pico_divider/divider_hardware.S.obj
                0x10002020                __wrap___aeabi_uidiv
                0x10002020                __wrap___aeabi_uidivmod
                0x10002020                div_u32u32
                0x10002020                divmod_u32u32
                0x10002028                divmod_u32u32_unsafe
                0x10002050                divmod_u32u32_savestate
 .text.__wrap___aeabi_ldiv
                0x1000206c      0x424 CMakeFiles/simple_pwm.dir/C_/Users/erica/.pico-sdk/sdk/2.1.1/src/rp2_common/pico_divider/divider_hardware.S.obj
                0x1000206c                div_s64s64
                0x1000206c                divmod_s64s64
                0x1000206c                __wrap___aeabi_ldivmod
                0x1000209c                divmod_u64u64
                0x1000209c                div_u64u64
                0x1000209c                __wrap___aeabi_uldivmod
                0x100020ac                divmod_u64u64_savestate
                0x100020cc                divmod_s64s64_unsafe
                0x10002154                divmod_u64u64_unsafe
 .text.__wrap___aeabi_darithmetic
                0x10002490       0x80 CMakeFiles/simple_pwm.dir/C_/Users/erica/.pico-sdk/sdk/2.1.1/src/rp2_common/pico_double/double_aeabi_rp2040.S.obj
                0x10002490                __wrap___aeabi_drsub
                0x10002496                __wrap___aeabi_dsub
                0x100024a8                __wrap___aeabi_dadd
                0x100024ba                __wrap___aeabi_ddiv
                0x100024f6                __wrap___aeabi_dmul
 .text.__wrap___aeabi_cdcmple
                0x10002510       0x6c CMakeFiles/simple_pwm.dir/C_/Users/erica/.pico-sdk/sdk/2.1.1/src/rp2_common/pico_double/double_aeabi_rp2040.S.obj
                0x10002510                __wrap___aeabi_cdrcmple
                0x10002520                __wrap___aeabi_cdcmpeq
                0x10002520                __wrap___aeabi_cdcmple
 .text.__wrap___aeabi_dcmpeq
                0x1000257c       0x10 CMakeFiles/simple_pwm.dir/C_/Users/erica/.pico-sdk/sdk/2.1.1/src/rp2_common/pico_double/double_aeabi_rp2040.S.obj
                0x1000257c                __wrap___aeabi_dcmpeq
 .text.__wrap___aeabi_dcmplt
                0x1000258c        0xc CMakeFiles/simple_pwm.dir/C_/Users/erica/.pico-sdk/sdk/2.1.1/src/rp2_common/pico_double/double_aeabi_rp2040.S.obj
                0x1000258c                __wrap___aeabi_dcmplt
 .text.__wrap___aeabi_dcmple
                0x10002598       0x10 CMakeFiles/simple_pwm.dir/C_/Users/erica/.pico-sdk/sdk/2.1.1/src/rp2_common/pico_double/double_aeabi_rp2040.S.obj
                0x10002598                __wrap___aeabi_dcmple
 .text.__wrap___aeabi_dcmpge
                0x100025a8       0x10 CMakeFiles/simple_pwm.dir/C_/Users/erica/.pico-sdk/sdk/2.1.1/src/rp2_common/pico_double/double_aeabi_rp2040.S.obj
                0x100025a8                __wrap___aeabi_dcmpge
 .text.__wrap___aeabi_dcmpgt
                0x100025b8        0xa CMakeFiles/simple_pwm.dir/C_/Users/erica/.pico-sdk/sdk/2.1.1/src/rp2_common/pico_double/double_aeabi_rp2040.S.obj
                0x100025b8                __wrap___aeabi_dcmpgt
 .text.__wrap___aeabi_dcmpun
                0x100025c2       0x18 CMakeFiles/simple_pwm.dir/C_/Users/erica/.pico-sdk/sdk/2.1.1/src/rp2_common/pico_double/double_aeabi_rp2040.S.obj
                0x100025c2                __wrap___aeabi_dcmpun
 *fill*         0x100025da        0x2 
 .text.__wrap___aeabi_i2d
                0x100025dc       0x38 CMakeFiles/simple_pwm.dir/C_/Users/erica/.pico-sdk/sdk/2.1.1/src/rp2_common/pico_double/double_aeabi_rp2040.S.obj
                0x100025dc                uint2double
                0x100025dc                __wrap___aeabi_ui2d
                0x100025e4                int2double
                0x100025e4                __wrap___aeabi_i2d
 .text.__wrap___aeabi_d2iz
                0x10002614       0x48 CMakeFiles/simple_pwm.dir/C_/Users/erica/.pico-sdk/sdk/2.1.1/src/rp2_common/pico_double/double_aeabi_rp2040.S.obj
                0x10002614                double2int_z
                0x10002614                __wrap___aeabi_d2iz
 .text.__wrap___aeabi_d2uiz
                0x1000265c       0x18 CMakeFiles/simple_pwm.dir/C_/Users/erica/.pico-sdk/sdk/2.1.1/src/rp2_common/pico_double/double_aeabi_rp2040.S.obj
                0x1000265c                double2uint
                0x1000265c                __wrap___aeabi_d2uiz
                0x1000265c                double2uint_z
 .text.__wrap___aeabi_l2d
                0x10002674       0x18 CMakeFiles/simple_pwm.dir/C_/Users/erica/.pico-sdk/sdk/2.1.1/src/rp2_common/pico_double/double_aeabi_rp2040.S.obj
                0x10002674                int642double
                0x10002674                __wrap___aeabi_l2d
 .text.__wrap___aeabi_d2lz
                0x1000268c       0x26 CMakeFiles/simple_pwm.dir/C_/Users/erica/.pico-sdk/sdk/2.1.1/src/rp2_common/pico_double/double_aeabi_rp2040.S.obj
                0x1000268c                double2int64_z
                0x1000268c                __wrap___aeabi_d2lz
 *fill*         0x100026b2        0x2 
 .text.double2int64
                0x100026b4       0x18 CMakeFiles/simple_pwm.dir/C_/Users/erica/.pico-sdk/sdk/2.1.1/src/rp2_common/pico_double/double_aeabi_rp2040.S.obj
                0x100026b4                double2int64
 .text.double2ufix64
                0x100026cc       0x18 CMakeFiles/simple_pwm.dir/C_/Users/erica/.pico-sdk/sdk/2.1.1/src/rp2_common/pico_double/double_aeabi_rp2040.S.obj
                0x100026cc                double2ufix64_z
                0x100026cc                double2ufix64
 .text.__wrap___aeabi_d2f
                0x100026e4       0x18 CMakeFiles/simple_pwm.dir/C_/Users/erica/.pico-sdk/sdk/2.1.1/src/rp2_common/pico_double/double_aeabi_rp2040.S.obj
                0x100026e4                __wrap___aeabi_d2f
 .text.__aeabi_double_init
                0x100026fc       0xa4 CMakeFiles/simple_pwm.dir/C_/Users/erica/.pico-sdk/sdk/2.1.1/src/rp2_common/pico_double/double_init_rom_rp2040.c.obj
                0x100026fc                __aeabi_double_init
 .text.double_table_shim_on_use_helper
                0x100027a0       0x2c CMakeFiles/simple_pwm.dir/C_/Users/erica/.pico-sdk/sdk/2.1.1/src/rp2_common/pico_double/double_v1_rom_shim_rp2040.S.obj
                0x100027a0                double_table_shim_on_use_helper
 .text.__wrap___aeabi_dsub
                0x100027cc       0x10 CMakeFiles/simple_pwm.dir/C_/Users/erica/.pico-sdk/sdk/2.1.1/src/rp2_common/pico_double/double_v1_rom_shim_rp2040.S.obj
                0x100027cc                drsub_shim
                0x100027d2                dsub_shim
 .text.dadd_shim
                0x100027dc      0x15c CMakeFiles/simple_pwm.dir/C_/Users/erica/.pico-sdk/sdk/2.1.1/src/rp2_common/pico_double/double_v1_rom_shim_rp2040.S.obj
                0x100027dc                dadd_shim
 .text.dmul_shim
                0x10002938      0x15c CMakeFiles/simple_pwm.dir/C_/Users/erica/.pico-sdk/sdk/2.1.1/src/rp2_common/pico_double/double_v1_rom_shim_rp2040.S.obj
                0x10002938                dmul_shim
 .text.ddiv_shim
                0x10002a94      0x1b0 CMakeFiles/simple_pwm.dir/C_/Users/erica/.pico-sdk/sdk/2.1.1/src/rp2_common/pico_double/double_v1_rom_shim_rp2040.S.obj
                0x10002a94                ddiv_shim
 .text.double2uint_shim
                0x10002c44        0xe CMakeFiles/simple_pwm.dir/C_/Users/erica/.pico-sdk/sdk/2.1.1/src/rp2_common/pico_double/double_v1_rom_shim_rp2040.S.obj
                0x10002c44                double2uint_shim
                0x10002c46                double2ufix_shim
 .text.double2int64_shim
                0x10002c52       0x1a CMakeFiles/simple_pwm.dir/C_/Users/erica/.pico-sdk/sdk/2.1.1/src/rp2_common/pico_double/double_v1_rom_shim_rp2040.S.obj
                0x10002c52                double2int64_shim
                0x10002c54                double2fix64_shim
 .text.double2uint64_shim
                0x10002c6c       0x70 CMakeFiles/simple_pwm.dir/C_/Users/erica/.pico-sdk/sdk/2.1.1/src/rp2_common/pico_double/double_v1_rom_shim_rp2040.S.obj
                0x10002c6c                double2uint64_shim
                0x10002c6e                double2ufix64_shim
                0x10002c8e                d2fix_a
 .text.double2float_shim
                0x10002cdc       0x5c CMakeFiles/simple_pwm.dir/C_/Users/erica/.pico-sdk/sdk/2.1.1/src/rp2_common/pico_double/double_v1_rom_shim_rp2040.S.obj
                0x10002cdc                double2float_shim
 .text.x2double_shims
                0x10002d38       0x90 CMakeFiles/simple_pwm.dir/C_/Users/erica/.pico-sdk/sdk/2.1.1/src/rp2_common/pico_double/double_v1_rom_shim_rp2040.S.obj
                0x10002d38                uint2double_shim
                0x10002d3a                ufix2double_shim
                0x10002d40                int2double_shim
                0x10002d42                fix2double_shim
                0x10002d48                uint642double_shim
                0x10002d4a                ufix642double_shim
                0x10002d50                int642double_shim
                0x10002d52                fix642double_shim
 .text.dunpacks
                0x10002dc8       0x3c CMakeFiles/simple_pwm.dir/C_/Users/erica/.pico-sdk/sdk/2.1.1/src/rp2_common/pico_double/double_v1_rom_shim_rp2040.S.obj
                0x10002dc8                dunpacks
 .text.__aeabi_lmul
                0x10002e04       0x32 CMakeFiles/simple_pwm.dir/C_/Users/erica/.pico-sdk/sdk/2.1.1/src/rp2_common/pico_int64_ops/pico_int64_ops_aeabi.S.obj
                0x10002e04                __wrap___aeabi_lmul
 *fill*         0x10002e36        0x2 
 .text.__wrap___aeabi_farithmetic
                0x10002e38       0x48 CMakeFiles/simple_pwm.dir/C_/Users/erica/.pico-sdk/sdk/2.1.1/src/rp2_common/pico_float/float_aeabi_rp2040.S.obj
                0x10002e38                __wrap___aeabi_frsub
                0x10002e3e                __wrap___aeabi_fsub
                0x10002e44                __wrap___aeabi_fadd
                0x10002e4a                __wrap___aeabi_fdiv
                0x10002e72                __wrap___aeabi_fmul
 .text.__wrap___aeabi_cfcmple
                0x10002e80       0x50 CMakeFiles/simple_pwm.dir/C_/Users/erica/.pico-sdk/sdk/2.1.1/src/rp2_common/pico_float/float_aeabi_rp2040.S.obj
                0x10002e80                __wrap___aeabi_cfrcmple
                0x10002e8c                __wrap___aeabi_cfcmple
                0x10002e8c                __wrap___aeabi_cfcmpeq
 .text.__wrap___aeabi_fcmplt
                0x10002ed0        0xc CMakeFiles/simple_pwm.dir/C_/Users/erica/.pico-sdk/sdk/2.1.1/src/rp2_common/pico_float/float_aeabi_rp2040.S.obj
                0x10002ed0                __wrap___aeabi_fcmplt
 .text.__wrap___aeabi_fcmpgt
                0x10002edc        0xa CMakeFiles/simple_pwm.dir/C_/Users/erica/.pico-sdk/sdk/2.1.1/src/rp2_common/pico_float/float_aeabi_rp2040.S.obj
                0x10002edc                __wrap___aeabi_fcmpgt
 *fill*         0x10002ee6        0x2 
 .text.__wrap___aeabi_i2f
                0x10002ee8       0x44 CMakeFiles/simple_pwm.dir/C_/Users/erica/.pico-sdk/sdk/2.1.1/src/rp2_common/pico_float/float_aeabi_rp2040.S.obj
                0x10002ee8                __wrap___aeabi_i2f
                0x10002ee8                int2float
 .text.__wrap___aeabi_f2iz
                0x10002f2c       0x4e CMakeFiles/simple_pwm.dir/C_/Users/erica/.pico-sdk/sdk/2.1.1/src/rp2_common/pico_float/float_aeabi_rp2040.S.obj
                0x10002f2c                float2int_z
                0x10002f2c                __wrap___aeabi_f2iz
 *fill*         0x10002f7a        0x2 
 .text.float2int
                0x10002f7c       0x14 CMakeFiles/simple_pwm.dir/C_/Users/erica/.pico-sdk/sdk/2.1.1/src/rp2_common/pico_float/float_aeabi_rp2040.S.obj
                0x10002f7c                float2int
 .text.__wrap___aeabi_f2uiz
                0x10002f90        0xc CMakeFiles/simple_pwm.dir/C_/Users/erica/.pico-sdk/sdk/2.1.1/src/rp2_common/pico_float/float_aeabi_rp2040.S.obj
                0x10002f90                float2uint_z
                0x10002f90                __wrap___aeabi_f2uiz
                0x10002f90                float2uint
 .text.__wrap___aeabi_f2d
                0x10002f9c       0x14 CMakeFiles/simple_pwm.dir/C_/Users/erica/.pico-sdk/sdk/2.1.1/src/rp2_common/pico_float/float_aeabi_rp2040.S.obj
                0x10002f9c                __wrap___aeabi_f2d
 .text.__aeabi_float_init
                0x10002fb0       0x64 CMakeFiles/simple_pwm.dir/C_/Users/erica/.pico-sdk/sdk/2.1.1/src/rp2_common/pico_float/float_init_rom_rp2040.c.obj
                0x10002fb0                __aeabi_float_init
 .text.float_table_shim_on_use_helper
                0x10003014       0x2c CMakeFiles/simple_pwm.dir/C_/Users/erica/.pico-sdk/sdk/2.1.1/src/rp2_common/pico_float/float_v1_rom_shim_rp2040.S.obj
                0x10003014                float_table_shim_on_use_helper
 .text.float232_shims
                0x10003040       0x18 CMakeFiles/simple_pwm.dir/C_/Users/erica/.pico-sdk/sdk/2.1.1/src/rp2_common/pico_float/float_v1_rom_shim_rp2040.S.obj
                0x10003040                float2int_shim
                0x10003042                float2fix_shim
 .text.float2double_shim
                0x10003058       0x30 CMakeFiles/simple_pwm.dir/C_/Users/erica/.pico-sdk/sdk/2.1.1/src/rp2_common/pico_float/float_v1_rom_shim_rp2040.S.obj
                0x10003058                float2double_shim
 .text.__wrap_malloc
                0x10003088       0x3c CMakeFiles/simple_pwm.dir/C_/Users/erica/.pico-sdk/sdk/2.1.1/src/rp2_common/pico_malloc/malloc.c.obj
                0x10003088                __wrap_malloc
 .text.__wrap_realloc
                0x100030c4       0x40 CMakeFiles/simple_pwm.dir/C_/Users/erica/.pico-sdk/sdk/2.1.1/src/rp2_common/pico_malloc/malloc.c.obj
                0x100030c4                __wrap_realloc
 .text.__wrap_free
                0x10003104       0x20 CMakeFiles/simple_pwm.dir/C_/Users/erica/.pico-sdk/sdk/2.1.1/src/rp2_common/pico_malloc/malloc.c.obj
                0x10003104                __wrap_free
 .text          0x10003124       0x10 CMakeFiles/simple_pwm.dir/C_/Users/erica/.pico-sdk/sdk/2.1.1/src/rp2_common/pico_mem_ops/mem_ops_aeabi.S.obj
                0x10003124                __aeabi_mem_init
 .text.memset   0x10003134        0xc CMakeFiles/simple_pwm.dir/C_/Users/erica/.pico-sdk/sdk/2.1.1/src/rp2_common/pico_mem_ops/mem_ops_aeabi.S.obj
                0x10003134                __wrap_memset
 .text.memcpy   0x10003140        0xc CMakeFiles/simple_pwm.dir/C_/Users/erica/.pico-sdk/sdk/2.1.1/src/rp2_common/pico_mem_ops/mem_ops_aeabi.S.obj
                0x10003140                __wrap_memcpy
                0x10003140                __wrap___aeabi_memcpy
 .text._out_buffer
                0x1000314c        0x8 CMakeFiles/simple_pwm.dir/C_/Users/erica/.pico-sdk/sdk/2.1.1/src/rp2_common/pico_printf/printf.c.obj
 .text._out_null
                0x10003154        0x4 CMakeFiles/simple_pwm.dir/C_/Users/erica/.pico-sdk/sdk/2.1.1/src/rp2_common/pico_printf/printf.c.obj
 .text._out_rev
                0x10003158       0xac CMakeFiles/simple_pwm.dir/C_/Users/erica/.pico-sdk/sdk/2.1.1/src/rp2_common/pico_printf/printf.c.obj
 .text._ntoa_format
                0x10003204      0x1cc CMakeFiles/simple_pwm.dir/C_/Users/erica/.pico-sdk/sdk/2.1.1/src/rp2_common/pico_printf/printf.c.obj
 .text._out_char
                0x100033d0       0x10 CMakeFiles/simple_pwm.dir/C_/Users/erica/.pico-sdk/sdk/2.1.1/src/rp2_common/pico_printf/printf.c.obj
 .text._out_fct
                0x100033e0       0x10 CMakeFiles/simple_pwm.dir/C_/Users/erica/.pico-sdk/sdk/2.1.1/src/rp2_common/pico_printf/printf.c.obj
 .text._ftoa    0x100033f0      0x4a8 CMakeFiles/simple_pwm.dir/C_/Users/erica/.pico-sdk/sdk/2.1.1/src/rp2_common/pico_printf/printf.c.obj
 .text._etoa    0x10003898      0x57c CMakeFiles/simple_pwm.dir/C_/Users/erica/.pico-sdk/sdk/2.1.1/src/rp2_common/pico_printf/printf.c.obj
 .text._vsnprintf
                0x10003e14      0xbe0 CMakeFiles/simple_pwm.dir/C_/Users/erica/.pico-sdk/sdk/2.1.1/src/rp2_common/pico_printf/printf.c.obj
 .text.__wrap_sprintf
                0x100049f4       0x2c CMakeFiles/simple_pwm.dir/C_/Users/erica/.pico-sdk/sdk/2.1.1/src/rp2_common/pico_printf/printf.c.obj
                0x100049f4                __wrap_sprintf
 .text.vfctprintf
                0x10004a20       0x24 CMakeFiles/simple_pwm.dir/C_/Users/erica/.pico-sdk/sdk/2.1.1/src/rp2_common/pico_printf/printf.c.obj
                0x10004a20                vfctprintf
 .text.weak_raw_printf
                0x10004a44       0x40 CMakeFiles/simple_pwm.dir/C_/Users/erica/.pico-sdk/sdk/2.1.1/src/rp2_common/pico_printf/printf.c.obj
                0x10004a44                weak_raw_printf
 .text.weak_raw_vprintf
                0x10004a84       0x30 CMakeFiles/simple_pwm.dir/C_/Users/erica/.pico-sdk/sdk/2.1.1/src/rp2_common/pico_printf/printf.c.obj
                0x10004a84                weak_raw_vprintf
 .text._exit    0x10004ab4        0x4 CMakeFiles/simple_pwm.dir/C_/Users/erica/.pico-sdk/sdk/2.1.1/src/rp2_common/pico_clib_interface/newlib_interface.c.obj
                0x10004ab4                _exit
 .text._sbrk    0x10004ab8       0x34 CMakeFiles/simple_pwm.dir/C_/Users/erica/.pico-sdk/sdk/2.1.1/src/rp2_common/pico_clib_interface/newlib_interface.c.obj
                0x10004ab8                _sbrk
 .text.exit     0x10004aec        0x8 CMakeFiles/simple_pwm.dir/C_/Users/erica/.pico-sdk/sdk/2.1.1/src/rp2_common/pico_clib_interface/newlib_interface.c.obj
                0x10004aec                exit
 .text.__assert_func
                0x10004af4       0x38 CMakeFiles/simple_pwm.dir/C_/Users/erica/.pico-sdk/sdk/2.1.1/src/rp2_common/pico_clib_interface/newlib_interface.c.obj
                0x10004af4                __assert_func
 .text.runtime_init
                0x10004b2c       0x2c CMakeFiles/simple_pwm.dir/C_/Users/erica/.pico-sdk/sdk/2.1.1/src/rp2_common/pico_clib_interface/newlib_interface.c.obj
                0x10004b2c                runtime_init
 .text.stdio_out_chars_no_crlf
                0x10004b58       0x10 CMakeFiles/simple_pwm.dir/C_/Users/erica/.pico-sdk/sdk/2.1.1/src/rp2_common/pico_stdio/stdio.c.obj
 .text.stdio_out_chars_crlf
                0x10004b68       0xb0 CMakeFiles/simple_pwm.dir/C_/Users/erica/.pico-sdk/sdk/2.1.1/src/rp2_common/pico_stdio/stdio.c.obj
 .text.stdio_buffered_printer
                0x10004c18       0x64 CMakeFiles/simple_pwm.dir/C_/Users/erica/.pico-sdk/sdk/2.1.1/src/rp2_common/pico_stdio/stdio.c.obj
 .text.stdio_put_string
                0x10004c7c       0xfc CMakeFiles/simple_pwm.dir/C_/Users/erica/.pico-sdk/sdk/2.1.1/src/rp2_common/pico_stdio/stdio.c.obj
                0x10004c7c                stdio_put_string
 .text.stdio_set_driver_enabled
                0x10004d78       0x30 CMakeFiles/simple_pwm.dir/C_/Users/erica/.pico-sdk/sdk/2.1.1/src/rp2_common/pico_stdio/stdio.c.obj
                0x10004d78                stdio_set_driver_enabled
 .text.stdio_init_all
                0x10004da8       0x10 CMakeFiles/simple_pwm.dir/C_/Users/erica/.pico-sdk/sdk/2.1.1/src/rp2_common/pico_stdio/stdio.c.obj
                0x10004da8                stdio_init_all
 .text.__wrap_putchar
                0x10004db8       0x94 CMakeFiles/simple_pwm.dir/C_/Users/erica/.pico-sdk/sdk/2.1.1/src/rp2_common/pico_stdio/stdio.c.obj
                0x10004db8                __wrap_putchar
                0x10004db8                stdio_putchar
 .text.__wrap_puts
                0x10004e4c       0x3c CMakeFiles/simple_pwm.dir/C_/Users/erica/.pico-sdk/sdk/2.1.1/src/rp2_common/pico_stdio/stdio.c.obj
                0x10004e4c                stdio_puts
                0x10004e4c                __wrap_puts
 .text.__wrap_vprintf
                0x10004e88       0xcc CMakeFiles/simple_pwm.dir/C_/Users/erica/.pico-sdk/sdk/2.1.1/src/rp2_common/pico_stdio/stdio.c.obj
                0x10004e88                stdio_vprintf
                0x10004e88                __wrap_vprintf
 .text.__wrap_printf
                0x10004f54       0x18 CMakeFiles/simple_pwm.dir/C_/Users/erica/.pico-sdk/sdk/2.1.1/src/rp2_common/pico_stdio/stdio.c.obj
                0x10004f54                __wrap_printf
                0x10004f54                stdio_printf
 .text.stdio_uart_out_chars
                0x10004f6c       0x4c CMakeFiles/simple_pwm.dir/C_/Users/erica/.pico-sdk/sdk/2.1.1/src/rp2_common/pico_stdio_uart/stdio_uart.c.obj
 .text.stdio_uart_in_chars
                0x10004fb8       0x90 CMakeFiles/simple_pwm.dir/C_/Users/erica/.pico-sdk/sdk/2.1.1/src/rp2_common/pico_stdio_uart/stdio_uart.c.obj
                0x10004fb8                stdio_uart_in_chars
 .text.on_uart_rx
                0x10005048       0x28 CMakeFiles/simple_pwm.dir/C_/Users/erica/.pico-sdk/sdk/2.1.1/src/rp2_common/pico_stdio_uart/stdio_uart.c.obj
 .text.stdio_uart_out_flush
                0x10005070       0x14 CMakeFiles/simple_pwm.dir/C_/Users/erica/.pico-sdk/sdk/2.1.1/src/rp2_common/pico_stdio_uart/stdio_uart.c.obj
 .text.stdio_uart_set_chars_available_callback
                0x10005084       0x84 CMakeFiles/simple_pwm.dir/C_/Users/erica/.pico-sdk/sdk/2.1.1/src/rp2_common/pico_stdio_uart/stdio_uart.c.obj
 .text.stdio_uart_init
                0x10005108       0x50 CMakeFiles/simple_pwm.dir/C_/Users/erica/.pico-sdk/sdk/2.1.1/src/rp2_common/pico_stdio_uart/stdio_uart.c.obj
                0x10005108                stdio_uart_init
 .text.resetd_init
                0x10005158        0x4 CMakeFiles/simple_pwm.dir/C_/Users/erica/.pico-sdk/sdk/2.1.1/src/rp2_common/pico_stdio_usb/reset_interface.c.obj
 .text.resetd_reset
                0x1000515c        0xc CMakeFiles/simple_pwm.dir/C_/Users/erica/.pico-sdk/sdk/2.1.1/src/rp2_common/pico_stdio_usb/reset_interface.c.obj
 .text.resetd_open
                0x10005168       0x28 CMakeFiles/simple_pwm.dir/C_/Users/erica/.pico-sdk/sdk/2.1.1/src/rp2_common/pico_stdio_usb/reset_interface.c.obj
 .text.resetd_xfer_cb
                0x10005190        0x4 CMakeFiles/simple_pwm.dir/C_/Users/erica/.pico-sdk/sdk/2.1.1/src/rp2_common/pico_stdio_usb/reset_interface.c.obj
 .text.resetd_control_xfer_cb
                0x10005194       0x54 CMakeFiles/simple_pwm.dir/C_/Users/erica/.pico-sdk/sdk/2.1.1/src/rp2_common/pico_stdio_usb/reset_interface.c.obj
 .text.tud_descriptor_bos_cb
                0x100051e8        0x8 CMakeFiles/simple_pwm.dir/C_/Users/erica/.pico-sdk/sdk/2.1.1/src/rp2_common/pico_stdio_usb/reset_interface.c.obj
                0x100051e8                tud_descriptor_bos_cb
 .text.tud_vendor_control_xfer_cb
                0x100051f0       0x34 CMakeFiles/simple_pwm.dir/C_/Users/erica/.pico-sdk/sdk/2.1.1/src/rp2_common/pico_stdio_usb/reset_interface.c.obj
                0x100051f0                tud_vendor_control_xfer_cb
 .text.usbd_app_driver_get_cb
                0x10005224        0xc CMakeFiles/simple_pwm.dir/C_/Users/erica/.pico-sdk/sdk/2.1.1/src/rp2_common/pico_stdio_usb/reset_interface.c.obj
                0x10005224                usbd_app_driver_get_cb
 .text.tud_cdc_line_coding_cb
                0x10005230       0x2c CMakeFiles/simple_pwm.dir/C_/Users/erica/.pico-sdk/sdk/2.1.1/src/rp2_common/pico_stdio_usb/reset_interface.c.obj
                0x10005230                tud_cdc_line_coding_cb
 .text.stdio_usb_set_chars_available_callback
                0x1000525c       0x14 CMakeFiles/simple_pwm.dir/C_/Users/erica/.pico-sdk/sdk/2.1.1/src/rp2_common/pico_stdio_usb/stdio_usb.c.obj
                0x1000525c                stdio_usb_set_chars_available_callback
 .text.usb_irq  0x10005270       0x10 CMakeFiles/simple_pwm.dir/C_/Users/erica/.pico-sdk/sdk/2.1.1/src/rp2_common/pico_stdio_usb/stdio_usb.c.obj
 .text.timer_task
                0x10005280       0x64 CMakeFiles/simple_pwm.dir/C_/Users/erica/.pico-sdk/sdk/2.1.1/src/rp2_common/pico_stdio_usb/stdio_usb.c.obj
 .text.stdio_usb_in_chars
                0x100052e4       0x8c CMakeFiles/simple_pwm.dir/C_/Users/erica/.pico-sdk/sdk/2.1.1/src/rp2_common/pico_stdio_usb/stdio_usb.c.obj
                0x100052e4                stdio_usb_in_chars
 .text.stdio_usb_out_flush
                0x10005370       0x4c CMakeFiles/simple_pwm.dir/C_/Users/erica/.pico-sdk/sdk/2.1.1/src/rp2_common/pico_stdio_usb/stdio_usb.c.obj
 .text.stdio_usb_out_chars
                0x100053bc      0x100 CMakeFiles/simple_pwm.dir/C_/Users/erica/.pico-sdk/sdk/2.1.1/src/rp2_common/pico_stdio_usb/stdio_usb.c.obj
 .text.low_priority_worker_irq
                0x100054bc       0xc8 CMakeFiles/simple_pwm.dir/C_/Users/erica/.pico-sdk/sdk/2.1.1/src/rp2_common/pico_stdio_usb/stdio_usb.c.obj
 .text.stdio_usb_init
                0x10005584       0xe8 CMakeFiles/simple_pwm.dir/C_/Users/erica/.pico-sdk/sdk/2.1.1/src/rp2_common/pico_stdio_usb/stdio_usb.c.obj
                0x10005584                stdio_usb_init
 .text.tud_descriptor_device_cb
                0x1000566c        0x8 CMakeFiles/simple_pwm.dir/C_/Users/erica/.pico-sdk/sdk/2.1.1/src/rp2_common/pico_stdio_usb/stdio_usb_descriptors.c.obj
                0x1000566c                tud_descriptor_device_cb
 .text.tud_descriptor_configuration_cb
                0x10005674        0x8 CMakeFiles/simple_pwm.dir/C_/Users/erica/.pico-sdk/sdk/2.1.1/src/rp2_common/pico_stdio_usb/stdio_usb_descriptors.c.obj
                0x10005674                tud_descriptor_configuration_cb
 .text.tud_descriptor_string_cb
                0x1000567c       0x78 CMakeFiles/simple_pwm.dir/C_/Users/erica/.pico-sdk/sdk/2.1.1/src/rp2_common/pico_stdio_usb/stdio_usb_descriptors.c.obj
                0x1000567c                tud_descriptor_string_cb
 .text.startup._retrieve_unique_id_on_boot
                0x100056f4       0x10 CMakeFiles/simple_pwm.dir/C_/Users/erica/.pico-sdk/sdk/2.1.1/src/rp2_common/pico_unique_id/unique_id.c.obj
 .text.pico_get_unique_board_id_string
                0x10005704      0x1a8 CMakeFiles/simple_pwm.dir/C_/Users/erica/.pico-sdk/sdk/2.1.1/src/rp2_common/pico_unique_id/unique_id.c.obj
                0x10005704                pico_get_unique_board_id_string
 .text.flash_get_unique_id
                0x100058ac       0x3c CMakeFiles/simple_pwm.dir/C_/Users/erica/.pico-sdk/sdk/2.1.1/src/rp2_common/hardware_flash/flash.c.obj
                0x100058ac                flash_get_unique_id
 .text.dcd_init
                0x100058e8       0x90 CMakeFiles/simple_pwm.dir/C_/Users/erica/.pico-sdk/sdk/2.1.1/lib/tinyusb/src/portable/raspberrypi/rp2040/dcd_rp2040.c.obj
                0x100058e8                dcd_init
 .text.dcd_int_enable
                0x10005978        0xc CMakeFiles/simple_pwm.dir/C_/Users/erica/.pico-sdk/sdk/2.1.1/lib/tinyusb/src/portable/raspberrypi/rp2040/dcd_rp2040.c.obj
                0x10005978                dcd_int_enable
 .text.dcd_set_address
                0x10005984       0x14 CMakeFiles/simple_pwm.dir/C_/Users/erica/.pico-sdk/sdk/2.1.1/lib/tinyusb/src/portable/raspberrypi/rp2040/dcd_rp2040.c.obj
                0x10005984                dcd_set_address
 .text.dcd_sof_enable
                0x10005998       0x1c CMakeFiles/simple_pwm.dir/C_/Users/erica/.pico-sdk/sdk/2.1.1/lib/tinyusb/src/portable/raspberrypi/rp2040/dcd_rp2040.c.obj
                0x10005998                dcd_sof_enable
 .text.dcd_edpt0_status_complete
                0x100059b4       0x1c CMakeFiles/simple_pwm.dir/C_/Users/erica/.pico-sdk/sdk/2.1.1/lib/tinyusb/src/portable/raspberrypi/rp2040/dcd_rp2040.c.obj
                0x100059b4                dcd_edpt0_status_complete
 .text.dcd_edpt_open
                0x100059d0      0x114 CMakeFiles/simple_pwm.dir/C_/Users/erica/.pico-sdk/sdk/2.1.1/lib/tinyusb/src/portable/raspberrypi/rp2040/dcd_rp2040.c.obj
                0x100059d0                dcd_edpt_open
 .text.dcd_edpt_close_all
                0x10005ae4        0x8 CMakeFiles/simple_pwm.dir/C_/Users/erica/.pico-sdk/sdk/2.1.1/lib/tinyusb/src/portable/raspberrypi/rp2040/dcd_rp2040.c.obj
                0x10005ae4                dcd_edpt_close_all
 .text.dcd_edpt_xfer
                0x10005aec       0x24 CMakeFiles/simple_pwm.dir/C_/Users/erica/.pico-sdk/sdk/2.1.1/lib/tinyusb/src/portable/raspberrypi/rp2040/dcd_rp2040.c.obj
                0x10005aec                dcd_edpt_xfer
 .text.dcd_edpt_stall
                0x10005b10       0x3c CMakeFiles/simple_pwm.dir/C_/Users/erica/.pico-sdk/sdk/2.1.1/lib/tinyusb/src/portable/raspberrypi/rp2040/dcd_rp2040.c.obj
                0x10005b10                dcd_edpt_stall
 .text.dcd_edpt_clear_stall
                0x10005b4c       0x30 CMakeFiles/simple_pwm.dir/C_/Users/erica/.pico-sdk/sdk/2.1.1/lib/tinyusb/src/portable/raspberrypi/rp2040/dcd_rp2040.c.obj
                0x10005b4c                dcd_edpt_clear_stall
 .text.rp2040_usb_init
                0x10005b7c       0x40 CMakeFiles/simple_pwm.dir/C_/Users/erica/.pico-sdk/sdk/2.1.1/lib/tinyusb/src/portable/raspberrypi/rp2040/rp2040_usb.c.obj
                0x10005b7c                rp2040_usb_init
 .text.hw_endpoint_xfer_start
                0x10005bbc       0x40 CMakeFiles/simple_pwm.dir/C_/Users/erica/.pico-sdk/sdk/2.1.1/lib/tinyusb/src/portable/raspberrypi/rp2040/rp2040_usb.c.obj
                0x10005bbc                hw_endpoint_xfer_start
 .text.tud_event_hook_cb
                0x10005bfc        0x4 CMakeFiles/simple_pwm.dir/C_/Users/erica/.pico-sdk/sdk/2.1.1/lib/tinyusb/src/device/usbd.c.obj
                0x10005bfc                tud_event_hook_cb
 .text.tud_sof_cb
                0x10005c00        0x4 CMakeFiles/simple_pwm.dir/C_/Users/erica/.pico-sdk/sdk/2.1.1/lib/tinyusb/src/device/usbd.c.obj
                0x10005c00                tud_sof_cb
 .text.tud_descriptor_device_qualifier_cb
                0x10005c04        0x4 CMakeFiles/simple_pwm.dir/C_/Users/erica/.pico-sdk/sdk/2.1.1/lib/tinyusb/src/device/usbd.c.obj
                0x10005c04                tud_descriptor_device_qualifier_cb
 .text.tud_descriptor_other_speed_configuration_cb
                0x10005c08        0x4 CMakeFiles/simple_pwm.dir/C_/Users/erica/.pico-sdk/sdk/2.1.1/lib/tinyusb/src/device/usbd.c.obj
                0x10005c08                tud_descriptor_other_speed_configuration_cb
 .text.tud_mount_cb
                0x10005c0c        0x4 CMakeFiles/simple_pwm.dir/C_/Users/erica/.pico-sdk/sdk/2.1.1/lib/tinyusb/src/device/usbd.c.obj
                0x10005c0c                tud_mount_cb
 .text.tud_umount_cb
                0x10005c10        0x4 CMakeFiles/simple_pwm.dir/C_/Users/erica/.pico-sdk/sdk/2.1.1/lib/tinyusb/src/device/usbd.c.obj
                0x10005c10                tud_umount_cb
 .text.tud_suspend_cb
                0x10005c14        0x4 CMakeFiles/simple_pwm.dir/C_/Users/erica/.pico-sdk/sdk/2.1.1/lib/tinyusb/src/device/usbd.c.obj
                0x10005c14                tud_suspend_cb
 .text.tud_resume_cb
                0x10005c18        0x4 CMakeFiles/simple_pwm.dir/C_/Users/erica/.pico-sdk/sdk/2.1.1/lib/tinyusb/src/device/usbd.c.obj
                0x10005c18                tud_resume_cb
 .text.tud_mounted
                0x10005c1c       0x10 CMakeFiles/simple_pwm.dir/C_/Users/erica/.pico-sdk/sdk/2.1.1/lib/tinyusb/src/device/usbd.c.obj
                0x10005c1c                tud_mounted
 .text.tud_suspended
                0x10005c2c       0x10 CMakeFiles/simple_pwm.dir/C_/Users/erica/.pico-sdk/sdk/2.1.1/lib/tinyusb/src/device/usbd.c.obj
                0x10005c2c                tud_suspended
 .text.tud_rhport_init
                0x10005c3c       0xf4 CMakeFiles/simple_pwm.dir/C_/Users/erica/.pico-sdk/sdk/2.1.1/lib/tinyusb/src/device/usbd.c.obj
                0x10005c3c                tud_rhport_init
 .text.tud_task_ext
                0x10005d30      0x800 CMakeFiles/simple_pwm.dir/C_/Users/erica/.pico-sdk/sdk/2.1.1/lib/tinyusb/src/device/usbd.c.obj
                0x10005d30                tud_task_ext
 .text.usbd_open_edpt_pair
                0x10006530       0x9c CMakeFiles/simple_pwm.dir/C_/Users/erica/.pico-sdk/sdk/2.1.1/lib/tinyusb/src/device/usbd.c.obj
                0x10006530                usbd_open_edpt_pair
 .text.usbd_edpt_open
                0x100065cc       0x34 CMakeFiles/simple_pwm.dir/C_/Users/erica/.pico-sdk/sdk/2.1.1/lib/tinyusb/src/device/usbd.c.obj
                0x100065cc                usbd_edpt_open
 .text.usbd_edpt_claim
                0x10006600       0x28 CMakeFiles/simple_pwm.dir/C_/Users/erica/.pico-sdk/sdk/2.1.1/lib/tinyusb/src/device/usbd.c.obj
                0x10006600                usbd_edpt_claim
 .text.usbd_edpt_release
                0x10006628       0x28 CMakeFiles/simple_pwm.dir/C_/Users/erica/.pico-sdk/sdk/2.1.1/lib/tinyusb/src/device/usbd.c.obj
                0x10006628                usbd_edpt_release
 .text.usbd_edpt_xfer
                0x10006650       0x4c CMakeFiles/simple_pwm.dir/C_/Users/erica/.pico-sdk/sdk/2.1.1/lib/tinyusb/src/device/usbd.c.obj
                0x10006650                usbd_edpt_xfer
 .text.tud_control_status
                0x1000669c       0x2c CMakeFiles/simple_pwm.dir/C_/Users/erica/.pico-sdk/sdk/2.1.1/lib/tinyusb/src/device/usbd_control.c.obj
                0x1000669c                tud_control_status
 .text.tud_control_xfer
                0x100066c8       0xa8 CMakeFiles/simple_pwm.dir/C_/Users/erica/.pico-sdk/sdk/2.1.1/lib/tinyusb/src/device/usbd_control.c.obj
                0x100066c8                tud_control_xfer
 .text.usbd_control_reset
                0x10006770       0x14 CMakeFiles/simple_pwm.dir/C_/Users/erica/.pico-sdk/sdk/2.1.1/lib/tinyusb/src/device/usbd_control.c.obj
                0x10006770                usbd_control_reset
 .text.usbd_control_set_complete_callback
                0x10006784        0xc CMakeFiles/simple_pwm.dir/C_/Users/erica/.pico-sdk/sdk/2.1.1/lib/tinyusb/src/device/usbd_control.c.obj
                0x10006784                usbd_control_set_complete_callback
 .text.usbd_control_set_request
                0x10006790       0x1c CMakeFiles/simple_pwm.dir/C_/Users/erica/.pico-sdk/sdk/2.1.1/lib/tinyusb/src/device/usbd_control.c.obj
                0x10006790                usbd_control_set_request
 .text.usbd_control_xfer_cb
                0x100067ac       0xec CMakeFiles/simple_pwm.dir/C_/Users/erica/.pico-sdk/sdk/2.1.1/lib/tinyusb/src/device/usbd_control.c.obj
                0x100067ac                usbd_control_xfer_cb
 .text._prep_out_transaction.isra.0
                0x10006898       0x6c CMakeFiles/simple_pwm.dir/C_/Users/erica/.pico-sdk/sdk/2.1.1/lib/tinyusb/src/class/cdc/cdc_device.c.obj
 .text.tud_cdc_n_connected
                0x10006904       0x2c CMakeFiles/simple_pwm.dir/C_/Users/erica/.pico-sdk/sdk/2.1.1/lib/tinyusb/src/class/cdc/cdc_device.c.obj
                0x10006904                tud_cdc_n_connected
 .text.tud_cdc_n_available
                0x10006930       0x14 CMakeFiles/simple_pwm.dir/C_/Users/erica/.pico-sdk/sdk/2.1.1/lib/tinyusb/src/class/cdc/cdc_device.c.obj
                0x10006930                tud_cdc_n_available
 .text.tud_cdc_n_read
                0x10006944       0x88 CMakeFiles/simple_pwm.dir/C_/Users/erica/.pico-sdk/sdk/2.1.1/lib/tinyusb/src/class/cdc/cdc_device.c.obj
                0x10006944                tud_cdc_n_read
 .text.tud_cdc_n_write_flush
                0x100069cc       0x74 CMakeFiles/simple_pwm.dir/C_/Users/erica/.pico-sdk/sdk/2.1.1/lib/tinyusb/src/class/cdc/cdc_device.c.obj
                0x100069cc                tud_cdc_n_write_flush
 .text.tud_cdc_n_write
                0x10006a40       0x40 CMakeFiles/simple_pwm.dir/C_/Users/erica/.pico-sdk/sdk/2.1.1/lib/tinyusb/src/class/cdc/cdc_device.c.obj
                0x10006a40                tud_cdc_n_write
 .text.tud_cdc_n_write_available
                0x10006a80       0x14 CMakeFiles/simple_pwm.dir/C_/Users/erica/.pico-sdk/sdk/2.1.1/lib/tinyusb/src/class/cdc/cdc_device.c.obj
                0x10006a80                tud_cdc_n_write_available
 .text.cdcd_init
                0x10006a94       0x70 CMakeFiles/simple_pwm.dir/C_/Users/erica/.pico-sdk/sdk/2.1.1/lib/tinyusb/src/class/cdc/cdc_device.c.obj
                0x10006a94                cdcd_init
 .text.cdcd_deinit
                0x10006b04       0x30 CMakeFiles/simple_pwm.dir/C_/Users/erica/.pico-sdk/sdk/2.1.1/lib/tinyusb/src/class/cdc/cdc_device.c.obj
                0x10006b04                cdcd_deinit
 .text.cdcd_reset
                0x10006b34       0x4c CMakeFiles/simple_pwm.dir/C_/Users/erica/.pico-sdk/sdk/2.1.1/lib/tinyusb/src/class/cdc/cdc_device.c.obj
                0x10006b34                cdcd_reset
 .text.cdcd_open
                0x10006b80       0xa4 CMakeFiles/simple_pwm.dir/C_/Users/erica/.pico-sdk/sdk/2.1.1/lib/tinyusb/src/class/cdc/cdc_device.c.obj
                0x10006b80                cdcd_open
 .text.cdcd_control_xfer_cb
                0x10006c24       0xe8 CMakeFiles/simple_pwm.dir/C_/Users/erica/.pico-sdk/sdk/2.1.1/lib/tinyusb/src/class/cdc/cdc_device.c.obj
                0x10006c24                cdcd_control_xfer_cb
 .text.cdcd_xfer_cb
                0x10006d0c      0x100 CMakeFiles/simple_pwm.dir/C_/Users/erica/.pico-sdk/sdk/2.1.1/lib/tinyusb/src/class/cdc/cdc_device.c.obj
                0x10006d0c                cdcd_xfer_cb
 .text.vendord_init
                0x10006e0c       0x5c CMakeFiles/simple_pwm.dir/C_/Users/erica/.pico-sdk/sdk/2.1.1/lib/tinyusb/src/class/vendor/vendor_device.c.obj
                0x10006e0c                vendord_init
 .text.vendord_deinit
                0x10006e68       0x1c CMakeFiles/simple_pwm.dir/C_/Users/erica/.pico-sdk/sdk/2.1.1/lib/tinyusb/src/class/vendor/vendor_device.c.obj
                0x10006e68                vendord_deinit
 .text.vendord_reset
                0x10006e84       0x28 CMakeFiles/simple_pwm.dir/C_/Users/erica/.pico-sdk/sdk/2.1.1/lib/tinyusb/src/class/vendor/vendor_device.c.obj
                0x10006e84                vendord_reset
 .text.vendord_open
                0x10006eac      0x120 CMakeFiles/simple_pwm.dir/C_/Users/erica/.pico-sdk/sdk/2.1.1/lib/tinyusb/src/class/vendor/vendor_device.c.obj
                0x10006eac                vendord_open
 .text.vendord_xfer_cb
                0x10006fcc       0x9c CMakeFiles/simple_pwm.dir/C_/Users/erica/.pico-sdk/sdk/2.1.1/lib/tinyusb/src/class/vendor/vendor_device.c.obj
                0x10006fcc                vendord_xfer_cb
 .text.tusb_rhport_init
                0x10007068       0x4c CMakeFiles/simple_pwm.dir/C_/Users/erica/.pico-sdk/sdk/2.1.1/lib/tinyusb/src/tusb.c.obj
                0x10007068                tusb_rhport_init
 .text.tu_edpt_claim
                0x100070b4       0x50 CMakeFiles/simple_pwm.dir/C_/Users/erica/.pico-sdk/sdk/2.1.1/lib/tinyusb/src/tusb.c.obj
                0x100070b4                tu_edpt_claim
 .text.tu_edpt_release
                0x10007104       0x38 CMakeFiles/simple_pwm.dir/C_/Users/erica/.pico-sdk/sdk/2.1.1/lib/tinyusb/src/tusb.c.obj
                0x10007104                tu_edpt_release
 .text.tu_edpt_validate
                0x1000713c       0x7c CMakeFiles/simple_pwm.dir/C_/Users/erica/.pico-sdk/sdk/2.1.1/lib/tinyusb/src/tusb.c.obj
                0x1000713c                tu_edpt_validate
 .text.tu_edpt_bind_driver
                0x100071b8       0x34 CMakeFiles/simple_pwm.dir/C_/Users/erica/.pico-sdk/sdk/2.1.1/lib/tinyusb/src/tusb.c.obj
                0x100071b8                tu_edpt_bind_driver
 .text.tu_edpt_stream_init
                0x100071ec       0x6c CMakeFiles/simple_pwm.dir/C_/Users/erica/.pico-sdk/sdk/2.1.1/lib/tinyusb/src/tusb.c.obj
                0x100071ec                tu_edpt_stream_init
 .text.tu_edpt_stream_deinit
                0x10007258        0x4 CMakeFiles/simple_pwm.dir/C_/Users/erica/.pico-sdk/sdk/2.1.1/lib/tinyusb/src/tusb.c.obj
                0x10007258                tu_edpt_stream_deinit
 .text.tu_edpt_stream_write_zlp_if_needed
                0x1000725c       0x68 CMakeFiles/simple_pwm.dir/C_/Users/erica/.pico-sdk/sdk/2.1.1/lib/tinyusb/src/tusb.c.obj
                0x1000725c                tu_edpt_stream_write_zlp_if_needed
 .text.tu_edpt_stream_write_xfer
                0x100072c4       0x68 CMakeFiles/simple_pwm.dir/C_/Users/erica/.pico-sdk/sdk/2.1.1/lib/tinyusb/src/tusb.c.obj
                0x100072c4                tu_edpt_stream_write_xfer
 .text.tu_edpt_stream_read_xfer
                0x1000732c       0xd8 CMakeFiles/simple_pwm.dir/C_/Users/erica/.pico-sdk/sdk/2.1.1/lib/tinyusb/src/tusb.c.obj
                0x1000732c                tu_edpt_stream_read_xfer
 .text.tu_fifo_config
                0x10007404       0x6c CMakeFiles/simple_pwm.dir/C_/Users/erica/.pico-sdk/sdk/2.1.1/lib/tinyusb/src/common/tusb_fifo.c.obj
                0x10007404                tu_fifo_config
 .text.tu_fifo_count
                0x10007470       0x2c CMakeFiles/simple_pwm.dir/C_/Users/erica/.pico-sdk/sdk/2.1.1/lib/tinyusb/src/common/tusb_fifo.c.obj
                0x10007470                tu_fifo_count
 .text.tu_fifo_empty
                0x1000749c       0x10 CMakeFiles/simple_pwm.dir/C_/Users/erica/.pico-sdk/sdk/2.1.1/lib/tinyusb/src/common/tusb_fifo.c.obj
                0x1000749c                tu_fifo_empty
 .text.tu_fifo_remaining
                0x100074ac       0x2c CMakeFiles/simple_pwm.dir/C_/Users/erica/.pico-sdk/sdk/2.1.1/lib/tinyusb/src/common/tusb_fifo.c.obj
                0x100074ac                tu_fifo_remaining
 .text.tu_fifo_read
                0x100074d8       0x9c CMakeFiles/simple_pwm.dir/C_/Users/erica/.pico-sdk/sdk/2.1.1/lib/tinyusb/src/common/tusb_fifo.c.obj
                0x100074d8                tu_fifo_read
 .text.tu_fifo_read_n
                0x10007574       0xe8 CMakeFiles/simple_pwm.dir/C_/Users/erica/.pico-sdk/sdk/2.1.1/lib/tinyusb/src/common/tusb_fifo.c.obj
                0x10007574                tu_fifo_read_n
 .text.tu_fifo_write
                0x1000765c       0xa4 CMakeFiles/simple_pwm.dir/C_/Users/erica/.pico-sdk/sdk/2.1.1/lib/tinyusb/src/common/tusb_fifo.c.obj
                0x1000765c                tu_fifo_write
 .text.tu_fifo_write_n
                0x10007700      0x178 CMakeFiles/simple_pwm.dir/C_/Users/erica/.pico-sdk/sdk/2.1.1/lib/tinyusb/src/common/tusb_fifo.c.obj
                0x10007700                tu_fifo_write_n
 .text.tu_fifo_clear
                0x10007878       0x40 CMakeFiles/simple_pwm.dir/C_/Users/erica/.pico-sdk/sdk/2.1.1/lib/tinyusb/src/common/tusb_fifo.c.obj
                0x10007878                tu_fifo_clear
 .text.tu_fifo_set_overwritable
                0x100078b8       0x48 CMakeFiles/simple_pwm.dir/C_/Users/erica/.pico-sdk/sdk/2.1.1/lib/tinyusb/src/common/tusb_fifo.c.obj
                0x100078b8                tu_fifo_set_overwritable
 .text.core1_trampoline
                0x10007900        0x4 CMakeFiles/simple_pwm.dir/C_/Users/erica/.pico-sdk/sdk/2.1.1/src/rp2_common/pico_multicore/multicore.c.obj
 .text.core1_wrapper
                0x10007904        0xc CMakeFiles/simple_pwm.dir/C_/Users/erica/.pico-sdk/sdk/2.1.1/src/rp2_common/pico_multicore/multicore.c.obj
                0x10007904                core1_wrapper
 .text.multicore_launch_core1_raw
                0x10007910       0x8c CMakeFiles/simple_pwm.dir/C_/Users/erica/.pico-sdk/sdk/2.1.1/src/rp2_common/pico_multicore/multicore.c.obj
                0x10007910                multicore_launch_core1_raw
 .text.multicore_launch_core1
                0x1000799c       0x58 CMakeFiles/simple_pwm.dir/C_/Users/erica/.pico-sdk/sdk/2.1.1/src/rp2_common/pico_multicore/multicore.c.obj
                0x1000799c                multicore_launch_core1
 .text.startup.boot_double_tap_check
                0x100079f4       0x5c CMakeFiles/simple_pwm.dir/C_/Users/erica/.pico-sdk/sdk/2.1.1/src/rp2_common/pico_bootsel_via_double_reset/pico_bootsel_via_double_reset.c.obj
 .text.adc_init
                0x10007a50       0x38 CMakeFiles/simple_pwm.dir/C_/Users/erica/.pico-sdk/sdk/2.1.1/src/rp2_common/hardware_adc/adc.c.obj
                0x10007a50                adc_init
 .text._calloc_r
                0x10007a88       0xa8 C:/Users/erica/.pico-sdk/toolchain/14_2_Rel1/bin/../lib/gcc/arm-none-eabi/14.2.1/thumb/v6-m/nofp\libg.a(libc_a-callocr.o)
                0x10007a88                _calloc_r
 .text.malloc   0x10007b30       0x14 C:/Users/erica/.pico-sdk/toolchain/14_2_Rel1/bin/../lib/gcc/arm-none-eabi/14.2.1/thumb/v6-m/nofp\libg.a(libc_a-malloc.o)
                0x10007b30                malloc
 .text.free     0x10007b44       0x14 C:/Users/erica/.pico-sdk/toolchain/14_2_Rel1/bin/../lib/gcc/arm-none-eabi/14.2.1/thumb/v6-m/nofp\libg.a(libc_a-malloc.o)
                0x10007b44                free
 .text._malloc_r
                0x10007b58      0x5cc C:/Users/erica/.pico-sdk/toolchain/14_2_Rel1/bin/../lib/gcc/arm-none-eabi/14.2.1/thumb/v6-m/nofp\libg.a(libc_a-mallocr.o)
                0x10007b58                _malloc_r
 .text.__malloc_lock
                0x10008124       0x10 C:/Users/erica/.pico-sdk/toolchain/14_2_Rel1/bin/../lib/gcc/arm-none-eabi/14.2.1/thumb/v6-m/nofp\libg.a(libc_a-mlock.o)
                0x10008124                __malloc_lock
 .text.__malloc_unlock
                0x10008134       0x10 C:/Users/erica/.pico-sdk/toolchain/14_2_Rel1/bin/../lib/gcc/arm-none-eabi/14.2.1/thumb/v6-m/nofp\libg.a(libc_a-mlock.o)
                0x10008134                __malloc_unlock
 .text.realloc  0x10008144       0x18 C:/Users/erica/.pico-sdk/toolchain/14_2_Rel1/bin/../lib/gcc/arm-none-eabi/14.2.1/thumb/v6-m/nofp\libg.a(libc_a-realloc.o)
                0x10008144                realloc
 .text._realloc_r
                0x1000815c      0x350 C:/Users/erica/.pico-sdk/toolchain/14_2_Rel1/bin/../lib/gcc/arm-none-eabi/14.2.1/thumb/v6-m/nofp\libg.a(libc_a-reallocr.o)
                0x1000815c                _realloc_r
 .text.sscanf   0x100084ac       0x54 C:/Users/erica/.pico-sdk/toolchain/14_2_Rel1/bin/../lib/gcc/arm-none-eabi/14.2.1/thumb/v6-m/nofp\libg.a(libc_a-sscanf.o)
                0x100084ac                sscanf
 .text.__seofread
                0x10008500        0x4 C:/Users/erica/.pico-sdk/toolchain/14_2_Rel1/bin/../lib/gcc/arm-none-eabi/14.2.1/thumb/v6-m/nofp\libg.a(libc_a-stdio.o)
                0x10008500                __seofread
 .text.memmove  0x10008504       0xc4 C:/Users/erica/.pico-sdk/toolchain/14_2_Rel1/bin/../lib/gcc/arm-none-eabi/14.2.1/thumb/v6-m/nofp\libg.a(libc_a-memmove.o)
                0x10008504                memmove
 .text._sbrk_r  0x100085c8       0x24 C:/Users/erica/.pico-sdk/toolchain/14_2_Rel1/bin/../lib/gcc/arm-none-eabi/14.2.1/thumb/v6-m/nofp\libg.a(libc_a-sbrkr.o)
                0x100085c8                _sbrk_r
 .text.__errno  0x100085ec        0xc C:/Users/erica/.pico-sdk/toolchain/14_2_Rel1/bin/../lib/gcc/arm-none-eabi/14.2.1/thumb/v6-m/nofp\libg.a(libc_a-errno.o)
                0x100085ec                __errno
 .text.__retarget_lock_acquire_recursive
                0x100085f8        0x4 C:/Users/erica/.pico-sdk/toolchain/14_2_Rel1/bin/../lib/gcc/arm-none-eabi/14.2.1/thumb/v6-m/nofp\libg.a(libc_a-lock.o)
                0x100085f8                __retarget_lock_acquire_recursive
 .text.__retarget_lock_release_recursive
                0x100085fc        0x4 C:/Users/erica/.pico-sdk/toolchain/14_2_Rel1/bin/../lib/gcc/arm-none-eabi/14.2.1/thumb/v6-m/nofp\libg.a(libc_a-lock.o)
                0x100085fc                __retarget_lock_release_recursive
 .text.sysconf  0x10008600       0x1c C:/Users/erica/.pico-sdk/toolchain/14_2_Rel1/bin/../lib/gcc/arm-none-eabi/14.2.1/thumb/v6-m/nofp\libg.a(libc_a-sysconf.o)
                0x10008600                sysconf
 .text          0x1000861c       0x88 C:/Users/erica/.pico-sdk/toolchain/14_2_Rel1/bin/../lib/gcc/arm-none-eabi/14.2.1/thumb/v6-m/nofp\libg.a(libc_a-strcmp.o)
                0x1000861c                strcmp
 .text.strlen   0x100086a4       0x5c C:/Users/erica/.pico-sdk/toolchain/14_2_Rel1/bin/../lib/gcc/arm-none-eabi/14.2.1/thumb/v6-m/nofp\libg.a(libc_a-strlen-stub.o)
                0x100086a4                strlen
 .text._malloc_trim_r
                0x10008700       0xb4 C:/Users/erica/.pico-sdk/toolchain/14_2_Rel1/bin/../lib/gcc/arm-none-eabi/14.2.1/thumb/v6-m/nofp\libg.a(libc_a-freer.o)
                0x10008700                _malloc_trim_r
 .text._free_r  0x100087b4      0x1f0 C:/Users/erica/.pico-sdk/toolchain/14_2_Rel1/bin/../lib/gcc/arm-none-eabi/14.2.1/thumb/v6-m/nofp\libg.a(libc_a-freer.o)
                0x100087b4                _free_r
 .text._strtoul_l.isra.0
                0x100089a4      0x144 C:/Users/erica/.pico-sdk/toolchain/14_2_Rel1/bin/../lib/gcc/arm-none-eabi/14.2.1/thumb/v6-m/nofp\libg.a(libc_a-strtoul.o)
 .text._strtoul_r
                0x10008ae8        0x8 C:/Users/erica/.pico-sdk/toolchain/14_2_Rel1/bin/../lib/gcc/arm-none-eabi/14.2.1/thumb/v6-m/nofp\libg.a(libc_a-strtoul.o)
                0x10008ae8                _strtoul_r
 .text._sungetc_r
                0x10008af0       0x80 C:/Users/erica/.pico-sdk/toolchain/14_2_Rel1/bin/../lib/gcc/arm-none-eabi/14.2.1/thumb/v6-m/nofp\libg.a(libc_a-svfiscanf.o)
                0x10008af0                _sungetc_r
 .text.__ssrefill_r
                0x10008b70       0x40 C:/Users/erica/.pico-sdk/toolchain/14_2_Rel1/bin/../lib/gcc/arm-none-eabi/14.2.1/thumb/v6-m/nofp\libg.a(libc_a-svfiscanf.o)
                0x10008b70                __ssrefill_r
 .text._sfread_r
                0x10008bb0       0xbc C:/Users/erica/.pico-sdk/toolchain/14_2_Rel1/bin/../lib/gcc/arm-none-eabi/14.2.1/thumb/v6-m/nofp\libg.a(libc_a-svfiscanf.o)
                0x10008bb0                _sfread_r
 .text.__ssvfscanf_r
                0x10008c6c     0x19c0 C:/Users/erica/.pico-sdk/toolchain/14_2_Rel1/bin/../lib/gcc/arm-none-eabi/14.2.1/thumb/v6-m/nofp\libg.a(libc_a-svfscanf.o)
                0x10008c6c                __ssvfscanf_r
 .text.__sccl   0x1000a62c       0x80 C:/Users/erica/.pico-sdk/toolchain/14_2_Rel1/bin/../lib/gcc/arm-none-eabi/14.2.1/thumb/v6-m/nofp\libg.a(libc_a-sccl.o)
                0x1000a62c                __sccl
 .text.__submore
                0x1000a6ac       0x84 C:/Users/erica/.pico-sdk/toolchain/14_2_Rel1/bin/../lib/gcc/arm-none-eabi/14.2.1/thumb/v6-m/nofp\libg.a(libc_a-ungetc.o)
                0x1000a6ac                __submore
 .text.strncmp  0x1000a730       0x68 C:/Users/erica/.pico-sdk/toolchain/14_2_Rel1/bin/../lib/gcc/arm-none-eabi/14.2.1/thumb/v6-m/nofp\libg.a(libc_a-strncmp.o)
                0x1000a730                strncmp
 .text.stpncpy  0x1000a798       0x74 C:/Users/erica/.pico-sdk/toolchain/14_2_Rel1/bin/../lib/gcc/arm-none-eabi/14.2.1/thumb/v6-m/nofp\libg.a(libc_a-stpncpy.o)
                0x1000a798                stpncpy
 .text.__locale_mb_cur_max
                0x1000a80c       0x10 C:/Users/erica/.pico-sdk/toolchain/14_2_Rel1/bin/../lib/gcc/arm-none-eabi/14.2.1/thumb/v6-m/nofp\libg.a(libc_a-locale.o)
                0x1000a80c                __locale_mb_cur_max
 .text._localeconv_r
                0x1000a81c        0x8 C:/Users/erica/.pico-sdk/toolchain/14_2_Rel1/bin/../lib/gcc/arm-none-eabi/14.2.1/thumb/v6-m/nofp\libg.a(libc_a-localeconv.o)
                0x1000a81c                _localeconv_r
 .text.nanf     0x1000a824        0x8 C:/Users/erica/.pico-sdk/toolchain/14_2_Rel1/bin/../lib/gcc/arm-none-eabi/14.2.1/thumb/v6-m/nofp\libg.a(libm_a-sf_nan.o)
                0x1000a824                nanf
 .text.__ascii_mbtowc
                0x1000a82c       0x2c C:/Users/erica/.pico-sdk/toolchain/14_2_Rel1/bin/../lib/gcc/arm-none-eabi/14.2.1/thumb/v6-m/nofp\libg.a(libc_a-mbtowc_r.o)
                0x1000a82c                __ascii_mbtowc
 .text.sulp     0x1000a858       0x30 C:/Users/erica/.pico-sdk/toolchain/14_2_Rel1/bin/../lib/gcc/arm-none-eabi/14.2.1/thumb/v6-m/nofp\libg.a(libc_a-strtod.o)
 .text._strtod_l
                0x1000a888      0xfdc C:/Users/erica/.pico-sdk/toolchain/14_2_Rel1/bin/../lib/gcc/arm-none-eabi/14.2.1/thumb/v6-m/nofp\libg.a(libc_a-strtod.o)
                0x1000a888                _strtod_l
 .text._strtod_r
                0x1000b864       0x10 C:/Users/erica/.pico-sdk/toolchain/14_2_Rel1/bin/../lib/gcc/arm-none-eabi/14.2.1/thumb/v6-m/nofp\libg.a(libc_a-strtod.o)
                0x1000b864                _strtod_r
 .text._strtol_l.isra.0
                0x1000b874      0x158 C:/Users/erica/.pico-sdk/toolchain/14_2_Rel1/bin/../lib/gcc/arm-none-eabi/14.2.1/thumb/v6-m/nofp\libg.a(libc_a-strtol.o)
 .text._strtol_r
                0x1000b9cc        0x8 C:/Users/erica/.pico-sdk/toolchain/14_2_Rel1/bin/../lib/gcc/arm-none-eabi/14.2.1/thumb/v6-m/nofp\libg.a(libc_a-strtol.o)
                0x1000b9cc                _strtol_r
 .text.__ascii_wctomb
                0x1000b9d4       0x1c C:/Users/erica/.pico-sdk/toolchain/14_2_Rel1/bin/../lib/gcc/arm-none-eabi/14.2.1/thumb/v6-m/nofp\libg.a(libc_a-wctomb_r.o)
                0x1000b9d4                __ascii_wctomb
 .text._strtoll_l.isra.0
                0x1000b9f0      0x1a0 C:/Users/erica/.pico-sdk/toolchain/14_2_Rel1/bin/../lib/gcc/arm-none-eabi/14.2.1/thumb/v6-m/nofp\libg.a(libc_a-strtoll.o)
 .text._strtoll_r
                0x1000bb90        0x8 C:/Users/erica/.pico-sdk/toolchain/14_2_Rel1/bin/../lib/gcc/arm-none-eabi/14.2.1/thumb/v6-m/nofp\libg.a(libc_a-strtoll.o)
                0x1000bb90                _strtoll_r
 .text._strtoull_l.isra.0
                0x1000bb98      0x1c4 C:/Users/erica/.pico-sdk/toolchain/14_2_Rel1/bin/../lib/gcc/arm-none-eabi/14.2.1/thumb/v6-m/nofp\libg.a(libc_a-strtoull.o)
 .text._strtoull_r
                0x1000bd5c        0x8 C:/Users/erica/.pico-sdk/toolchain/14_2_Rel1/bin/../lib/gcc/arm-none-eabi/14.2.1/thumb/v6-m/nofp\libg.a(libc_a-strtoull.o)
                0x1000bd5c                _strtoull_r
 .text._mbrtowc_r
                0x1000bd64       0x54 C:/Users/erica/.pico-sdk/toolchain/14_2_Rel1/bin/../lib/gcc/arm-none-eabi/14.2.1/thumb/v6-m/nofp\libg.a(libc_a-mbrtowc.o)
                0x1000bd64                _mbrtowc_r
 .text.iswspace
                0x1000bdb8        0xc C:/Users/erica/.pico-sdk/toolchain/14_2_Rel1/bin/../lib/gcc/arm-none-eabi/14.2.1/thumb/v6-m/nofp\libg.a(libc_a-iswspace.o)
                0x1000bdb8                iswspace
 .text.iswspace_l
                0x1000bdc4       0x24 C:/Users/erica/.pico-sdk/toolchain/14_2_Rel1/bin/../lib/gcc/arm-none-eabi/14.2.1/thumb/v6-m/nofp\libg.a(libc_a-iswspace_l.o)
                0x1000bdc4                iswspace_l
 .text.__jp2uc  0x1000bde8      0x154 C:/Users/erica/.pico-sdk/toolchain/14_2_Rel1/bin/../lib/gcc/arm-none-eabi/14.2.1/thumb/v6-m/nofp\libg.a(libc_a-jp2uc.o)
 .text._jp2uc_l
                0x1000bf3c       0x68 C:/Users/erica/.pico-sdk/toolchain/14_2_Rel1/bin/../lib/gcc/arm-none-eabi/14.2.1/thumb/v6-m/nofp\libg.a(libc_a-jp2uc.o)
                0x1000bf3c                _jp2uc_l
 .text.nan      0x1000bfa4        0xc C:/Users/erica/.pico-sdk/toolchain/14_2_Rel1/bin/../lib/gcc/arm-none-eabi/14.2.1/thumb/v6-m/nofp\libg.a(libm_a-s_nan.o)
                0x1000bfa4                nan
 .text.rshift   0x1000bfb0       0xb0 C:/Users/erica/.pico-sdk/toolchain/14_2_Rel1/bin/../lib/gcc/arm-none-eabi/14.2.1/thumb/v6-m/nofp\libg.a(libc_a-gdtoa-gethex.o)
 .text.__gethex
                0x1000c060      0x5f4 C:/Users/erica/.pico-sdk/toolchain/14_2_Rel1/bin/../lib/gcc/arm-none-eabi/14.2.1/thumb/v6-m/nofp\libg.a(libc_a-gdtoa-gethex.o)
                0x1000c060                __gethex
 .text.__match  0x1000c654       0x2c C:/Users/erica/.pico-sdk/toolchain/14_2_Rel1/bin/../lib/gcc/arm-none-eabi/14.2.1/thumb/v6-m/nofp\libg.a(libc_a-gdtoa-hexnan.o)
                0x1000c654                __match
 .text.__hexnan
                0x1000c680      0x208 C:/Users/erica/.pico-sdk/toolchain/14_2_Rel1/bin/../lib/gcc/arm-none-eabi/14.2.1/thumb/v6-m/nofp\libg.a(libc_a-gdtoa-hexnan.o)
                0x1000c680                __hexnan
 .text._Balloc  0x1000c888       0x50 C:/Users/erica/.pico-sdk/toolchain/14_2_Rel1/bin/../lib/gcc/arm-none-eabi/14.2.1/thumb/v6-m/nofp\libg.a(libc_a-mprec.o)
                0x1000c888                _Balloc
 .text._Bfree   0x1000c8d8       0x14 C:/Users/erica/.pico-sdk/toolchain/14_2_Rel1/bin/../lib/gcc/arm-none-eabi/14.2.1/thumb/v6-m/nofp\libg.a(libc_a-mprec.o)
                0x1000c8d8                _Bfree
 .text.__multadd
                0x1000c8ec       0xa4 C:/Users/erica/.pico-sdk/toolchain/14_2_Rel1/bin/../lib/gcc/arm-none-eabi/14.2.1/thumb/v6-m/nofp\libg.a(libc_a-mprec.o)
                0x1000c8ec                __multadd
 .text.__s2b    0x1000c990       0xb0 C:/Users/erica/.pico-sdk/toolchain/14_2_Rel1/bin/../lib/gcc/arm-none-eabi/14.2.1/thumb/v6-m/nofp\libg.a(libc_a-mprec.o)
                0x1000c990                __s2b
 .text.__hi0bits
                0x1000ca40       0x60 C:/Users/erica/.pico-sdk/toolchain/14_2_Rel1/bin/../lib/gcc/arm-none-eabi/14.2.1/thumb/v6-m/nofp\libg.a(libc_a-mprec.o)
                0x1000ca40                __hi0bits
 .text.__lo0bits
                0x1000caa0       0x90 C:/Users/erica/.pico-sdk/toolchain/14_2_Rel1/bin/../lib/gcc/arm-none-eabi/14.2.1/thumb/v6-m/nofp\libg.a(libc_a-mprec.o)
                0x1000caa0                __lo0bits
 .text.__i2b    0x1000cb30       0x60 C:/Users/erica/.pico-sdk/toolchain/14_2_Rel1/bin/../lib/gcc/arm-none-eabi/14.2.1/thumb/v6-m/nofp\libg.a(libc_a-mprec.o)
                0x1000cb30                __i2b
 .text.__multiply
                0x1000cb90      0x1b0 C:/Users/erica/.pico-sdk/toolchain/14_2_Rel1/bin/../lib/gcc/arm-none-eabi/14.2.1/thumb/v6-m/nofp\libg.a(libc_a-mprec.o)
                0x1000cb90                __multiply
 .text.__pow5mult
                0x1000cd40       0xd8 C:/Users/erica/.pico-sdk/toolchain/14_2_Rel1/bin/../lib/gcc/arm-none-eabi/14.2.1/thumb/v6-m/nofp\libg.a(libc_a-mprec.o)
                0x1000cd40                __pow5mult
 .text.__lshift
                0x1000ce18       0xfc C:/Users/erica/.pico-sdk/toolchain/14_2_Rel1/bin/../lib/gcc/arm-none-eabi/14.2.1/thumb/v6-m/nofp\libg.a(libc_a-mprec.o)
                0x1000ce18                __lshift
 .text.__mcmp   0x1000cf14       0x3c C:/Users/erica/.pico-sdk/toolchain/14_2_Rel1/bin/../lib/gcc/arm-none-eabi/14.2.1/thumb/v6-m/nofp\libg.a(libc_a-mprec.o)
                0x1000cf14                __mcmp
 .text.__mdiff  0x1000cf50      0x1a8 C:/Users/erica/.pico-sdk/toolchain/14_2_Rel1/bin/../lib/gcc/arm-none-eabi/14.2.1/thumb/v6-m/nofp\libg.a(libc_a-mprec.o)
                0x1000cf50                __mdiff
 .text.__ulp    0x1000d0f8       0x40 C:/Users/erica/.pico-sdk/toolchain/14_2_Rel1/bin/../lib/gcc/arm-none-eabi/14.2.1/thumb/v6-m/nofp\libg.a(libc_a-mprec.o)
                0x1000d0f8                __ulp
 .text.__b2d    0x1000d138       0xb8 C:/Users/erica/.pico-sdk/toolchain/14_2_Rel1/bin/../lib/gcc/arm-none-eabi/14.2.1/thumb/v6-m/nofp\libg.a(libc_a-mprec.o)
                0x1000d138                __b2d
 .text.__d2b    0x1000d1f0       0xc4 C:/Users/erica/.pico-sdk/toolchain/14_2_Rel1/bin/../lib/gcc/arm-none-eabi/14.2.1/thumb/v6-m/nofp\libg.a(libc_a-mprec.o)
                0x1000d1f0                __d2b
 .text.__ratio  0x1000d2b4       0x68 C:/Users/erica/.pico-sdk/toolchain/14_2_Rel1/bin/../lib/gcc/arm-none-eabi/14.2.1/thumb/v6-m/nofp\libg.a(libc_a-mprec.o)
                0x1000d2b4                __ratio
 .text.__copybits
                0x1000d31c       0x40 C:/Users/erica/.pico-sdk/toolchain/14_2_Rel1/bin/../lib/gcc/arm-none-eabi/14.2.1/thumb/v6-m/nofp\libg.a(libc_a-mprec.o)
                0x1000d31c                __copybits
 .text.__any_on
                0x1000d35c       0x4c C:/Users/erica/.pico-sdk/toolchain/14_2_Rel1/bin/../lib/gcc/arm-none-eabi/14.2.1/thumb/v6-m/nofp\libg.a(libc_a-mprec.o)
                0x1000d35c                __any_on
 .text.category
                0x1000d3a8       0x54 C:/Users/erica/.pico-sdk/toolchain/14_2_Rel1/bin/../lib/gcc/arm-none-eabi/14.2.1/thumb/v6-m/nofp\libg.a(libc_a-categories.o)
                0x1000d3a8                category
 *(.fini)
 .fini          0x1000d3fc        0x4 C:/Users/erica/.pico-sdk/toolchain/14_2_Rel1/bin/../lib/gcc/arm-none-eabi/14.2.1/thumb/v6-m/nofp/crti.o
                0x1000d3fc                _fini
 .fini.__stub   0x1000d400       0xd0 linker stubs
 *crtbegin.o(.ctors)
 *crtbegin?.o(.ctors)
 *(EXCLUDE_FILE(*crtend.o *crtend?.o) .ctors)
 *(SORT_BY_NAME(.ctors.*))
 *(.ctors)
 *crtbegin.o(.dtors)
 *crtbegin?.o(.dtors)
 *(EXCLUDE_FILE(*crtend.o *crtend?.o) .dtors)
 *(SORT_BY_NAME(.dtors.*))
 *(.dtors)
                0x1000d4d0                        . = ALIGN (0x4)
                0x1000d4d0                        PROVIDE (__preinit_array_start = .)
 *(SORT_BY_NAME(.preinit_array.*))
 .preinit_array.00100
                0x1000d4d0        0x4 CMakeFiles/simple_pwm.dir/C_/Users/erica/.pico-sdk/sdk/2.1.1/src/rp2_common/pico_runtime_init/runtime_init.c.obj
                0x1000d4d0                __pre_init_runtime_init_early_resets
 .preinit_array.00101
                0x1000d4d4        0x4 CMakeFiles/simple_pwm.dir/C_/Users/erica/.pico-sdk/sdk/2.1.1/src/rp2_common/pico_runtime_init/runtime_init.c.obj
                0x1000d4d4                __pre_init_runtime_init_usb_power_down
 .preinit_array.00275
                0x1000d4d8        0x4 CMakeFiles/simple_pwm.dir/C_/Users/erica/.pico-sdk/sdk/2.1.1/src/rp2_common/pico_bit_ops/bit_ops_aeabi.S.obj
 .preinit_array.00300
                0x1000d4dc        0x4 CMakeFiles/simple_pwm.dir/C_/Users/erica/.pico-sdk/sdk/2.1.1/src/rp2_common/pico_mem_ops/mem_ops_aeabi.S.obj
 .preinit_array.00350
                0x1000d4e0        0x4 CMakeFiles/simple_pwm.dir/C_/Users/erica/.pico-sdk/sdk/2.1.1/src/rp2_common/pico_double/double_aeabi_rp2040.S.obj
 .preinit_array.00350
                0x1000d4e4        0x4 CMakeFiles/simple_pwm.dir/C_/Users/erica/.pico-sdk/sdk/2.1.1/src/rp2_common/pico_float/float_aeabi_rp2040.S.obj
 .preinit_array.00500
                0x1000d4e8        0x4 CMakeFiles/simple_pwm.dir/C_/Users/erica/.pico-sdk/sdk/2.1.1/src/rp2_common/pico_runtime_init/runtime_init.c.obj
                0x1000d4e8                __pre_init_runtime_init_clocks
 .preinit_array.00600
                0x1000d4ec        0x4 CMakeFiles/simple_pwm.dir/C_/Users/erica/.pico-sdk/sdk/2.1.1/src/rp2_common/pico_runtime_init/runtime_init.c.obj
                0x1000d4ec                __pre_init_runtime_init_post_clock_resets
 .preinit_array.00700
                0x1000d4f0        0x4 CMakeFiles/simple_pwm.dir/C_/Users/erica/.pico-sdk/sdk/2.1.1/src/rp2_common/pico_runtime_init/runtime_init.c.obj
                0x1000d4f0                __pre_init_runtime_init_rp2040_gpio_ie_disable
 .preinit_array.01000
                0x1000d4f4        0x4 CMakeFiles/simple_pwm.dir/C_/Users/erica/.pico-sdk/sdk/2.1.1/src/rp2_common/pico_runtime_init/runtime_init.c.obj
                0x1000d4f4                __pre_init_runtime_init_spin_locks_reset
 .preinit_array.01100
                0x1000d4f8        0x4 CMakeFiles/simple_pwm.dir/C_/Users/erica/.pico-sdk/sdk/2.1.1/src/common/pico_sync/mutex.c.obj
                0x1000d4f8                __pre_init_runtime_init_mutex
 .preinit_array.10080
                0x1000d4fc        0x4 CMakeFiles/simple_pwm.dir/C_/Users/erica/.pico-sdk/sdk/2.1.1/src/rp2_common/pico_runtime_init/runtime_init.c.obj
                0x1000d4fc                __pre_init_runtime_init_install_ram_vector_table
 .preinit_array.11000
                0x1000d500        0x4 CMakeFiles/simple_pwm.dir/C_/Users/erica/.pico-sdk/sdk/2.1.1/src/common/pico_time/time.c.obj
                0x1000d500                __pre_init_runtime_init_default_alarm_pool
 .preinit_array.YYYYY
                0x1000d504        0x4 CMakeFiles/simple_pwm.dir/C_/Users/erica/.pico-sdk/sdk/2.1.1/src/rp2_common/pico_runtime/runtime.c.obj
                0x1000d504                __pre_init_first_per_core_initializer
 .preinit_array.ZZZZZ.01200
                0x1000d508        0x4 CMakeFiles/simple_pwm.dir/C_/Users/erica/.pico-sdk/sdk/2.1.1/src/rp2_common/hardware_irq/irq.c.obj
                0x1000d508                __pre_init_runtime_init_per_core_irq_priorities
 *(.preinit_array)
                0x1000d50c                        PROVIDE (__preinit_array_end = .)
                0x1000d50c                        . = ALIGN (0x4)
                0x1000d50c                        PROVIDE (__init_array_start = .)
 *(SORT_BY_NAME(.init_array.*))
 *(.init_array)
 .init_array    0x1000d50c        0x4 C:/Users/erica/.pico-sdk/toolchain/14_2_Rel1/bin/../lib/gcc/arm-none-eabi/14.2.1/thumb/v6-m/nofp/crtbegin.o
 .init_array    0x1000d510        0x4 CMakeFiles/simple_pwm.dir/C_/Users/erica/.pico-sdk/sdk/2.1.1/src/rp2_common/pico_unique_id/unique_id.c.obj
 .init_array    0x1000d514        0x4 CMakeFiles/simple_pwm.dir/C_/Users/erica/.pico-sdk/sdk/2.1.1/src/rp2_common/pico_bootsel_via_double_reset/pico_bootsel_via_double_reset.c.obj
                0x1000d518                        PROVIDE (__init_array_end = .)
                0x1000d518                        . = ALIGN (0x4)
                [!provide]                        PROVIDE (__fini_array_start = .)
 *(SORT_BY_NAME(.fini_array.*))
 *(.fini_array)
                [!provide]                        PROVIDE (__fini_array_end = .)
 *(.eh_frame*)
 .eh_frame      0x1000d518        0x0 C:/Users/erica/.pico-sdk/toolchain/14_2_Rel1/bin/../lib/gcc/arm-none-eabi/14.2.1/thumb/v6-m/nofp/crtbegin.o
                0x1000d518                        . = ALIGN (0x4)

.glue_7         0x1000d518        0x0
 .glue_7        0x1000d518        0x0 linker stubs

.glue_7t        0x1000d518        0x0
 .glue_7t       0x1000d518        0x0 linker stubs

.vfp11_veneer   0x1000d518        0x0
 .vfp11_veneer  0x1000d518        0x0 linker stubs

.v4_bx          0x1000d518        0x0
 .v4_bx         0x1000d518        0x0 linker stubs

.iplt           0x1000d518        0x0
 .iplt          0x1000d518        0x0 C:/Users/erica/.pico-sdk/toolchain/14_2_Rel1/bin/../lib/gcc/arm-none-eabi/14.2.1/thumb/v6-m/nofp/crtbegin.o

.rodata         0x1000d518     0x7b24
 *(EXCLUDE_FILE(*libm.a: *libc.a:*lib_a-mem*.o *libgcc.a:) .rodata*)
 .rodata.core1_entry.str1.4
                0x1000d518      0x366 CMakeFiles/simple_pwm.dir/simple_pwm.c.obj
                                  0x9 (size before relaxing)
 .rodata.main.str1.4
                0x1000d87e        0xb CMakeFiles/simple_pwm.dir/simple_pwm.c.obj
 .rodata.panic.str1.4
                0x1000d87e       0x12 CMakeFiles/simple_pwm.dir/C_/Users/erica/.pico-sdk/sdk/2.1.1/src/rp2_common/pico_platform_panic/panic.c.obj
 .rodata.spin_lock_claim_unused.str1.4
                0x1000d87e       0x1b CMakeFiles/simple_pwm.dir/C_/Users/erica/.pico-sdk/sdk/2.1.1/src/rp2_common/hardware_sync/sync.c.obj
 .rodata.user_irq_claim_unused.str1.4
                0x1000d87e       0x1b CMakeFiles/simple_pwm.dir/C_/Users/erica/.pico-sdk/sdk/2.1.1/src/rp2_common/hardware_irq/irq.c.obj
 .rodata.timer_hardware_alarm_claim.str1.4
                0x1000d87e       0x22 CMakeFiles/simple_pwm.dir/C_/Users/erica/.pico-sdk/sdk/2.1.1/src/rp2_common/hardware_timer/timer.c.obj
 .rodata.hard_assertion_failure.str1.4
                0x1000d87e        0xc CMakeFiles/simple_pwm.dir/C_/Users/erica/.pico-sdk/sdk/2.1.1/src/rp2_common/pico_runtime/runtime.c.obj
 .rodata.__wrap_malloc.str1.4
                0x1000d87e        0xe CMakeFiles/simple_pwm.dir/C_/Users/erica/.pico-sdk/sdk/2.1.1/src/rp2_common/pico_malloc/malloc.c.obj
 .rodata.str1.4
                0x1000d87e       0x44 CMakeFiles/simple_pwm.dir/C_/Users/erica/.pico-sdk/sdk/2.1.1/src/rp2_common/pico_standard_binary_info/standard_binary_info.c.obj
 *fill*         0x1000d87e        0x2 
 .rodata.__bi_84
                0x1000d880        0xc CMakeFiles/simple_pwm.dir/C_/Users/erica/.pico-sdk/sdk/2.1.1/src/rp2_common/pico_standard_binary_info/standard_binary_info.c.obj
 .rodata.__bi_78
                0x1000d88c        0xc CMakeFiles/simple_pwm.dir/C_/Users/erica/.pico-sdk/sdk/2.1.1/src/rp2_common/pico_standard_binary_info/standard_binary_info.c.obj
 .rodata.__bi_60
                0x1000d898        0xc CMakeFiles/simple_pwm.dir/C_/Users/erica/.pico-sdk/sdk/2.1.1/src/rp2_common/pico_standard_binary_info/standard_binary_info.c.obj
 .rodata.__bi_54
                0x1000d8a4        0xc CMakeFiles/simple_pwm.dir/C_/Users/erica/.pico-sdk/sdk/2.1.1/src/rp2_common/pico_standard_binary_info/standard_binary_info.c.obj
 .rodata.__bi_48
                0x1000d8b0        0xc CMakeFiles/simple_pwm.dir/C_/Users/erica/.pico-sdk/sdk/2.1.1/src/rp2_common/pico_standard_binary_info/standard_binary_info.c.obj
 .rodata.__bi_42
                0x1000d8bc        0xc CMakeFiles/simple_pwm.dir/C_/Users/erica/.pico-sdk/sdk/2.1.1/src/rp2_common/pico_standard_binary_info/standard_binary_info.c.obj
 .rodata.__bi_34
                0x1000d8c8        0xc CMakeFiles/simple_pwm.dir/C_/Users/erica/.pico-sdk/sdk/2.1.1/src/rp2_common/pico_standard_binary_info/standard_binary_info.c.obj
 .rodata.__bi_26
                0x1000d8d4        0xc CMakeFiles/simple_pwm.dir/C_/Users/erica/.pico-sdk/sdk/2.1.1/src/rp2_common/pico_standard_binary_info/standard_binary_info.c.obj
 .rodata._ftoa.str1.4
                0x1000d8e0       0x15 CMakeFiles/simple_pwm.dir/C_/Users/erica/.pico-sdk/sdk/2.1.1/src/rp2_common/pico_printf/printf.c.obj
 .rodata._vsnprintf
                0x1000d8e0      0x19c CMakeFiles/simple_pwm.dir/C_/Users/erica/.pico-sdk/sdk/2.1.1/src/rp2_common/pico_printf/printf.c.obj
 *fill*         0x1000da7c        0x4 
 .rodata.pow10.0
                0x1000da80       0x50 CMakeFiles/simple_pwm.dir/C_/Users/erica/.pico-sdk/sdk/2.1.1/src/rp2_common/pico_printf/printf.c.obj
 .rodata.__assert_func.str1.4
                0x1000dad0       0x43 CMakeFiles/simple_pwm.dir/C_/Users/erica/.pico-sdk/sdk/2.1.1/src/rp2_common/pico_clib_interface/newlib_interface.c.obj
 .rodata.crlf_str.0
                0x1000dad0        0x2 CMakeFiles/simple_pwm.dir/C_/Users/erica/.pico-sdk/sdk/2.1.1/src/rp2_common/pico_stdio/stdio.c.obj
 .rodata.str1.4
                0x1000dad2       0x2c CMakeFiles/simple_pwm.dir/C_/Users/erica/.pico-sdk/sdk/2.1.1/src/rp2_common/pico_stdio_uart/stdio_uart.c.obj
 *fill*         0x1000dad2        0x2 
 .rodata.__bi_45.4
                0x1000dad4        0xc CMakeFiles/simple_pwm.dir/C_/Users/erica/.pico-sdk/sdk/2.1.1/src/rp2_common/pico_stdio_uart/stdio_uart.c.obj
 .rodata.__bi_49.5
                0x1000dae0        0x8 CMakeFiles/simple_pwm.dir/C_/Users/erica/.pico-sdk/sdk/2.1.1/src/rp2_common/pico_stdio_uart/stdio_uart.c.obj
 .rodata.__bi_50.6
                0x1000dae8        0x8 CMakeFiles/simple_pwm.dir/C_/Users/erica/.pico-sdk/sdk/2.1.1/src/rp2_common/pico_stdio_uart/stdio_uart.c.obj
 .rodata._resetd_driver
                0x1000daf0       0x20 CMakeFiles/simple_pwm.dir/C_/Users/erica/.pico-sdk/sdk/2.1.1/src/rp2_common/pico_stdio_usb/reset_interface.c.obj
 .rodata.desc_ms_os_20
                0x1000db10       0xa6 CMakeFiles/simple_pwm.dir/C_/Users/erica/.pico-sdk/sdk/2.1.1/src/rp2_common/pico_stdio_usb/reset_interface.c.obj
 *fill*         0x1000dbb6        0x2 
 .rodata.desc_bos
                0x1000dbb8       0x21 CMakeFiles/simple_pwm.dir/C_/Users/erica/.pico-sdk/sdk/2.1.1/src/rp2_common/pico_stdio_usb/reset_interface.c.obj
                0x1000dbb8                desc_bos
 .rodata.str1.4
                0x1000dbd9       0x13 CMakeFiles/simple_pwm.dir/C_/Users/erica/.pico-sdk/sdk/2.1.1/src/rp2_common/pico_stdio_usb/stdio_usb.c.obj
 *fill*         0x1000dbd9        0x3 
 .rodata.__bi_197.0
                0x1000dbdc        0xc CMakeFiles/simple_pwm.dir/C_/Users/erica/.pico-sdk/sdk/2.1.1/src/rp2_common/pico_stdio_usb/stdio_usb.c.obj
 .rodata.str1.4
                0x1000dbe8       0x2a CMakeFiles/simple_pwm.dir/C_/Users/erica/.pico-sdk/sdk/2.1.1/src/rp2_common/pico_stdio_usb/stdio_usb_descriptors.c.obj
 .rodata.usbd_desc_str
                0x1000dbe8       0x18 CMakeFiles/simple_pwm.dir/C_/Users/erica/.pico-sdk/sdk/2.1.1/src/rp2_common/pico_stdio_usb/stdio_usb_descriptors.c.obj
 .rodata.usbd_desc_cfg
                0x1000dc00       0x54 CMakeFiles/simple_pwm.dir/C_/Users/erica/.pico-sdk/sdk/2.1.1/src/rp2_common/pico_stdio_usb/stdio_usb_descriptors.c.obj
 .rodata.usbd_desc_device
                0x1000dc54       0x12 CMakeFiles/simple_pwm.dir/C_/Users/erica/.pico-sdk/sdk/2.1.1/src/rp2_common/pico_stdio_usb/stdio_usb_descriptors.c.obj
 .rodata.str1.4
                0x1000dc66       0x14 CMakeFiles/simple_pwm.dir/C_/Users/erica/.pico-sdk/sdk/2.1.1/lib/tinyusb/src/portable/raspberrypi/rp2040/dcd_rp2040.c.obj
 .rodata.str1.4
                0x1000dc66       0x48 CMakeFiles/simple_pwm.dir/C_/Users/erica/.pico-sdk/sdk/2.1.1/lib/tinyusb/src/portable/raspberrypi/rp2040/rp2040_usb.c.obj
 *fill*         0x1000dc66        0x2 
 .rodata.tud_task_ext
                0x1000dc68       0x8c CMakeFiles/simple_pwm.dir/C_/Users/erica/.pico-sdk/sdk/2.1.1/lib/tinyusb/src/device/usbd.c.obj
 .rodata        0x1000dcf4       0x1c CMakeFiles/simple_pwm.dir/C_/Users/erica/.pico-sdk/sdk/2.1.1/lib/tinyusb/src/device/usbd.c.obj
 .rodata._usbd_driver
                0x1000dd10       0x40 CMakeFiles/simple_pwm.dir/C_/Users/erica/.pico-sdk/sdk/2.1.1/lib/tinyusb/src/device/usbd.c.obj
 .rodata.str1.4
                0x1000dd50       0x18 CMakeFiles/simple_pwm.dir/C_/Users/erica/.pico-sdk/sdk/2.1.1/src/rp2_common/pico_bootsel_via_double_reset/pico_bootsel_via_double_reset.c.obj
 .rodata.__bi_50
                0x1000dd50        0xc CMakeFiles/simple_pwm.dir/C_/Users/erica/.pico-sdk/sdk/2.1.1/src/rp2_common/pico_bootsel_via_double_reset/pico_bootsel_via_double_reset.c.obj
 .rodata._ctype_